Archive member included because of file (symbol)

c:/winavr-20081205/bin/../lib/gcc/avr/4.3.2/../../../../avr/lib/avr5\libc.a(exit.o)
                              c:/winavr-20081205/bin/../lib/gcc/avr/4.3.2/../../../../avr/lib/avr5/crtm640.o (exit)
c:/winavr-20081205/bin/../lib/gcc/avr/4.3.2/avr5\libgcc.a(_udivmodhi4.o)
                              buffer.o (__udivmodhi4)
c:/winavr-20081205/bin/../lib/gcc/avr/4.3.2/avr5\libgcc.a(_divmodhi4.o)
                              testXBee.o (__divmodhi4)
c:/winavr-20081205/bin/../lib/gcc/avr/4.3.2/avr5\libgcc.a(_udivmodsi4.o)
                              uart4.o (__udivmodsi4)
c:/winavr-20081205/bin/../lib/gcc/avr/4.3.2/avr5\libgcc.a(_divmodsi4.o)
                              testXBee.o (__divmodsi4)
c:/winavr-20081205/bin/../lib/gcc/avr/4.3.2/avr5\libgcc.a(_exit.o)
                              c:/winavr-20081205/bin/../lib/gcc/avr/4.3.2/../../../../avr/lib/avr5\libc.a(exit.o) (_exit)
c:/winavr-20081205/bin/../lib/gcc/avr/4.3.2/avr5\libgcc.a(_copy_data.o)
                              testXBee.o (__do_copy_data)
c:/winavr-20081205/bin/../lib/gcc/avr/4.3.2/avr5\libgcc.a(_clear_bss.o)
                              testXBee.o (__do_clear_bss)

Allocating common symbols
Common symbol       size              file

uartReadyTx         0x4               uart4.o
uartRxBuffer        0x20              uart4.o
uartBufferedTx      0x4               uart4.o
uartTxBuffer        0x20              uart4.o
uartRxOverflow      0x8               uart4.o

Memory Configuration

Name             Origin             Length             Attributes
text             0x00000000         0x00020000         xr
data             0x00800060         0x0000ffa0         rw !x
eeprom           0x00810000         0x00010000         rw !x
fuse             0x00820000         0x00000400         rw !x
lock             0x00830000         0x00000400         rw !x
signature        0x00840000         0x00000400         rw !x
*default*        0x00000000         0xffffffff

Linker script and memory map

Address of section .data set to 0x800200
LOAD c:/winavr-20081205/bin/../lib/gcc/avr/4.3.2/../../../../avr/lib/avr5/crtm640.o
LOAD testXBee.o
LOAD uart4.o
LOAD buffer.o
LOAD c:/winavr-20081205/bin/../lib/gcc/avr/4.3.2/../../../../avr/lib/avr5\libc.a
LOAD c:/winavr-20081205/bin/../lib/gcc/avr/4.3.2/../../../../avr/lib/avr5\libm.a
LOAD c:/winavr-20081205/bin/../lib/gcc/avr/4.3.2/avr5\libgcc.a
LOAD c:/winavr-20081205/bin/../lib/gcc/avr/4.3.2/../../../../avr/lib/avr5\libc.a
LOAD c:/winavr-20081205/bin/../lib/gcc/avr/4.3.2/avr5\libgcc.a

.hash
 *(.hash)

.dynsym
 *(.dynsym)

.dynstr
 *(.dynstr)

.gnu.version
 *(.gnu.version)

.gnu.version_d
 *(.gnu.version_d)

.gnu.version_r
 *(.gnu.version_r)

.rel.init
 *(.rel.init)

.rela.init
 *(.rela.init)

.rel.text
 *(.rel.text)
 *(.rel.text.*)
 *(.rel.gnu.linkonce.t*)

.rela.text
 *(.rela.text)
 *(.rela.text.*)
 *(.rela.gnu.linkonce.t*)

.rel.fini
 *(.rel.fini)

.rela.fini
 *(.rela.fini)

.rel.rodata
 *(.rel.rodata)
 *(.rel.rodata.*)
 *(.rel.gnu.linkonce.r*)

.rela.rodata
 *(.rela.rodata)
 *(.rela.rodata.*)
 *(.rela.gnu.linkonce.r*)

.rel.data
 *(.rel.data)
 *(.rel.data.*)
 *(.rel.gnu.linkonce.d*)

.rela.data
 *(.rela.data)
 *(.rela.data.*)
 *(.rela.gnu.linkonce.d*)

.rel.ctors
 *(.rel.ctors)

.rela.ctors
 *(.rela.ctors)

.rel.dtors
 *(.rel.dtors)

.rela.dtors
 *(.rela.dtors)

.rel.got
 *(.rel.got)

.rela.got
 *(.rela.got)

.rel.bss
 *(.rel.bss)

.rela.bss
 *(.rela.bss)

.rel.plt
 *(.rel.plt)

.rela.plt
 *(.rela.plt)

.text           0x00000000     0x1250
 *(.vectors)
 .vectors       0x00000000       0xe4 c:/winavr-20081205/bin/../lib/gcc/avr/4.3.2/../../../../avr/lib/avr5/crtm640.o
                0x00000000                __vectors
                0x00000000                __vector_default
 *(.vectors)
 *(.progmem.gcc*)
 *(.progmem*)
                0x000000e4                . = ALIGN (0x2)
                0x000000e4                __trampolines_start = .
 *(.trampolines)
 .trampolines   0x000000e4        0x0 linker stubs
 *(.trampolines*)
                0x000000e4                __trampolines_end = .
 *(.jumptables)
 *(.jumptables*)
 *(.lowtext)
 *(.lowtext*)
                0x000000e4                __ctors_start = .
 *(.ctors)
                0x000000e4                __ctors_end = .
                0x000000e4                __dtors_start = .
 *(.dtors)
                0x000000e4                __dtors_end = .
 SORT(*)(.ctors)
 SORT(*)(.dtors)
 *(.init0)
 .init0         0x000000e4        0x0 c:/winavr-20081205/bin/../lib/gcc/avr/4.3.2/../../../../avr/lib/avr5/crtm640.o
                0x000000e4                __init
 *(.init0)
 *(.init1)
 *(.init1)
 *(.init2)
 .init2         0x000000e4        0xc c:/winavr-20081205/bin/../lib/gcc/avr/4.3.2/../../../../avr/lib/avr5/crtm640.o
 *(.init2)
 *(.init3)
 *(.init3)
 *(.init4)
 .init4         0x000000f0       0x16 c:/winavr-20081205/bin/../lib/gcc/avr/4.3.2/avr5\libgcc.a(_copy_data.o)
                0x000000f0                __do_copy_data
 .init4         0x00000106       0x10 c:/winavr-20081205/bin/../lib/gcc/avr/4.3.2/avr5\libgcc.a(_clear_bss.o)
                0x00000106                __do_clear_bss
 *(.init4)
 *(.init5)
 *(.init5)
 *(.init6)
 *(.init6)
 *(.init7)
 *(.init7)
 *(.init8)
 *(.init8)
 *(.init9)
 .init9         0x00000116        0x8 c:/winavr-20081205/bin/../lib/gcc/avr/4.3.2/../../../../avr/lib/avr5/crtm640.o
 *(.init9)
 *(.text)
 .text          0x0000011e        0x4 c:/winavr-20081205/bin/../lib/gcc/avr/4.3.2/../../../../avr/lib/avr5/crtm640.o
                0x0000011e                __vector_22
                0x0000011e                __vector_28
                0x0000011e                __vector_1
                0x0000011e                __vector_32
                0x0000011e                __vector_34
                0x0000011e                __vector_24
                0x0000011e                __vector_12
                0x0000011e                __vector_55
                0x0000011e                __vector_46
                0x0000011e                __bad_interrupt
                0x0000011e                __vector_6
                0x0000011e                __vector_31
                0x0000011e                __vector_35
                0x0000011e                __vector_39
                0x0000011e                __vector_3
                0x0000011e                __vector_23
                0x0000011e                __vector_30
                0x0000011e                __vector_45
                0x0000011e                __vector_11
                0x0000011e                __vector_13
                0x0000011e                __vector_17
                0x0000011e                __vector_19
                0x0000011e                __vector_7
                0x0000011e                __vector_49
                0x0000011e                __vector_41
                0x0000011e                __vector_43
                0x0000011e                __vector_5
                0x0000011e                __vector_33
                0x0000011e                __vector_47
                0x0000011e                __vector_52
                0x0000011e                __vector_37
                0x0000011e                __vector_4
                0x0000011e                __vector_44
                0x0000011e                __vector_9
                0x0000011e                __vector_2
                0x0000011e                __vector_21
                0x0000011e                __vector_15
                0x0000011e                __vector_29
                0x0000011e                __vector_40
                0x0000011e                __vector_8
                0x0000011e                __vector_26
                0x0000011e                __vector_48
                0x0000011e                __vector_14
                0x0000011e                __vector_10
                0x0000011e                __vector_50
                0x0000011e                __vector_16
                0x0000011e                __vector_18
                0x0000011e                __vector_20
                0x0000011e                __vector_42
 .text          0x00000122      0x688 testXBee.o
                0x00000540                PWM_timer3_Off_All
                0x000004aa                PWM_timer3_Off_E4
                0x000006a2                sin_SoR
                0x0000019e                PWM_Init_timer3_E3
                0x0000025e                PWM_Init_timer4_H3
                0x0000043e                PWM_timer4_On_H3
                0x00000522                PWM_timer2_Off_All
                0x000005e4                PWM_timer4_Set_H4
                0x00000628                delay_cycles
                0x000005c6                PWM_timer3_Set_E4
                0x00000576                PWM_timer4_Off_All
                0x0000062e                LED_on
                0x000005ac                PWM_timer1_Set_LED
                0x000005bc                PWM_timer3_Set_E3
                0x000005b6                PWM_timer2_Set_H6
                0x00000162                PWM_Init_timer2_H6
                0x000005ee                PWM_timer4_Set_H5
                0x0000031e                timer1PWMInitICR
                0x000003f6                PWM_timer2_On_H6
                0x00000486                PWM_timer2_Off_H6
                0x00000122                PWM_Init_timer1_LED
                0x000003a2                timer4PWMInitICR
                0x0000064c                cos_SoR
                0x0000062a                LED_off
                0x00000450                PWM_timer4_On_H4
                0x00000408                PWM_timer3_On_E3
                0x00000360                timer3PWMInitICR
                0x000004ce                PWM_timer4_Off_H3
                0x00000798                main
                0x00000632                button_pressed
                0x00000498                PWM_timer3_Off_E3
                0x000005da                PWM_timer4_Set_H3
                0x000004e0                PWM_timer4_Off_H4
                0x000001de                PWM_Init_timer3_E4
                0x000005f8                configure_ports
                0x00000700                tan_SoR
                0x0000029e                PWM_Init_timer4_H4
                0x000003e4                PWM_timer1_On_LED
                0x00000462                PWM_timer4_On_H5
                0x0000021e                PWM_Init_timer3_E5
                0x000004f2                PWM_timer4_Off_H5
                0x0000041a                PWM_timer3_On_E4
                0x0000042c                PWM_timer3_On_E5
                0x00000474                PWM_timer1_Off_LED
                0x000004bc                PWM_timer3_Off_E5
                0x000002de                PWM_Init_timer4_H5
                0x00000504                PWM_timer1_Off_All
                0x000005d0                PWM_timer3_Set_E5
 .text          0x000007aa      0x874 uart4.o
                0x00000cb8                __vector_38
                0x00000d4c                uartSendTxBuffer
                0x000008f2                uartReceiveService
                0x00000b7e                uart2AddToTxBuffer
                0x0000085a                uartSendByte
                0x00000fb4                uart0InitBuffers
                0x000008bc                uart2SendByte
                0x00000e36                uart1GetByte
                0x00000d7a                uartReceiveByte
                0x00000a92                uartSendBuffer
                0x00000a48                __vector_25
                0x00000e66                uart0GetByte
                0x00000b5c                uartAddToTxBuffer
                0x0000096a                __vector_54
                0x000008c6                uart3SendByte
                0x00000ba2                uartTransmitService
                0x000007aa                uartSetRxHandler
                0x00000c24                __vector_56
                0x00000fd6                uart0Init
                0x00000f7e                uart1Init
                0x00000e96                uartFlushReceiveBuffer
                0x00000d02                __vector_27
                0x0000100c                uartInit
                0x000008a8                uart0SendByte
                0x000008d0                uartReceiveBufferIsEmpty
                0x00000ece                uart3Init
                0x000007c0                uartSetBaudRate
                0x00000b72                uart3AddToTxBuffer
                0x00000eac                uart3InitBuffers
                0x000008b2                uart1SendByte
                0x00000844                uartGetTxBuffer
                0x000009b4                __vector_51
                0x0000082e                uartGetRxBuffer
                0x00000f26                uart2Init
                0x000009fe                __vector_36
                0x00000f5c                uart1InitBuffers
                0x00000b96                uart0AddToTxBuffer
                0x00000f04                uart2InitBuffers
                0x00000e06                uart2GetByte
                0x00000c6e                __vector_53
                0x00000dd6                uart3GetByte
                0x00000b8a                uart1AddToTxBuffer
 .text          0x0000101e      0x160 buffer.o
                0x00001158                bufferIsNotFull
                0x00001038                bufferGetFromFront
                0x000010e2                bufferGetAtIndex
                0x0000109e                bufferDumpFromFront
                0x0000101e                bufferInit
                0x0000110a                bufferAddToEnd
                0x00001170                bufferFlush
 .text          0x0000117e        0x6 c:/winavr-20081205/bin/../lib/gcc/avr/4.3.2/../../../../avr/lib/avr5\libc.a(exit.o)
                0x0000117e                exit
 .text          0x00001184        0x0 c:/winavr-20081205/bin/../lib/gcc/avr/4.3.2/avr5\libgcc.a(_udivmodhi4.o)
 .text          0x00001184        0x0 c:/winavr-20081205/bin/../lib/gcc/avr/4.3.2/avr5\libgcc.a(_divmodhi4.o)
 .text          0x00001184        0x0 c:/winavr-20081205/bin/../lib/gcc/avr/4.3.2/avr5\libgcc.a(_udivmodsi4.o)
 .text          0x00001184        0x0 c:/winavr-20081205/bin/../lib/gcc/avr/4.3.2/avr5\libgcc.a(_divmodsi4.o)
 .text          0x00001184        0x0 c:/winavr-20081205/bin/../lib/gcc/avr/4.3.2/avr5\libgcc.a(_exit.o)
 .text          0x00001184        0x0 c:/winavr-20081205/bin/../lib/gcc/avr/4.3.2/avr5\libgcc.a(_copy_data.o)
 .text          0x00001184        0x0 c:/winavr-20081205/bin/../lib/gcc/avr/4.3.2/avr5\libgcc.a(_clear_bss.o)
                0x00001184                . = ALIGN (0x2)
 *(.text.*)
 .text.libgcc   0x00001184       0x28 c:/winavr-20081205/bin/../lib/gcc/avr/4.3.2/avr5\libgcc.a(_udivmodhi4.o)
                0x00001184                __udivmodhi4
 .text.libgcc   0x000011ac       0x26 c:/winavr-20081205/bin/../lib/gcc/avr/4.3.2/avr5\libgcc.a(_divmodhi4.o)
                0x000011ac                __divmodhi4
                0x000011ac                _div
 .text.libgcc   0x000011d2       0x44 c:/winavr-20081205/bin/../lib/gcc/avr/4.3.2/avr5\libgcc.a(_udivmodsi4.o)
                0x000011d2                __udivmodsi4
 .text.libgcc   0x00001216       0x36 c:/winavr-20081205/bin/../lib/gcc/avr/4.3.2/avr5\libgcc.a(_divmodsi4.o)
                0x00001216                __divmodsi4
 .text.libgcc   0x0000124c        0x0 c:/winavr-20081205/bin/../lib/gcc/avr/4.3.2/avr5\libgcc.a(_exit.o)
 .text.libgcc   0x0000124c        0x0 c:/winavr-20081205/bin/../lib/gcc/avr/4.3.2/avr5\libgcc.a(_copy_data.o)
 .text.libgcc   0x0000124c        0x0 c:/winavr-20081205/bin/../lib/gcc/avr/4.3.2/avr5\libgcc.a(_clear_bss.o)
                0x0000124c                . = ALIGN (0x2)
 *(.fini9)
 .fini9         0x0000124c        0x0 c:/winavr-20081205/bin/../lib/gcc/avr/4.3.2/avr5\libgcc.a(_exit.o)
                0x0000124c                _exit
 *(.fini9)
 *(.fini8)
 *(.fini8)
 *(.fini7)
 *(.fini7)
 *(.fini6)
 *(.fini6)
 *(.fini5)
 *(.fini5)
 *(.fini4)
 *(.fini4)
 *(.fini3)
 *(.fini3)
 *(.fini2)
 *(.fini2)
 *(.fini1)
 *(.fini1)
 *(.fini0)
 .fini0         0x0000124c        0x4 c:/winavr-20081205/bin/../lib/gcc/avr/4.3.2/avr5\libgcc.a(_exit.o)
 *(.fini0)
                0x00001250                _etext = .

.data           0x00800200       0x92 load address 0x00001250
                0x00800200                PROVIDE (__data_start, .)
 *(.data)
 .data          0x00800200        0x0 c:/winavr-20081205/bin/../lib/gcc/avr/4.3.2/../../../../avr/lib/avr5/crtm640.o
 .data          0x00800200       0x92 testXBee.o
                0x00800200                angtable
 .data          0x00800292        0x0 uart4.o
 .data          0x00800292        0x0 buffer.o
 .data          0x00800292        0x0 c:/winavr-20081205/bin/../lib/gcc/avr/4.3.2/../../../../avr/lib/avr5\libc.a(exit.o)
 .data          0x00800292        0x0 c:/winavr-20081205/bin/../lib/gcc/avr/4.3.2/avr5\libgcc.a(_udivmodhi4.o)
 .data          0x00800292        0x0 c:/winavr-20081205/bin/../lib/gcc/avr/4.3.2/avr5\libgcc.a(_divmodhi4.o)
 .data          0x00800292        0x0 c:/winavr-20081205/bin/../lib/gcc/avr/4.3.2/avr5\libgcc.a(_udivmodsi4.o)
 .data          0x00800292        0x0 c:/winavr-20081205/bin/../lib/gcc/avr/4.3.2/avr5\libgcc.a(_divmodsi4.o)
 .data          0x00800292        0x0 c:/winavr-20081205/bin/../lib/gcc/avr/4.3.2/avr5\libgcc.a(_exit.o)
 .data          0x00800292        0x0 c:/winavr-20081205/bin/../lib/gcc/avr/4.3.2/avr5\libgcc.a(_copy_data.o)
 .data          0x00800292        0x0 c:/winavr-20081205/bin/../lib/gcc/avr/4.3.2/avr5\libgcc.a(_clear_bss.o)
 *(.data*)
 *(.rodata)
 *(.rodata*)
 *(.gnu.linkonce.d*)
                0x00800292                . = ALIGN (0x2)
                0x00800292                _edata = .
                0x00800292                PROVIDE (__data_end, .)

.bss            0x00800292      0x298
                0x00800292                PROVIDE (__bss_start, .)
 *(.bss)
 .bss           0x00800292        0x0 c:/winavr-20081205/bin/../lib/gcc/avr/4.3.2/../../../../avr/lib/avr5/crtm640.o
 .bss           0x00800292        0x0 testXBee.o
 .bss           0x00800292      0x248 uart4.o
 .bss           0x008004da        0x0 buffer.o
 .bss           0x008004da        0x0 c:/winavr-20081205/bin/../lib/gcc/avr/4.3.2/../../../../avr/lib/avr5\libc.a(exit.o)
 .bss           0x008004da        0x0 c:/winavr-20081205/bin/../lib/gcc/avr/4.3.2/avr5\libgcc.a(_udivmodhi4.o)
 .bss           0x008004da        0x0 c:/winavr-20081205/bin/../lib/gcc/avr/4.3.2/avr5\libgcc.a(_divmodhi4.o)
 .bss           0x008004da        0x0 c:/winavr-20081205/bin/../lib/gcc/avr/4.3.2/avr5\libgcc.a(_udivmodsi4.o)
 .bss           0x008004da        0x0 c:/winavr-20081205/bin/../lib/gcc/avr/4.3.2/avr5\libgcc.a(_divmodsi4.o)
 .bss           0x008004da        0x0 c:/winavr-20081205/bin/../lib/gcc/avr/4.3.2/avr5\libgcc.a(_exit.o)
 .bss           0x008004da        0x0 c:/winavr-20081205/bin/../lib/gcc/avr/4.3.2/avr5\libgcc.a(_copy_data.o)
 .bss           0x008004da        0x0 c:/winavr-20081205/bin/../lib/gcc/avr/4.3.2/avr5\libgcc.a(_clear_bss.o)
 *(.bss*)
 *(COMMON)
 COMMON         0x008004da       0x50 uart4.o
                0x008004da                uartReadyTx
                0x008004de                uartRxBuffer
                0x008004fe                uartBufferedTx
                0x00800502                uartTxBuffer
                0x00800522                uartRxOverflow
                0x0080052a                PROVIDE (__bss_end, .)
                0x00001250                __data_load_start = LOADADDR (.data)
                0x000012e2                __data_load_end = (__data_load_start + SIZEOF (.data))

.noinit         0x0080052a        0x0
                0x0080052a                PROVIDE (__noinit_start, .)
 *(.noinit*)
                0x0080052a                PROVIDE (__noinit_end, .)
                0x0080052a                _end = .
                0x0080052a                PROVIDE (__heap_start, .)

.eeprom         0x00810000        0x0
 *(.eeprom*)
                0x00810000                __eeprom_end = .

.fuse
 *(.fuse)
 *(.lfuse)
 *(.hfuse)
 *(.efuse)

.lock
 *(.lock*)

.signature
 *(.signature*)

.stab
 *(.stab)

.stabstr
 *(.stabstr)

.stab.excl
 *(.stab.excl)

.stab.exclstr
 *(.stab.exclstr)

.stab.index
 *(.stab.index)

.stab.indexstr
 *(.stab.indexstr)

.comment
 *(.comment)

.debug
 *(.debug)

.line
 *(.line)

.debug_srcinfo
 *(.debug_srcinfo)

.debug_sfnames
 *(.debug_sfnames)

.debug_aranges  0x00000000       0x60
 *(.debug_aranges)
 .debug_aranges
                0x00000000       0x20 testXBee.o
 .debug_aranges
                0x00000020       0x20 uart4.o
 .debug_aranges
                0x00000040       0x20 buffer.o

.debug_pubnames
                0x00000000      0x81c
 *(.debug_pubnames)
 .debug_pubnames
                0x00000000      0x3fa testXBee.o
 .debug_pubnames
                0x000003fa      0x386 uart4.o
 .debug_pubnames
                0x00000780       0x9c buffer.o

.debug_info     0x00000000     0x1383
 *(.debug_info)
 .debug_info    0x00000000      0x785 testXBee.o
 .debug_info    0x00000785      0x933 uart4.o
 .debug_info    0x000010b8      0x2cb buffer.o
 *(.gnu.linkonce.wi.*)

.debug_abbrev   0x00000000      0x451
 *(.debug_abbrev)
 .debug_abbrev  0x00000000      0x185 testXBee.o
 .debug_abbrev  0x00000185      0x1e0 uart4.o
 .debug_abbrev  0x00000365       0xec buffer.o

.debug_line     0x00000000     0x1273
 *(.debug_line)
 .debug_line    0x00000000      0x92c testXBee.o
 .debug_line    0x0000092c      0x75f uart4.o
 .debug_line    0x0000108b      0x1e8 buffer.o

.debug_frame    0x00000000      0x640
 *(.debug_frame)
 .debug_frame   0x00000000      0x310 testXBee.o
 .debug_frame   0x00000310      0x2b0 uart4.o
 .debug_frame   0x000005c0       0x80 buffer.o

.debug_str      0x00000000      0x82e
 *(.debug_str)
 .debug_str     0x00000000      0x3d9 testXBee.o
                                0x419 (size before relaxing)
 .debug_str     0x000003d9      0x3b8 uart4.o
                                0x46f (size before relaxing)
 .debug_str     0x00000791       0x9d buffer.o
                                0x197 (size before relaxing)

.debug_loc      0x00000000      0x89e
 *(.debug_loc)
 .debug_loc     0x00000000      0x1fa testXBee.o
 .debug_loc     0x000001fa      0x502 uart4.o
 .debug_loc     0x000006fc      0x1a2 buffer.o

.debug_macinfo
 *(.debug_macinfo)
OUTPUT(testXBee.elf elf32-avr)
LOAD linker stubs
