Archive member included because of file (symbol)

c:/winavr-20081205/bin/../lib/gcc/avr/4.3.2/../../../../avr/lib/avr5\libm.a(acos.o)
                              lbRTOS.o (acos)
c:/winavr-20081205/bin/../lib/gcc/avr/4.3.2/../../../../avr/lib/avr5\libm.a(addsf3.o)
                              lbRTOS.o (__subsf3)
c:/winavr-20081205/bin/../lib/gcc/avr/4.3.2/../../../../avr/lib/avr5\libm.a(addsf3x.o)
                              c:/winavr-20081205/bin/../lib/gcc/avr/4.3.2/../../../../avr/lib/avr5\libm.a(acos.o) (__addsf3x)
c:/winavr-20081205/bin/../lib/gcc/avr/4.3.2/../../../../avr/lib/avr5\libm.a(asin.o)
                              lbRTOS.o (asin)
c:/winavr-20081205/bin/../lib/gcc/avr/4.3.2/../../../../avr/lib/avr5\libm.a(atan2.o)
                              lbRTOS.o (atan2)
c:/winavr-20081205/bin/../lib/gcc/avr/4.3.2/../../../../avr/lib/avr5\libm.a(atan.o)
                              lbRTOS.o (atan)
c:/winavr-20081205/bin/../lib/gcc/avr/4.3.2/../../../../avr/lib/avr5\libm.a(cmpsf2.o)
                              rprintf.o (__eqsf2)
c:/winavr-20081205/bin/../lib/gcc/avr/4.3.2/../../../../avr/lib/avr5\libm.a(cos.o)
                              lbRTOS.o (cos)
c:/winavr-20081205/bin/../lib/gcc/avr/4.3.2/../../../../avr/lib/avr5\libm.a(divsf3.o)
                              lbRTOS.o (__divsf3)
c:/winavr-20081205/bin/../lib/gcc/avr/4.3.2/../../../../avr/lib/avr5\libm.a(divsf3x.o)
                              c:/winavr-20081205/bin/../lib/gcc/avr/4.3.2/../../../../avr/lib/avr5\libm.a(divsf3.o) (__divsf3x)
c:/winavr-20081205/bin/../lib/gcc/avr/4.3.2/../../../../avr/lib/avr5\libm.a(fixsfsi.o)
                              lbRTOS.o (__fixsfsi)
c:/winavr-20081205/bin/../lib/gcc/avr/4.3.2/../../../../avr/lib/avr5\libm.a(fixunssfsi.o)
                              timer640.o (__fixunssfsi)
c:/winavr-20081205/bin/../lib/gcc/avr/4.3.2/../../../../avr/lib/avr5\libm.a(floatsisf.o)
                              timer640.o (__floatunsisf)
c:/winavr-20081205/bin/../lib/gcc/avr/4.3.2/../../../../avr/lib/avr5\libm.a(fp_arccos.o)
                              c:/winavr-20081205/bin/../lib/gcc/avr/4.3.2/../../../../avr/lib/avr5\libm.a(acos.o) (__fp_arccos)
c:/winavr-20081205/bin/../lib/gcc/avr/4.3.2/../../../../avr/lib/avr5\libm.a(fp_cmp.o)
                              c:/winavr-20081205/bin/../lib/gcc/avr/4.3.2/../../../../avr/lib/avr5\libm.a(cmpsf2.o) (__fp_cmp)
c:/winavr-20081205/bin/../lib/gcc/avr/4.3.2/../../../../avr/lib/avr5\libm.a(fp_inf.o)
                              c:/winavr-20081205/bin/../lib/gcc/avr/4.3.2/../../../../avr/lib/avr5\libm.a(addsf3x.o) (__fp_inf)
c:/winavr-20081205/bin/../lib/gcc/avr/4.3.2/../../../../avr/lib/avr5\libm.a(fp_nan.o)
                              c:/winavr-20081205/bin/../lib/gcc/avr/4.3.2/../../../../avr/lib/avr5\libm.a(addsf3x.o) (__fp_nan)
c:/winavr-20081205/bin/../lib/gcc/avr/4.3.2/../../../../avr/lib/avr5\libm.a(fp_powser.o)
                              c:/winavr-20081205/bin/../lib/gcc/avr/4.3.2/../../../../avr/lib/avr5\libm.a(atan.o) (__fp_powser)
c:/winavr-20081205/bin/../lib/gcc/avr/4.3.2/../../../../avr/lib/avr5\libm.a(fp_powsodd.o)
                              c:/winavr-20081205/bin/../lib/gcc/avr/4.3.2/../../../../avr/lib/avr5\libm.a(asin.o) (__fp_powsodd)
c:/winavr-20081205/bin/../lib/gcc/avr/4.3.2/../../../../avr/lib/avr5\libm.a(fp_pscA.o)
                              c:/winavr-20081205/bin/../lib/gcc/avr/4.3.2/../../../../avr/lib/avr5\libm.a(addsf3x.o) (__fp_pscA)
c:/winavr-20081205/bin/../lib/gcc/avr/4.3.2/../../../../avr/lib/avr5\libm.a(fp_pscB.o)
                              c:/winavr-20081205/bin/../lib/gcc/avr/4.3.2/../../../../avr/lib/avr5\libm.a(addsf3x.o) (__fp_pscB)
c:/winavr-20081205/bin/../lib/gcc/avr/4.3.2/../../../../avr/lib/avr5\libm.a(fp_rempio2.o)
                              c:/winavr-20081205/bin/../lib/gcc/avr/4.3.2/../../../../avr/lib/avr5\libm.a(cos.o) (__fp_rempio2)
c:/winavr-20081205/bin/../lib/gcc/avr/4.3.2/../../../../avr/lib/avr5\libm.a(fp_round.o)
                              c:/winavr-20081205/bin/../lib/gcc/avr/4.3.2/../../../../avr/lib/avr5\libm.a(acos.o) (__fp_round)
c:/winavr-20081205/bin/../lib/gcc/avr/4.3.2/../../../../avr/lib/avr5\libm.a(fp_sinus.o)
                              c:/winavr-20081205/bin/../lib/gcc/avr/4.3.2/../../../../avr/lib/avr5\libm.a(cos.o) (__fp_sinus)
c:/winavr-20081205/bin/../lib/gcc/avr/4.3.2/../../../../avr/lib/avr5\libm.a(fp_split3.o)
                              c:/winavr-20081205/bin/../lib/gcc/avr/4.3.2/../../../../avr/lib/avr5\libm.a(addsf3x.o) (__fp_split3)
c:/winavr-20081205/bin/../lib/gcc/avr/4.3.2/../../../../avr/lib/avr5\libm.a(fp_zero.o)
                              c:/winavr-20081205/bin/../lib/gcc/avr/4.3.2/../../../../avr/lib/avr5\libm.a(addsf3x.o) (__fp_zero)
c:/winavr-20081205/bin/../lib/gcc/avr/4.3.2/../../../../avr/lib/avr5\libm.a(gesf2.o)
                              lbRTOS.o (__gtsf2)
c:/winavr-20081205/bin/../lib/gcc/avr/4.3.2/../../../../avr/lib/avr5\libm.a(inverse.o)
                              c:/winavr-20081205/bin/../lib/gcc/avr/4.3.2/../../../../avr/lib/avr5\libm.a(atan.o) (inverse)
c:/winavr-20081205/bin/../lib/gcc/avr/4.3.2/../../../../avr/lib/avr5\libm.a(mulsf3.o)
                              lbRTOS.o (__mulsf3)
c:/winavr-20081205/bin/../lib/gcc/avr/4.3.2/../../../../avr/lib/avr5\libm.a(mulsf3x.o)
                              c:/winavr-20081205/bin/../lib/gcc/avr/4.3.2/../../../../avr/lib/avr5\libm.a(atan.o) (__mulsf3x)
c:/winavr-20081205/bin/../lib/gcc/avr/4.3.2/../../../../avr/lib/avr5\libm.a(pow.o)
                              lbRTOS.o (pow)
c:/winavr-20081205/bin/../lib/gcc/avr/4.3.2/../../../../avr/lib/avr5\libm.a(sin.o)
                              lbRTOS.o (sin)
c:/winavr-20081205/bin/../lib/gcc/avr/4.3.2/../../../../avr/lib/avr5\libm.a(sqrt.o)
                              lbRTOS.o (sqrt)
c:/winavr-20081205/bin/../lib/gcc/avr/4.3.2/../../../../avr/lib/avr5\libm.a(square.o)
                              c:/winavr-20081205/bin/../lib/gcc/avr/4.3.2/../../../../avr/lib/avr5\libm.a(atan.o) (square)
c:/winavr-20081205/bin/../lib/gcc/avr/4.3.2/../../../../avr/lib/avr5\libm.a(tan.o)
                              lbRTOS.o (tan)
c:/winavr-20081205/bin/../lib/gcc/avr/4.3.2/../../../../avr/lib/avr5\libm.a(trunc.o)
                              lbRTOS.o (trunc)
c:/winavr-20081205/bin/../lib/gcc/avr/4.3.2/../../../../avr/lib/avr5\libm.a(exp.o)
                              c:/winavr-20081205/bin/../lib/gcc/avr/4.3.2/../../../../avr/lib/avr5\libm.a(pow.o) (exp)
c:/winavr-20081205/bin/../lib/gcc/avr/4.3.2/../../../../avr/lib/avr5\libm.a(fp_mintl.o)
                              c:/winavr-20081205/bin/../lib/gcc/avr/4.3.2/../../../../avr/lib/avr5\libm.a(trunc.o) (__fp_mintl)
c:/winavr-20081205/bin/../lib/gcc/avr/4.3.2/../../../../avr/lib/avr5\libm.a(fp_mpack.o)
                              c:/winavr-20081205/bin/../lib/gcc/avr/4.3.2/../../../../avr/lib/avr5\libm.a(fp_rempio2.o) (__fp_mpack)
c:/winavr-20081205/bin/../lib/gcc/avr/4.3.2/../../../../avr/lib/avr5\libm.a(fp_norm2.o)
                              c:/winavr-20081205/bin/../lib/gcc/avr/4.3.2/../../../../avr/lib/avr5\libm.a(sqrt.o) (__fp_norm2)
c:/winavr-20081205/bin/../lib/gcc/avr/4.3.2/../../../../avr/lib/avr5\libm.a(fp_trunc.o)
                              c:/winavr-20081205/bin/../lib/gcc/avr/4.3.2/../../../../avr/lib/avr5\libm.a(trunc.o) (__fp_trunc)
c:/winavr-20081205/bin/../lib/gcc/avr/4.3.2/../../../../avr/lib/avr5\libm.a(ldexp.o)
                              c:/winavr-20081205/bin/../lib/gcc/avr/4.3.2/../../../../avr/lib/avr5\libm.a(exp.o) (ldexp)
c:/winavr-20081205/bin/../lib/gcc/avr/4.3.2/../../../../avr/lib/avr5\libm.a(log.o)
                              c:/winavr-20081205/bin/../lib/gcc/avr/4.3.2/../../../../avr/lib/avr5\libm.a(pow.o) (log)
c:/winavr-20081205/bin/../lib/gcc/avr/4.3.2/../../../../avr/lib/avr5\libm.a(modf.o)
                              c:/winavr-20081205/bin/../lib/gcc/avr/4.3.2/../../../../avr/lib/avr5\libm.a(exp.o) (modf)
c:/winavr-20081205/bin/../lib/gcc/avr/4.3.2/../../../../avr/lib/avr5\libc.a(exit.o)
                              c:/winavr-20081205/bin/../lib/gcc/avr/4.3.2/../../../../avr/lib/avr5/crtm640.o (exit)
c:/winavr-20081205/bin/../lib/gcc/avr/4.3.2/../../../../avr/lib/avr5\libc.a(memcpy.o)
                              queue.o (memcpy)
c:/winavr-20081205/bin/../lib/gcc/avr/4.3.2/../../../../avr/lib/avr5\libc.a(memset.o)
                              tasks.o (memset)
c:/winavr-20081205/bin/../lib/gcc/avr/4.3.2/../../../../avr/lib/avr5\libc.a(strncpy.o)
                              tasks.o (strncpy)
c:/winavr-20081205/bin/../lib/gcc/avr/4.3.2/avr5\libgcc.a(_udivmodhi4.o)
                              buffer.o (__udivmodhi4)
c:/winavr-20081205/bin/../lib/gcc/avr/4.3.2/avr5\libgcc.a(_divmodhi4.o)
                              lbRTOS.o (__divmodhi4)
c:/winavr-20081205/bin/../lib/gcc/avr/4.3.2/avr5\libgcc.a(_udivmodsi4.o)
                              uart4.o (__udivmodsi4)
c:/winavr-20081205/bin/../lib/gcc/avr/4.3.2/avr5\libgcc.a(_divmodsi4.o)
                              lbRTOS.o (__divmodsi4)
c:/winavr-20081205/bin/../lib/gcc/avr/4.3.2/avr5\libgcc.a(_exit.o)
                              c:/winavr-20081205/bin/../lib/gcc/avr/4.3.2/../../../../avr/lib/avr5\libc.a(exit.o) (_exit)
c:/winavr-20081205/bin/../lib/gcc/avr/4.3.2/avr5\libgcc.a(_copy_data.o)
                              lbRTOS.o (__do_copy_data)
c:/winavr-20081205/bin/../lib/gcc/avr/4.3.2/avr5\libgcc.a(_clear_bss.o)
                              lbRTOS.o (__do_clear_bss)

Allocating common symbols
Common symbol       size              file

uartReadyTx         0x4               uart4.o
timer4_ovrflow_cnt  0x4               timer640.o
ax_tx_buffer        0x20              ax12.o
ax_rx_int_buffer    0x20              ax12.o
timer1_ovrflow_cnt  0x4               timer640.o
timer0_ovrflow_cnt  0x4               timer640.o
ax_rx_Pointer       0x2               ax12.o
ax12Error           0x2               ax12.o
uartRxBuffer        0x20              uart4.o
timer2_ovrflow_cnt  0x4               timer640.o
ax_tx_Pointer       0x2               ax12.o
ax_rx_buffer        0x20              ax12.o
timer_sleep_cnt     0x4               timer640.o
uartBufferedTx      0x4               uart4.o
a2dCompleteFlag     0x1               a2d.o
ax_rx_int_Pointer   0x2               ax12.o
timer3_ovrflow_cnt  0x4               timer640.o
uartTxBuffer        0x20              uart4.o
timer5_ovrflow_cnt  0x4               timer640.o
uartRxOverflow      0x8               uart4.o

Memory Configuration

Name             Origin             Length             Attributes
text             0x00000000         0x00020000         xr
data             0x00800060         0x0000ffa0         rw !x
eeprom           0x00810000         0x00010000         rw !x
fuse             0x00820000         0x00000400         rw !x
lock             0x00830000         0x00000400         rw !x
signature        0x00840000         0x00000400         rw !x
*default*        0x00000000         0xffffffff

Linker script and memory map

Address of section .data set to 0x800200
LOAD c:/winavr-20081205/bin/../lib/gcc/avr/4.3.2/../../../../avr/lib/avr5/crtm640.o
LOAD lbRTOS.o
LOAD list.o
LOAD queue.o
LOAD tasks.o
LOAD port.o
LOAD croutine.o
LOAD heap_1.o
LOAD timer640.o
LOAD uart4.o
LOAD buffer.o
LOAD a2d.o
LOAD rprintf.o
LOAD i2c.o
LOAD ax12.o
LOAD c:/winavr-20081205/bin/../lib/gcc/avr/4.3.2/../../../../avr/lib/avr5\libm.a
LOAD c:/winavr-20081205/bin/../lib/gcc/avr/4.3.2/../../../../avr/lib/avr5\libc.a
LOAD c:/winavr-20081205/bin/../lib/gcc/avr/4.3.2/avr5\libgcc.a
LOAD c:/winavr-20081205/bin/../lib/gcc/avr/4.3.2/../../../../avr/lib/avr5\libc.a
LOAD c:/winavr-20081205/bin/../lib/gcc/avr/4.3.2/avr5\libgcc.a

.hash
 *(.hash)

.dynsym
 *(.dynsym)

.dynstr
 *(.dynstr)

.gnu.version
 *(.gnu.version)

.gnu.version_d
 *(.gnu.version_d)

.gnu.version_r
 *(.gnu.version_r)

.rel.init
 *(.rel.init)

.rela.init
 *(.rela.init)

.rel.text
 *(.rel.text)
 *(.rel.text.*)
 *(.rel.gnu.linkonce.t*)

.rela.text
 *(.rela.text)
 *(.rela.text.*)
 *(.rela.gnu.linkonce.t*)

.rel.fini
 *(.rel.fini)

.rela.fini
 *(.rela.fini)

.rel.rodata
 *(.rel.rodata)
 *(.rel.rodata.*)
 *(.rel.gnu.linkonce.r*)

.rela.rodata
 *(.rela.rodata)
 *(.rela.rodata.*)
 *(.rela.gnu.linkonce.r*)

.rel.data
 *(.rel.data)
 *(.rel.data.*)
 *(.rel.gnu.linkonce.d*)

.rela.data
 *(.rela.data)
 *(.rela.data.*)
 *(.rela.gnu.linkonce.d*)

.rel.ctors
 *(.rel.ctors)

.rela.ctors
 *(.rela.ctors)

.rel.dtors
 *(.rel.dtors)

.rela.dtors
 *(.rela.dtors)

.rel.got
 *(.rel.got)

.rela.got
 *(.rela.got)

.rel.bss
 *(.rel.bss)

.rela.bss
 *(.rela.bss)

.rel.plt
 *(.rel.plt)

.rela.plt
 *(.rela.plt)

.text           0x00000000     0x6e3c
 *(.vectors)
 .vectors       0x00000000       0xe4 c:/winavr-20081205/bin/../lib/gcc/avr/4.3.2/../../../../avr/lib/avr5/crtm640.o
                0x00000000                __vectors
 *(.vectors)
 *(.progmem.gcc*)
 .progmem.gcc_fplib
                0x000000e4       0x14 c:/winavr-20081205/bin/../lib/gcc/avr/4.3.2/../../../../avr/lib/avr5\libm.a(asin.o)
 .progmem.gcc_fplib
                0x000000f8       0x2d c:/winavr-20081205/bin/../lib/gcc/avr/4.3.2/../../../../avr/lib/avr5\libm.a(atan.o)
 .progmem.gcc_fplib
                0x00000125       0x28 c:/winavr-20081205/bin/../lib/gcc/avr/4.3.2/../../../../avr/lib/avr5\libm.a(fp_arccos.o)
 .progmem.gcc_fplib
                0x0000014d       0x1e c:/winavr-20081205/bin/../lib/gcc/avr/4.3.2/../../../../avr/lib/avr5\libm.a(fp_sinus.o)
 .progmem.gcc_fplib
                0x0000016b       0x23 c:/winavr-20081205/bin/../lib/gcc/avr/4.3.2/../../../../avr/lib/avr5\libm.a(tan.o)
 .progmem.gcc_fplib
                0x0000018e       0x28 c:/winavr-20081205/bin/../lib/gcc/avr/4.3.2/../../../../avr/lib/avr5\libm.a(exp.o)
 .progmem.gcc_fplib
                0x000001b6       0x5a c:/winavr-20081205/bin/../lib/gcc/avr/4.3.2/../../../../avr/lib/avr5\libm.a(log.o)
 *(.progmem*)
 .progmem.data  0x00000210       0x2d timer640.o
                0x00000210                TimerPrescaleFactor
                0x0000021c                Timer2PrescaleFactor
 .progmem.data  0x0000023d       0x11 rprintf.o
                0x0000024e                . = ALIGN (0x2)
                0x0000024e                __trampolines_start = .
 *(.trampolines)
 .trampolines   0x0000024e        0x0 linker stubs
 *(.trampolines*)
                0x0000024e                __trampolines_end = .
 *(.jumptables)
 *(.jumptables*)
 *(.lowtext)
 *(.lowtext*)
                0x0000024e                __ctors_start = .
 *(.ctors)
                0x0000024e                __ctors_end = .
                0x0000024e                __dtors_start = .
 *(.dtors)
                0x0000024e                __dtors_end = .
 SORT(*)(.ctors)
 SORT(*)(.dtors)
 *(.init0)
 .init0         0x0000024e        0x0 c:/winavr-20081205/bin/../lib/gcc/avr/4.3.2/../../../../avr/lib/avr5/crtm640.o
                0x0000024e                __init
 *(.init0)
 *(.init1)
 *(.init1)
 *(.init2)
 .init2         0x0000024e        0xc c:/winavr-20081205/bin/../lib/gcc/avr/4.3.2/../../../../avr/lib/avr5/crtm640.o
 *(.init2)
 *(.init3)
 *(.init3)
 *(.init4)
 .init4         0x0000025a       0x16 c:/winavr-20081205/bin/../lib/gcc/avr/4.3.2/avr5\libgcc.a(_copy_data.o)
                0x0000025a                __do_copy_data
 .init4         0x00000270       0x10 c:/winavr-20081205/bin/../lib/gcc/avr/4.3.2/avr5\libgcc.a(_clear_bss.o)
                0x00000270                __do_clear_bss
 *(.init4)
 *(.init5)
 *(.init5)
 *(.init6)
 *(.init6)
 *(.init7)
 *(.init7)
 *(.init8)
 *(.init8)
 *(.init9)
 .init9         0x00000280        0x8 c:/winavr-20081205/bin/../lib/gcc/avr/4.3.2/../../../../avr/lib/avr5/crtm640.o
 *(.init9)
 *(.text)
 .text          0x00000288        0x4 c:/winavr-20081205/bin/../lib/gcc/avr/4.3.2/../../../../avr/lib/avr5/crtm640.o
                0x00000288                __vector_28
                0x00000288                __vector_1
                0x00000288                __vector_24
                0x00000288                __vector_12
                0x00000288                __vector_55
                0x00000288                __bad_interrupt
                0x00000288                __vector_6
                0x00000288                __vector_3
                0x00000288                __vector_30
                0x00000288                __vector_11
                0x00000288                __vector_7
                0x00000288                __vector_5
                0x00000288                __vector_52
                0x00000288                __vector_37
                0x00000288                __vector_4
                0x00000288                __vector_9
                0x00000288                __vector_2
                0x00000288                __vector_40
                0x00000288                __vector_8
                0x00000288                __vector_26
                0x00000288                __vector_10
 .text          0x0000028c     0x1eca lbRTOS.o
                0x00001d38                sign
                0x000006aa                PWM_timer3_Off_All
                0x000018d0                cosd
                0x00000614                PWM_timer3_Off_E4
                0x00001d4e                leg_ik
                0x000012a2                mvdot
                0x0000080c                sin_SoR
                0x00000308                PWM_Init_timer3_E3
                0x000018ee                sind
                0x00001554                addvec
                0x000003c8                PWM_Init_timer4_H3
                0x00001990                magvec
                0x000017c4                divvec
                0x00000d38                mmdot
                0x00000902                degrees
                0x000005a8                PWM_timer4_On_H3
                0x0000068c                PWM_timer2_Off_All
                0x0000074e                PWM_timer4_Set_H4
                0x00000792                delay_cycles
                0x00001d1a                tand
                0x00001bbe                acos3
                0x00000730                PWM_timer3_Set_E4
                0x00001cfc                acosd
                0x000006e0                PWM_timer4_Off_All
                0x00000798                LED_on
                0x00000716                PWM_timer1_Set_LED
                0x00000726                PWM_timer3_Set_E3
                0x00000be4                ewabs
                0x0000147a                vec2arr
                0x00000720                PWM_timer2_Set_H6
                0x000018b2                atand2
                0x000016f4                mulvec
                0x000002cc                PWM_Init_timer2_H6
                0x00000c3c                fill
                0x00000ade                ewmul
                0x00000758                PWM_timer4_Set_H5
                0x00000488                timer1PWMInitICR
                0x00001624                subvec
                0x000009ca                ewadd
                0x00000560                PWM_timer2_On_H6
                0x000005f0                PWM_timer2_Off_H6
                0x0000098c                clonei
                0x00000b5a                ewdiv
                0x00000cea                iepro
                0x0000028c                PWM_Init_timer1_LED
                0x0000050c                timer4PWMInitICR
                0x000007b6                cos_SoR
                0x00000794                LED_off
                0x000005ba                PWM_timer4_On_H4
                0x00000572                PWM_timer3_On_E3
                0x000004ca                timer3PWMInitICR
                0x00000638                PWM_timer4_Off_H3
                0x00001ad8                sidelaw
                0x00001cde                asind
                0x00001894                main
                0x0000079c                button_pressed
                0x0000091c                radians
                0x00000602                PWM_timer3_Off_E3
                0x00000744                PWM_timer4_Set_H3
                0x0000064a                PWM_timer4_Off_H4
                0x00000348                PWM_Init_timer3_E4
                0x00000762                configure_ports
                0x0000190c                ewpow
                0x00000c58                zero
                0x00000a54                ewsub
                0x0000086a                tan_SoR
                0x00000c7a                one
                0x00000408                PWM_Init_timer4_H4
                0x0000054e                PWM_timer1_On_LED
                0x000005cc                PWM_timer4_On_H5
                0x00000388                PWM_Init_timer3_E5
                0x00001cc0                atand
                0x0000065c                PWM_timer4_Off_H5
                0x00000584                PWM_timer3_On_E4
                0x00000596                PWM_timer3_On_E5
                0x000005de                PWM_timer1_Off_LED
                0x00000936                clone
                0x00000626                PWM_timer3_Off_E5
                0x00001a52                mag
                0x00000448                PWM_Init_timer4_H5
                0x0000066e                PWM_timer1_Off_All
                0x00001502                arr2vec
                0x0000073a                PWM_timer3_Set_E5
                0x00000c9c                iesum
 .text          0x00002156      0x134 list.o
                0x0000217e                vListInsertEnd
                0x0000223a                vListRemove
                0x00002176                vListInitialiseItem
                0x00002156                vListInitialise
                0x000021d0                vListInsert
 .text          0x0000228a      0x5ca queue.o
                0x000023de                xQueueGenericSendFromISR
                0x0000278e                xQueueCreate
                0x000022c2                vQueueDelete
                0x00002646                xQueueGenericSend
                0x000022de                xQueueReceiveFromISR
                0x000022b0                xQueueIsQueueFullFromISR
                0x000024ae                xQueueGenericReceive
                0x0000228a                uxQueueMessagesWaiting
                0x0000229a                uxQueueMessagesWaitingFromISR
                0x000022a0                xQueueIsQueueEmptyFromISR
 .text          0x00002854      0x918 tasks.o
                0x00002e42                vTaskEndScheduler
                0x00002b10                vTaskPlaceOnEventList
                0x00002ece                xTaskGenericCreate
                0x00002860                xTaskGetTickCount
                0x0000299e                xTaskRemoveFromEventList
                0x00002da8                vTaskDelete
                0x00002922                xTaskCheckForTimeOut
                0x00002854                vTaskSuspendAll
                0x00002876                xTaskGetTickCountFromISR
                0x00002888                vTaskSwitchContext
                0x00002882                uxTaskGetNumberOfTasks
                0x00002a24                vTaskIncrementTick
                0x00002cfa                vTaskDelayUntil
                0x00002b82                xTaskResumeAll
                0x00003116                vTaskStartScheduler
                0x00002996                vTaskMissedYield
                0x00002c7e                vTaskDelay
                0x0000290c                vTaskSetTimeOutState
 .text          0x0000316c      0x274 port.o
                0x000031fc                xPortStartScheduler
                0x00003272                vPortYieldFromTick
                0x00003270                vPortEndScheduler
                0x00003328                __vector_17
                0x0000332e                vPortYield
                0x0000316c                pxPortInitialiseStack
 .text          0x000033e0      0x394 croutine.o
                0x000033e0                xCoRoutineRemoveFromEventList
                0x00003680                xCoRoutineCreate
                0x00003436                vCoRoutineSchedule
                0x00003606                vCoRoutineAddToDelayedList
 .text          0x00003774       0x6e heap_1.o
                0x00003780                xPortGetFreeHeapSize
                0x00003774                vPortFree
                0x00003794                pvPortMalloc
                0x00003776                vPortInitialiseBlocks
 .text          0x000037e2      0xdfa timer640.o
                0x00003f26                __vector_22
                0x00003864                get_timer3_prescaler
                0x00003976                reset_timer0
                0x00003a0a                init_timer0
                0x0000382c                get_timer1_prescaler
                0x0000419c                __vector_32
                0x000038fa                get_timer3_overflow
                0x00003910                get_timer4_overflow
                0x0000396a                get_timer5_counter
                0x00004250                __vector_34
                0x0000395e                get_timer4_counter
                0x00003a6a                init_timer3
                0x00004412                __vector_46
                0x00004142                __vector_31
                0x00003b00                sleep
                0x00003ae8                timer_detach
                0x00003a8e                init_timer4
                0x00003d4c                __vector_35
                0x000039ee                reset_timer5
                0x00003ba6                __vector_23
                0x00003dcc                __vector_45
                0x00003848                get_timer2_prescaler
                0x000037fa                prescaler_hex_to_value_for_timer2
                0x0000408e                __vector_13
                0x0000393c                get_timer0_counter
                0x00004034                __vector_19
                0x0000394c                get_timer2_counter
                0x00004520                __vector_49
                0x000042aa                __vector_41
                0x000037e2                prescaler_hex_to_value
                0x0000435e                __vector_43
                0x000038ce                get_timer1_overflow
                0x0000457a                __vector_default
                0x000041f6                __vector_33
                0x000039ba                reset_timer3
                0x0000446c                __vector_47
                0x000038b8                get_timer0_overflow
                0x00003a08                delay_us
                0x00003880                get_timer4_prescaler
                0x000038e4                get_timer2_overflow
                0x000039d4                reset_timer4
                0x000043b8                __vector_44
                0x00003ab2                init_timer5
                0x00003ecc                __vector_21
                0x00003ccc                __vector_15
                0x00003952                get_timer3_counter
                0x00003afa                _delay_loop_2
                0x00003a26                init_timer1
                0x0000389c                get_timer5_prescaler
                0x000044c6                __vector_48
                0x00003926                get_timer5_overflow
                0x0000398a                reset_timer1
                0x000040e8                __vector_14
                0x00003940                get_timer1_counter
                0x00003ad6                timer_attach
                0x00003812                get_timer0_prescaler
                0x00003e4c                __vector_50
                0x00003f80                __vector_16
                0x00003fda                __vector_18
                0x000039a4                reset_timer2
                0x00003c4c                __vector_20
                0x00003a4a                init_timer2
                0x00004304                __vector_42
 .text          0x000045dc      0x82a uart4.o
                0x00004aa0                __vector_38
                0x00004b34                uartSendTxBuffer
                0x00004724                uartReceiveService
                0x00004966                uart2AddToTxBuffer
                0x0000468c                uartSendByte
                0x00004d9c                uart0InitBuffers
                0x000046ee                uart2SendByte
                0x00004c1e                uart1GetByte
                0x00004b62                uartReceiveByte
                0x0000487a                uartSendBuffer
                0x00004830                __vector_25
                0x00004c4e                uart0GetByte
                0x00004944                uartAddToTxBuffer
                0x0000479c                __vector_54
                0x000046f8                uart3SendByte
                0x0000498a                uartTransmitService
                0x000045dc                uartSetRxHandler
                0x00004a0c                __vector_56
                0x00004dbe                uart0Init
                0x00004d66                uart1Init
                0x00004c7e                uartFlushReceiveBuffer
                0x00004aea                __vector_27
                0x00004df4                uartInit
                0x000046da                uart0SendByte
                0x00004702                uartReceiveBufferIsEmpty
                0x00004cb6                uart3Init
                0x000045f2                uartSetBaudRate
                0x0000495a                uart3AddToTxBuffer
                0x00004c94                uart3InitBuffers
                0x000046e4                uart1SendByte
                0x00004676                uartGetTxBuffer
                0x00004660                uartGetRxBuffer
                0x00004d0e                uart2Init
                0x000047e6                __vector_36
                0x00004d44                uart1InitBuffers
                0x0000497e                uart0AddToTxBuffer
                0x00004cec                uart2InitBuffers
                0x00004bee                uart2GetByte
                0x00004a56                __vector_53
                0x00004bbe                uart3GetByte
                0x00004972                uart1AddToTxBuffer
 .text          0x00004e06      0x160 buffer.o
                0x00004f40                bufferIsNotFull
                0x00004e20                bufferGetFromFront
                0x00004eca                bufferGetAtIndex
                0x00004e86                bufferDumpFromFront
                0x00004e06                bufferInit
                0x00004ef2                bufferAddToEnd
                0x00004f58                bufferFlush
 .text          0x00004f66      0x116 a2d.o
                0x00004ff6                a2dIsComplete
                0x00005050                a2dConvert8bit
                0x00004f9e                a2dOff
                0x00004fb0                a2dSetPrescaler
                0x00004ffe                a2dConvert10bit
                0x00004f66                a2dInit
                0x00004fbe                a2dSetReference
                0x0000505e                __vector_29
                0x00004fd4                a2dSetChannel
                0x00004fe4                a2dStartConvert
 .text          0x0000507c      0x570 rprintf.o
                0x000054c4                rprintf1RamRom
                0x00005162                rprintfu08
                0x0000518c                rprintfu32
                0x000050aa                rprintfStr
                0x00005332                rprintfFloat
                0x000050c8                rprintfStrLen
                0x00005124                rprintfProgStr
                0x00005178                rprintfu16
                0x0000507c                rprintfInit
                0x00005086                rprintfChar
                0x00005144                rprintfCRLF
                0x0000514c                rprintfu04
                0x000051b2                rprintfNum
 .text          0x000055ec      0x506 i2c.o
                0x00005628                i2cInit
                0x00005686                i2cSendStart
                0x000056a2                i2cWaitForComplete
                0x000056da                i2cGetReceivedByte
                0x000056e6                i2cMasterSend
                0x0000589a                __vector_39
                0x00005726                i2cMasterReceive
                0x0000576e                i2cMasterSendNI
                0x00005672                i2cSetSlaveReceiveHandler
                0x00005aec                i2cGetState
                0x000056e0                i2cGetStatus
                0x000056ac                i2cSendByte
                0x0000567c                i2cSetSlaveTransmitHandler
                0x00005662                i2cSetLocalDeviceAddr
                0x000057fc                i2cMasterReceiveNI
                0x000056be                i2cReceiveByte
                0x000055ec                i2cSetBitrate
                0x00005694                i2cSendStop
 .text          0x00005af2      0x7d8 ax12.o
                0x00005b12                setRX
                0x000060de                ax12SetRegister2
                0x00005b6a                ax12writeB
                0x00005b5a                ax12write
                0x00005b94                __vector_51
                0x00005b3a                setTXall
                0x00005bda                ax12ReadPacket
                0x00005af2                setTX
                0x00005c94                ax12Init
                0x00005d1e                ax12GetRegister
                0x00005f24                ax12SetRegister
 .text          0x000062ca        0x0 c:/winavr-20081205/bin/../lib/gcc/avr/4.3.2/../../../../avr/lib/avr5\libm.a(acos.o)
 .text          0x000062ca        0x0 c:/winavr-20081205/bin/../lib/gcc/avr/4.3.2/../../../../avr/lib/avr5\libm.a(addsf3.o)
 .text          0x000062ca        0x0 c:/winavr-20081205/bin/../lib/gcc/avr/4.3.2/../../../../avr/lib/avr5\libm.a(addsf3x.o)
 .text          0x000062ca        0x0 c:/winavr-20081205/bin/../lib/gcc/avr/4.3.2/../../../../avr/lib/avr5\libm.a(asin.o)
 .text          0x000062ca        0x0 c:/winavr-20081205/bin/../lib/gcc/avr/4.3.2/../../../../avr/lib/avr5\libm.a(atan2.o)
 .text          0x000062ca        0x0 c:/winavr-20081205/bin/../lib/gcc/avr/4.3.2/../../../../avr/lib/avr5\libm.a(atan.o)
 .text          0x000062ca        0x0 c:/winavr-20081205/bin/../lib/gcc/avr/4.3.2/../../../../avr/lib/avr5\libm.a(cmpsf2.o)
 .text          0x000062ca        0x0 c:/winavr-20081205/bin/../lib/gcc/avr/4.3.2/../../../../avr/lib/avr5\libm.a(cos.o)
 .text          0x000062ca        0x0 c:/winavr-20081205/bin/../lib/gcc/avr/4.3.2/../../../../avr/lib/avr5\libm.a(divsf3.o)
 .text          0x000062ca        0x0 c:/winavr-20081205/bin/../lib/gcc/avr/4.3.2/../../../../avr/lib/avr5\libm.a(divsf3x.o)
 .text          0x000062ca        0x0 c:/winavr-20081205/bin/../lib/gcc/avr/4.3.2/../../../../avr/lib/avr5\libm.a(fixsfsi.o)
 .text          0x000062ca        0x0 c:/winavr-20081205/bin/../lib/gcc/avr/4.3.2/../../../../avr/lib/avr5\libm.a(fixunssfsi.o)
 .text          0x000062ca        0x0 c:/winavr-20081205/bin/../lib/gcc/avr/4.3.2/../../../../avr/lib/avr5\libm.a(floatsisf.o)
 .text          0x000062ca        0x0 c:/winavr-20081205/bin/../lib/gcc/avr/4.3.2/../../../../avr/lib/avr5\libm.a(fp_arccos.o)
 .text          0x000062ca        0x0 c:/winavr-20081205/bin/../lib/gcc/avr/4.3.2/../../../../avr/lib/avr5\libm.a(fp_cmp.o)
 .text          0x000062ca        0x0 c:/winavr-20081205/bin/../lib/gcc/avr/4.3.2/../../../../avr/lib/avr5\libm.a(fp_inf.o)
 .text          0x000062ca        0x0 c:/winavr-20081205/bin/../lib/gcc/avr/4.3.2/../../../../avr/lib/avr5\libm.a(fp_nan.o)
 .text          0x000062ca        0x0 c:/winavr-20081205/bin/../lib/gcc/avr/4.3.2/../../../../avr/lib/avr5\libm.a(fp_powser.o)
 .text          0x000062ca        0x0 c:/winavr-20081205/bin/../lib/gcc/avr/4.3.2/../../../../avr/lib/avr5\libm.a(fp_powsodd.o)
 .text          0x000062ca        0x0 c:/winavr-20081205/bin/../lib/gcc/avr/4.3.2/../../../../avr/lib/avr5\libm.a(fp_pscA.o)
 .text          0x000062ca        0x0 c:/winavr-20081205/bin/../lib/gcc/avr/4.3.2/../../../../avr/lib/avr5\libm.a(fp_pscB.o)
 .text          0x000062ca        0x0 c:/winavr-20081205/bin/../lib/gcc/avr/4.3.2/../../../../avr/lib/avr5\libm.a(fp_rempio2.o)
 .text          0x000062ca        0x0 c:/winavr-20081205/bin/../lib/gcc/avr/4.3.2/../../../../avr/lib/avr5\libm.a(fp_round.o)
 .text          0x000062ca        0x0 c:/winavr-20081205/bin/../lib/gcc/avr/4.3.2/../../../../avr/lib/avr5\libm.a(fp_sinus.o)
 .text          0x000062ca        0x0 c:/winavr-20081205/bin/../lib/gcc/avr/4.3.2/../../../../avr/lib/avr5\libm.a(fp_split3.o)
 .text          0x000062ca        0x0 c:/winavr-20081205/bin/../lib/gcc/avr/4.3.2/../../../../avr/lib/avr5\libm.a(fp_zero.o)
 .text          0x000062ca        0x0 c:/winavr-20081205/bin/../lib/gcc/avr/4.3.2/../../../../avr/lib/avr5\libm.a(gesf2.o)
 .text          0x000062ca        0x0 c:/winavr-20081205/bin/../lib/gcc/avr/4.3.2/../../../../avr/lib/avr5\libm.a(inverse.o)
 .text          0x000062ca        0x0 c:/winavr-20081205/bin/../lib/gcc/avr/4.3.2/../../../../avr/lib/avr5\libm.a(mulsf3.o)
 .text          0x000062ca        0x0 c:/winavr-20081205/bin/../lib/gcc/avr/4.3.2/../../../../avr/lib/avr5\libm.a(mulsf3x.o)
 .text          0x000062ca        0x0 c:/winavr-20081205/bin/../lib/gcc/avr/4.3.2/../../../../avr/lib/avr5\libm.a(pow.o)
 .text          0x000062ca        0x0 c:/winavr-20081205/bin/../lib/gcc/avr/4.3.2/../../../../avr/lib/avr5\libm.a(sin.o)
 .text          0x000062ca        0x0 c:/winavr-20081205/bin/../lib/gcc/avr/4.3.2/../../../../avr/lib/avr5\libm.a(sqrt.o)
 .text          0x000062ca        0x0 c:/winavr-20081205/bin/../lib/gcc/avr/4.3.2/../../../../avr/lib/avr5\libm.a(square.o)
 .text          0x000062ca        0x0 c:/winavr-20081205/bin/../lib/gcc/avr/4.3.2/../../../../avr/lib/avr5\libm.a(tan.o)
 .text          0x000062ca        0x0 c:/winavr-20081205/bin/../lib/gcc/avr/4.3.2/../../../../avr/lib/avr5\libm.a(trunc.o)
 .text          0x000062ca        0x0 c:/winavr-20081205/bin/../lib/gcc/avr/4.3.2/../../../../avr/lib/avr5\libm.a(exp.o)
 .text          0x000062ca        0x0 c:/winavr-20081205/bin/../lib/gcc/avr/4.3.2/../../../../avr/lib/avr5\libm.a(fp_mintl.o)
 .text          0x000062ca        0x0 c:/winavr-20081205/bin/../lib/gcc/avr/4.3.2/../../../../avr/lib/avr5\libm.a(fp_mpack.o)
 .text          0x000062ca        0x0 c:/winavr-20081205/bin/../lib/gcc/avr/4.3.2/../../../../avr/lib/avr5\libm.a(fp_norm2.o)
 .text          0x000062ca        0x0 c:/winavr-20081205/bin/../lib/gcc/avr/4.3.2/../../../../avr/lib/avr5\libm.a(fp_trunc.o)
 .text          0x000062ca        0x0 c:/winavr-20081205/bin/../lib/gcc/avr/4.3.2/../../../../avr/lib/avr5\libm.a(ldexp.o)
 .text          0x000062ca        0x0 c:/winavr-20081205/bin/../lib/gcc/avr/4.3.2/../../../../avr/lib/avr5\libm.a(log.o)
 .text          0x000062ca        0x0 c:/winavr-20081205/bin/../lib/gcc/avr/4.3.2/../../../../avr/lib/avr5\libm.a(modf.o)
 .text          0x000062ca        0x6 c:/winavr-20081205/bin/../lib/gcc/avr/4.3.2/../../../../avr/lib/avr5\libc.a(exit.o)
                0x000062ca                exit
 .text          0x000062d0       0x12 c:/winavr-20081205/bin/../lib/gcc/avr/4.3.2/../../../../avr/lib/avr5\libc.a(memcpy.o)
                0x000062d0                memcpy
 .text          0x000062e2        0xe c:/winavr-20081205/bin/../lib/gcc/avr/4.3.2/../../../../avr/lib/avr5\libc.a(memset.o)
                0x000062e2                memset
 .text          0x000062f0       0x1e c:/winavr-20081205/bin/../lib/gcc/avr/4.3.2/../../../../avr/lib/avr5\libc.a(strncpy.o)
                0x000062f0                strncpy
 .text          0x0000630e        0x0 c:/winavr-20081205/bin/../lib/gcc/avr/4.3.2/avr5\libgcc.a(_udivmodhi4.o)
 .text          0x0000630e        0x0 c:/winavr-20081205/bin/../lib/gcc/avr/4.3.2/avr5\libgcc.a(_divmodhi4.o)
 .text          0x0000630e        0x0 c:/winavr-20081205/bin/../lib/gcc/avr/4.3.2/avr5\libgcc.a(_udivmodsi4.o)
 .text          0x0000630e        0x0 c:/winavr-20081205/bin/../lib/gcc/avr/4.3.2/avr5\libgcc.a(_divmodsi4.o)
 .text          0x0000630e        0x0 c:/winavr-20081205/bin/../lib/gcc/avr/4.3.2/avr5\libgcc.a(_exit.o)
 .text          0x0000630e        0x0 c:/winavr-20081205/bin/../lib/gcc/avr/4.3.2/avr5\libgcc.a(_copy_data.o)
 .text          0x0000630e        0x0 c:/winavr-20081205/bin/../lib/gcc/avr/4.3.2/avr5\libgcc.a(_clear_bss.o)
                0x0000630e                . = ALIGN (0x2)
 *(.text.*)
 .text.fplib    0x0000630e       0x1c c:/winavr-20081205/bin/../lib/gcc/avr/4.3.2/../../../../avr/lib/avr5\libm.a(acos.o)
                0x0000630e                acos
 .text.fplib    0x0000632a        0xa c:/winavr-20081205/bin/../lib/gcc/avr/4.3.2/../../../../avr/lib/avr5\libm.a(addsf3.o)
                0x0000632a                __subsf3
                0x0000632c                __addsf3
 .text.fplib    0x00006334       0xc0 c:/winavr-20081205/bin/../lib/gcc/avr/4.3.2/../../../../avr/lib/avr5\libm.a(addsf3x.o)
                0x0000634e                __addsf3x
 .text.fplib    0x000063f4       0x2e c:/winavr-20081205/bin/../lib/gcc/avr/4.3.2/../../../../avr/lib/avr5\libm.a(asin.o)
                0x000063f4                asin
 .text.fplib    0x00006422       0x74 c:/winavr-20081205/bin/../lib/gcc/avr/4.3.2/../../../../avr/lib/avr5\libm.a(atan2.o)
                0x00006440                atan2
 .text.fplib    0x00006496       0x50 c:/winavr-20081205/bin/../lib/gcc/avr/4.3.2/../../../../avr/lib/avr5\libm.a(atan.o)
                0x00006496                atan
 .text.fplib    0x000064e6        0x8 c:/winavr-20081205/bin/../lib/gcc/avr/4.3.2/../../../../avr/lib/avr5\libm.a(cmpsf2.o)
                0x000064e6                __lesf2
                0x000064e6                __nesf2
                0x000064e6                __eqsf2
                0x000064e6                __cmpsf2
                0x000064e6                __ltsf2
 .text.fplib    0x000064ee        0x6 c:/winavr-20081205/bin/../lib/gcc/avr/4.3.2/../../../../avr/lib/avr5\libm.a(cos.o)
                0x000064ee                cos
 .text.fplib    0x000064f4        0x4 c:/winavr-20081205/bin/../lib/gcc/avr/4.3.2/../../../../avr/lib/avr5\libm.a(divsf3.o)
                0x000064f4                __divsf3
 .text.fplib    0x000064f8       0xcc c:/winavr-20081205/bin/../lib/gcc/avr/4.3.2/../../../../avr/lib/avr5\libm.a(divsf3x.o)
                0x0000650e                __divsf3x
                0x00006512                __divsf3_pse
 .text.fplib    0x000065c4        0xa c:/winavr-20081205/bin/../lib/gcc/avr/4.3.2/../../../../avr/lib/avr5\libm.a(fixsfsi.o)
                0x000065c4                __fixsfsi
 .text.fplib    0x000065ce       0x58 c:/winavr-20081205/bin/../lib/gcc/avr/4.3.2/../../../../avr/lib/avr5\libm.a(fixunssfsi.o)
                0x000065ce                __fixunssfsi
 .text.fplib    0x00006626       0x7a c:/winavr-20081205/bin/../lib/gcc/avr/4.3.2/../../../../avr/lib/avr5\libm.a(floatsisf.o)
                0x0000662a                __floatsisf
                0x00006626                __floatunsisf
 .text.fplib    0x000066a0       0x36 c:/winavr-20081205/bin/../lib/gcc/avr/4.3.2/../../../../avr/lib/avr5\libm.a(fp_arccos.o)
                0x000066a0                __fp_arccos
 .text.fplib    0x000066d6       0x48 c:/winavr-20081205/bin/../lib/gcc/avr/4.3.2/../../../../avr/lib/avr5\libm.a(fp_cmp.o)
                0x000066d6                __fp_cmp
 .text.fplib    0x0000671e        0xc c:/winavr-20081205/bin/../lib/gcc/avr/4.3.2/../../../../avr/lib/avr5\libm.a(fp_inf.o)
                0x0000671e                __fp_inf
 .text.fplib    0x0000672a        0x6 c:/winavr-20081205/bin/../lib/gcc/avr/4.3.2/../../../../avr/lib/avr5\libm.a(fp_nan.o)
                0x0000672a                __fp_nan
 .text.fplib    0x00006730       0x4a c:/winavr-20081205/bin/../lib/gcc/avr/4.3.2/../../../../avr/lib/avr5\libm.a(fp_powser.o)
                0x00006730                __fp_powser
 .text.fplib    0x0000677a       0x22 c:/winavr-20081205/bin/../lib/gcc/avr/4.3.2/../../../../avr/lib/avr5\libm.a(fp_powsodd.o)
                0x0000677a                __fp_powsodd
 .text.fplib    0x0000679c        0xe c:/winavr-20081205/bin/../lib/gcc/avr/4.3.2/../../../../avr/lib/avr5\libm.a(fp_pscA.o)
                0x0000679c                __fp_pscA
 .text.fplib    0x000067aa        0xe c:/winavr-20081205/bin/../lib/gcc/avr/4.3.2/../../../../avr/lib/avr5\libm.a(fp_pscB.o)
                0x000067aa                __fp_pscB
 .text.fplib    0x000067b8       0x62 c:/winavr-20081205/bin/../lib/gcc/avr/4.3.2/../../../../avr/lib/avr5\libm.a(fp_rempio2.o)
                0x000067ba                __fp_rempio2
 .text.fplib    0x0000681a       0x22 c:/winavr-20081205/bin/../lib/gcc/avr/4.3.2/../../../../avr/lib/avr5\libm.a(fp_round.o)
                0x0000681a                __fp_round
 .text.fplib    0x0000683c       0x22 c:/winavr-20081205/bin/../lib/gcc/avr/4.3.2/../../../../avr/lib/avr5\libm.a(fp_sinus.o)
                0x0000683c                __fp_sinus
 .text.fplib    0x0000685e       0x44 c:/winavr-20081205/bin/../lib/gcc/avr/4.3.2/../../../../avr/lib/avr5\libm.a(fp_split3.o)
                0x0000685e                __fp_split3
                0x0000686e                __fp_splitA
 .text.fplib    0x000068a2        0xe c:/winavr-20081205/bin/../lib/gcc/avr/4.3.2/../../../../avr/lib/avr5\libm.a(fp_zero.o)
                0x000068a2                __fp_zero
                0x000068a4                __fp_szero
 .text.fplib    0x000068b0        0x8 c:/winavr-20081205/bin/../lib/gcc/avr/4.3.2/../../../../avr/lib/avr5\libm.a(gesf2.o)
                0x000068b0                __gtsf2
                0x000068b0                __gesf2
 .text.fplib    0x000068b8        0xe c:/winavr-20081205/bin/../lib/gcc/avr/4.3.2/../../../../avr/lib/avr5\libm.a(inverse.o)
                0x000068b8                inverse
 .text.fplib    0x000068c6        0x4 c:/winavr-20081205/bin/../lib/gcc/avr/4.3.2/../../../../avr/lib/avr5\libm.a(mulsf3.o)
                0x000068c6                __mulsf3
 .text.fplib    0x000068ca       0xc2 c:/winavr-20081205/bin/../lib/gcc/avr/4.3.2/../../../../avr/lib/avr5\libm.a(mulsf3x.o)
                0x000068e2                __mulsf3_pse
                0x000068de                __mulsf3x
 .text.fplib    0x0000698c       0x98 c:/winavr-20081205/bin/../lib/gcc/avr/4.3.2/../../../../avr/lib/avr5\libm.a(pow.o)
                0x0000698c                pow
 .text.fplib    0x00006a24        0xc c:/winavr-20081205/bin/../lib/gcc/avr/4.3.2/../../../../avr/lib/avr5\libm.a(sin.o)
                0x00006a24                sin
 .text.fplib    0x00006a30       0x9c c:/winavr-20081205/bin/../lib/gcc/avr/4.3.2/../../../../avr/lib/avr5\libm.a(sqrt.o)
                0x00006a38                sqrt
 .text.fplib    0x00006acc        0x6 c:/winavr-20081205/bin/../lib/gcc/avr/4.3.2/../../../../avr/lib/avr5\libm.a(square.o)
                0x00006acc                square
 .text.fplib    0x00006ad2       0x40 c:/winavr-20081205/bin/../lib/gcc/avr/4.3.2/../../../../avr/lib/avr5\libm.a(tan.o)
                0x00006ad2                tan
 .text.fplib    0x00006b12        0xe c:/winavr-20081205/bin/../lib/gcc/avr/4.3.2/../../../../avr/lib/avr5\libm.a(trunc.o)
                0x00006b12                trunc
 .text.fplib    0x00006b20       0x62 c:/winavr-20081205/bin/../lib/gcc/avr/4.3.2/../../../../avr/lib/avr5\libm.a(exp.o)
                0x00006b2a                exp
 .text.fplib    0x00006b82       0x36 c:/winavr-20081205/bin/../lib/gcc/avr/4.3.2/../../../../avr/lib/avr5\libm.a(fp_mintl.o)
                0x00006b82                __fp_mintl
 .text.fplib    0x00006bb8       0x20 c:/winavr-20081205/bin/../lib/gcc/avr/4.3.2/../../../../avr/lib/avr5\libm.a(fp_mpack.o)
                0x00006bb8                __fp_mpack
 .text.fplib    0x00006bd8        0xe c:/winavr-20081205/bin/../lib/gcc/avr/4.3.2/../../../../avr/lib/avr5\libm.a(fp_norm2.o)
                0x00006bd8                __fp_norm2
 .text.fplib    0x00006be6       0x2e c:/winavr-20081205/bin/../lib/gcc/avr/4.3.2/../../../../avr/lib/avr5\libm.a(fp_trunc.o)
                0x00006be6                __fp_trunc
 .text.fplib    0x00006c14       0x6c c:/winavr-20081205/bin/../lib/gcc/avr/4.3.2/../../../../avr/lib/avr5\libm.a(ldexp.o)
                0x00006c18                ldexp
 .text.fplib    0x00006c80       0x8a c:/winavr-20081205/bin/../lib/gcc/avr/4.3.2/../../../../avr/lib/avr5\libm.a(log.o)
                0x00006c8a                log
 .text.fplib    0x00006d0a       0x66 c:/winavr-20081205/bin/../lib/gcc/avr/4.3.2/../../../../avr/lib/avr5\libm.a(modf.o)
                0x00006d0a                modf
 .text.libgcc   0x00006d70       0x28 c:/winavr-20081205/bin/../lib/gcc/avr/4.3.2/avr5\libgcc.a(_udivmodhi4.o)
                0x00006d70                __udivmodhi4
 .text.libgcc   0x00006d98       0x26 c:/winavr-20081205/bin/../lib/gcc/avr/4.3.2/avr5\libgcc.a(_divmodhi4.o)
                0x00006d98                __divmodhi4
                0x00006d98                _div
 .text.libgcc   0x00006dbe       0x44 c:/winavr-20081205/bin/../lib/gcc/avr/4.3.2/avr5\libgcc.a(_udivmodsi4.o)
                0x00006dbe                __udivmodsi4
 .text.libgcc   0x00006e02       0x36 c:/winavr-20081205/bin/../lib/gcc/avr/4.3.2/avr5\libgcc.a(_divmodsi4.o)
                0x00006e02                __divmodsi4
 .text.libgcc   0x00006e38        0x0 c:/winavr-20081205/bin/../lib/gcc/avr/4.3.2/avr5\libgcc.a(_exit.o)
 .text.libgcc   0x00006e38        0x0 c:/winavr-20081205/bin/../lib/gcc/avr/4.3.2/avr5\libgcc.a(_copy_data.o)
 .text.libgcc   0x00006e38        0x0 c:/winavr-20081205/bin/../lib/gcc/avr/4.3.2/avr5\libgcc.a(_clear_bss.o)
                0x00006e38                . = ALIGN (0x2)
 *(.fini9)
 .fini9         0x00006e38        0x0 c:/winavr-20081205/bin/../lib/gcc/avr/4.3.2/avr5\libgcc.a(_exit.o)
                0x00006e38                _exit
 *(.fini9)
 *(.fini8)
 *(.fini8)
 *(.fini7)
 *(.fini7)
 *(.fini6)
 *(.fini6)
 *(.fini5)
 *(.fini5)
 *(.fini4)
 *(.fini4)
 *(.fini3)
 *(.fini3)
 *(.fini2)
 *(.fini2)
 *(.fini1)
 *(.fini1)
 *(.fini0)
 .fini0         0x00006e38        0x4 c:/winavr-20081205/bin/../lib/gcc/avr/4.3.2/avr5\libgcc.a(_exit.o)
 *(.fini0)
                0x00006e3c                _etext = .

.data           0x00800200       0x98 load address 0x00006e3c
                0x00800200                PROVIDE (__data_start, .)
 *(.data)
 .data          0x00800200        0x0 c:/winavr-20081205/bin/../lib/gcc/avr/4.3.2/../../../../avr/lib/avr5/crtm640.o
 .data          0x00800200       0x92 lbRTOS.o
                0x00800200                angtable
 .data          0x00800292        0x0 list.o
 .data          0x00800292        0x0 queue.o
 .data          0x00800292        0x5 tasks.o
 .data          0x00800297        0x0 port.o
 .data          0x00800297        0x0 croutine.o
 .data          0x00800297        0x0 heap_1.o
 .data          0x00800297        0x0 timer640.o
 .data          0x00800297        0x0 uart4.o
 .data          0x00800297        0x0 buffer.o
 .data          0x00800297        0x0 a2d.o
 .data          0x00800297        0x0 rprintf.o
 .data          0x00800297        0x0 i2c.o
 .data          0x00800297        0x0 ax12.o
 .data          0x00800297        0x0 c:/winavr-20081205/bin/../lib/gcc/avr/4.3.2/../../../../avr/lib/avr5\libm.a(acos.o)
 .data          0x00800297        0x0 c:/winavr-20081205/bin/../lib/gcc/avr/4.3.2/../../../../avr/lib/avr5\libm.a(addsf3.o)
 .data          0x00800297        0x0 c:/winavr-20081205/bin/../lib/gcc/avr/4.3.2/../../../../avr/lib/avr5\libm.a(addsf3x.o)
 .data          0x00800297        0x0 c:/winavr-20081205/bin/../lib/gcc/avr/4.3.2/../../../../avr/lib/avr5\libm.a(asin.o)
 .data          0x00800297        0x0 c:/winavr-20081205/bin/../lib/gcc/avr/4.3.2/../../../../avr/lib/avr5\libm.a(atan2.o)
 .data          0x00800297        0x0 c:/winavr-20081205/bin/../lib/gcc/avr/4.3.2/../../../../avr/lib/avr5\libm.a(atan.o)
 .data          0x00800297        0x0 c:/winavr-20081205/bin/../lib/gcc/avr/4.3.2/../../../../avr/lib/avr5\libm.a(cmpsf2.o)
 .data          0x00800297        0x0 c:/winavr-20081205/bin/../lib/gcc/avr/4.3.2/../../../../avr/lib/avr5\libm.a(cos.o)
 .data          0x00800297        0x0 c:/winavr-20081205/bin/../lib/gcc/avr/4.3.2/../../../../avr/lib/avr5\libm.a(divsf3.o)
 .data          0x00800297        0x0 c:/winavr-20081205/bin/../lib/gcc/avr/4.3.2/../../../../avr/lib/avr5\libm.a(divsf3x.o)
 .data          0x00800297        0x0 c:/winavr-20081205/bin/../lib/gcc/avr/4.3.2/../../../../avr/lib/avr5\libm.a(fixsfsi.o)
 .data          0x00800297        0x0 c:/winavr-20081205/bin/../lib/gcc/avr/4.3.2/../../../../avr/lib/avr5\libm.a(fixunssfsi.o)
 .data          0x00800297        0x0 c:/winavr-20081205/bin/../lib/gcc/avr/4.3.2/../../../../avr/lib/avr5\libm.a(floatsisf.o)
 .data          0x00800297        0x0 c:/winavr-20081205/bin/../lib/gcc/avr/4.3.2/../../../../avr/lib/avr5\libm.a(fp_arccos.o)
 .data          0x00800297        0x0 c:/winavr-20081205/bin/../lib/gcc/avr/4.3.2/../../../../avr/lib/avr5\libm.a(fp_cmp.o)
 .data          0x00800297        0x0 c:/winavr-20081205/bin/../lib/gcc/avr/4.3.2/../../../../avr/lib/avr5\libm.a(fp_inf.o)
 .data          0x00800297        0x0 c:/winavr-20081205/bin/../lib/gcc/avr/4.3.2/../../../../avr/lib/avr5\libm.a(fp_nan.o)
 .data          0x00800297        0x0 c:/winavr-20081205/bin/../lib/gcc/avr/4.3.2/../../../../avr/lib/avr5\libm.a(fp_powser.o)
 .data          0x00800297        0x0 c:/winavr-20081205/bin/../lib/gcc/avr/4.3.2/../../../../avr/lib/avr5\libm.a(fp_powsodd.o)
 .data          0x00800297        0x0 c:/winavr-20081205/bin/../lib/gcc/avr/4.3.2/../../../../avr/lib/avr5\libm.a(fp_pscA.o)
 .data          0x00800297        0x0 c:/winavr-20081205/bin/../lib/gcc/avr/4.3.2/../../../../avr/lib/avr5\libm.a(fp_pscB.o)
 .data          0x00800297        0x0 c:/winavr-20081205/bin/../lib/gcc/avr/4.3.2/../../../../avr/lib/avr5\libm.a(fp_rempio2.o)
 .data          0x00800297        0x0 c:/winavr-20081205/bin/../lib/gcc/avr/4.3.2/../../../../avr/lib/avr5\libm.a(fp_round.o)
 .data          0x00800297        0x0 c:/winavr-20081205/bin/../lib/gcc/avr/4.3.2/../../../../avr/lib/avr5\libm.a(fp_sinus.o)
 .data          0x00800297        0x0 c:/winavr-20081205/bin/../lib/gcc/avr/4.3.2/../../../../avr/lib/avr5\libm.a(fp_split3.o)
 .data          0x00800297        0x0 c:/winavr-20081205/bin/../lib/gcc/avr/4.3.2/../../../../avr/lib/avr5\libm.a(fp_zero.o)
 .data          0x00800297        0x0 c:/winavr-20081205/bin/../lib/gcc/avr/4.3.2/../../../../avr/lib/avr5\libm.a(gesf2.o)
 .data          0x00800297        0x0 c:/winavr-20081205/bin/../lib/gcc/avr/4.3.2/../../../../avr/lib/avr5\libm.a(inverse.o)
 .data          0x00800297        0x0 c:/winavr-20081205/bin/../lib/gcc/avr/4.3.2/../../../../avr/lib/avr5\libm.a(mulsf3.o)
 .data          0x00800297        0x0 c:/winavr-20081205/bin/../lib/gcc/avr/4.3.2/../../../../avr/lib/avr5\libm.a(mulsf3x.o)
 .data          0x00800297        0x0 c:/winavr-20081205/bin/../lib/gcc/avr/4.3.2/../../../../avr/lib/avr5\libm.a(pow.o)
 .data          0x00800297        0x0 c:/winavr-20081205/bin/../lib/gcc/avr/4.3.2/../../../../avr/lib/avr5\libm.a(sin.o)
 .data          0x00800297        0x0 c:/winavr-20081205/bin/../lib/gcc/avr/4.3.2/../../../../avr/lib/avr5\libm.a(sqrt.o)
 .data          0x00800297        0x0 c:/winavr-20081205/bin/../lib/gcc/avr/4.3.2/../../../../avr/lib/avr5\libm.a(square.o)
 .data          0x00800297        0x0 c:/winavr-20081205/bin/../lib/gcc/avr/4.3.2/../../../../avr/lib/avr5\libm.a(tan.o)
 .data          0x00800297        0x0 c:/winavr-20081205/bin/../lib/gcc/avr/4.3.2/../../../../avr/lib/avr5\libm.a(trunc.o)
 .data          0x00800297        0x0 c:/winavr-20081205/bin/../lib/gcc/avr/4.3.2/../../../../avr/lib/avr5\libm.a(exp.o)
 .data          0x00800297        0x0 c:/winavr-20081205/bin/../lib/gcc/avr/4.3.2/../../../../avr/lib/avr5\libm.a(fp_mintl.o)
 .data          0x00800297        0x0 c:/winavr-20081205/bin/../lib/gcc/avr/4.3.2/../../../../avr/lib/avr5\libm.a(fp_mpack.o)
 .data          0x00800297        0x0 c:/winavr-20081205/bin/../lib/gcc/avr/4.3.2/../../../../avr/lib/avr5\libm.a(fp_norm2.o)
 .data          0x00800297        0x0 c:/winavr-20081205/bin/../lib/gcc/avr/4.3.2/../../../../avr/lib/avr5\libm.a(fp_trunc.o)
 .data          0x00800297        0x0 c:/winavr-20081205/bin/../lib/gcc/avr/4.3.2/../../../../avr/lib/avr5\libm.a(ldexp.o)
 .data          0x00800297        0x0 c:/winavr-20081205/bin/../lib/gcc/avr/4.3.2/../../../../avr/lib/avr5\libm.a(log.o)
 .data          0x00800297        0x0 c:/winavr-20081205/bin/../lib/gcc/avr/4.3.2/../../../../avr/lib/avr5\libm.a(modf.o)
 .data          0x00800297        0x0 c:/winavr-20081205/bin/../lib/gcc/avr/4.3.2/../../../../avr/lib/avr5\libc.a(exit.o)
 .data          0x00800297        0x0 c:/winavr-20081205/bin/../lib/gcc/avr/4.3.2/../../../../avr/lib/avr5\libc.a(memcpy.o)
 .data          0x00800297        0x0 c:/winavr-20081205/bin/../lib/gcc/avr/4.3.2/../../../../avr/lib/avr5\libc.a(memset.o)
 .data          0x00800297        0x0 c:/winavr-20081205/bin/../lib/gcc/avr/4.3.2/../../../../avr/lib/avr5\libc.a(strncpy.o)
 .data          0x00800297        0x0 c:/winavr-20081205/bin/../lib/gcc/avr/4.3.2/avr5\libgcc.a(_udivmodhi4.o)
 .data          0x00800297        0x0 c:/winavr-20081205/bin/../lib/gcc/avr/4.3.2/avr5\libgcc.a(_divmodhi4.o)
 .data          0x00800297        0x0 c:/winavr-20081205/bin/../lib/gcc/avr/4.3.2/avr5\libgcc.a(_udivmodsi4.o)
 .data          0x00800297        0x0 c:/winavr-20081205/bin/../lib/gcc/avr/4.3.2/avr5\libgcc.a(_divmodsi4.o)
 .data          0x00800297        0x0 c:/winavr-20081205/bin/../lib/gcc/avr/4.3.2/avr5\libgcc.a(_exit.o)
 .data          0x00800297        0x0 c:/winavr-20081205/bin/../lib/gcc/avr/4.3.2/avr5\libgcc.a(_copy_data.o)
 .data          0x00800297        0x0 c:/winavr-20081205/bin/../lib/gcc/avr/4.3.2/avr5\libgcc.a(_clear_bss.o)
 *(.data*)
 *(.rodata)
 *(.rodata*)
 *(.gnu.linkonce.d*)
                0x00800298                . = ALIGN (0x2)
 *fill*         0x00800297        0x1 00
                0x00800298                _edata = .
                0x00800298                PROVIDE (__data_end, .)

.bss            0x00800298      0xfeb
                0x00800298                PROVIDE (__bss_start, .)
 *(.bss)
 .bss           0x00800298        0x0 c:/winavr-20081205/bin/../lib/gcc/avr/4.3.2/../../../../avr/lib/avr5/crtm640.o
 .bss           0x00800298        0x0 lbRTOS.o
 .bss           0x00800298        0x0 list.o
 .bss           0x00800298        0x0 queue.o
 .bss           0x00800298       0x5a tasks.o
                0x00800298                pxCurrentTCB
 .bss           0x008002f2        0x0 port.o
 .bss           0x008002f2       0x3a croutine.o
                0x008002f2                pxCurrentCoRoutine
 .bss           0x0080032c      0xbba heap_1.o
 .bss           0x00800ee6       0x34 timer640.o
 .bss           0x00800f1a      0x248 uart4.o
 .bss           0x00801162        0x0 buffer.o
 .bss           0x00801162        0x0 a2d.o
 .bss           0x00801162        0x2 rprintf.o
 .bss           0x00801164       0x4a i2c.o
 .bss           0x008011ae        0x0 ax12.o
 .bss           0x008011ae        0x0 c:/winavr-20081205/bin/../lib/gcc/avr/4.3.2/../../../../avr/lib/avr5\libm.a(acos.o)
 .bss           0x008011ae        0x0 c:/winavr-20081205/bin/../lib/gcc/avr/4.3.2/../../../../avr/lib/avr5\libm.a(addsf3.o)
 .bss           0x008011ae        0x0 c:/winavr-20081205/bin/../lib/gcc/avr/4.3.2/../../../../avr/lib/avr5\libm.a(addsf3x.o)
 .bss           0x008011ae        0x0 c:/winavr-20081205/bin/../lib/gcc/avr/4.3.2/../../../../avr/lib/avr5\libm.a(asin.o)
 .bss           0x008011ae        0x0 c:/winavr-20081205/bin/../lib/gcc/avr/4.3.2/../../../../avr/lib/avr5\libm.a(atan2.o)
 .bss           0x008011ae        0x0 c:/winavr-20081205/bin/../lib/gcc/avr/4.3.2/../../../../avr/lib/avr5\libm.a(atan.o)
 .bss           0x008011ae        0x0 c:/winavr-20081205/bin/../lib/gcc/avr/4.3.2/../../../../avr/lib/avr5\libm.a(cmpsf2.o)
 .bss           0x008011ae        0x0 c:/winavr-20081205/bin/../lib/gcc/avr/4.3.2/../../../../avr/lib/avr5\libm.a(cos.o)
 .bss           0x008011ae        0x0 c:/winavr-20081205/bin/../lib/gcc/avr/4.3.2/../../../../avr/lib/avr5\libm.a(divsf3.o)
 .bss           0x008011ae        0x0 c:/winavr-20081205/bin/../lib/gcc/avr/4.3.2/../../../../avr/lib/avr5\libm.a(divsf3x.o)
 .bss           0x008011ae        0x0 c:/winavr-20081205/bin/../lib/gcc/avr/4.3.2/../../../../avr/lib/avr5\libm.a(fixsfsi.o)
 .bss           0x008011ae        0x0 c:/winavr-20081205/bin/../lib/gcc/avr/4.3.2/../../../../avr/lib/avr5\libm.a(fixunssfsi.o)
 .bss           0x008011ae        0x0 c:/winavr-20081205/bin/../lib/gcc/avr/4.3.2/../../../../avr/lib/avr5\libm.a(floatsisf.o)
 .bss           0x008011ae        0x0 c:/winavr-20081205/bin/../lib/gcc/avr/4.3.2/../../../../avr/lib/avr5\libm.a(fp_arccos.o)
 .bss           0x008011ae        0x0 c:/winavr-20081205/bin/../lib/gcc/avr/4.3.2/../../../../avr/lib/avr5\libm.a(fp_cmp.o)
 .bss           0x008011ae        0x0 c:/winavr-20081205/bin/../lib/gcc/avr/4.3.2/../../../../avr/lib/avr5\libm.a(fp_inf.o)
 .bss           0x008011ae        0x0 c:/winavr-20081205/bin/../lib/gcc/avr/4.3.2/../../../../avr/lib/avr5\libm.a(fp_nan.o)
 .bss           0x008011ae        0x0 c:/winavr-20081205/bin/../lib/gcc/avr/4.3.2/../../../../avr/lib/avr5\libm.a(fp_powser.o)
 .bss           0x008011ae        0x0 c:/winavr-20081205/bin/../lib/gcc/avr/4.3.2/../../../../avr/lib/avr5\libm.a(fp_powsodd.o)
 .bss           0x008011ae        0x0 c:/winavr-20081205/bin/../lib/gcc/avr/4.3.2/../../../../avr/lib/avr5\libm.a(fp_pscA.o)
 .bss           0x008011ae        0x0 c:/winavr-20081205/bin/../lib/gcc/avr/4.3.2/../../../../avr/lib/avr5\libm.a(fp_pscB.o)
 .bss           0x008011ae        0x0 c:/winavr-20081205/bin/../lib/gcc/avr/4.3.2/../../../../avr/lib/avr5\libm.a(fp_rempio2.o)
 .bss           0x008011ae        0x0 c:/winavr-20081205/bin/../lib/gcc/avr/4.3.2/../../../../avr/lib/avr5\libm.a(fp_round.o)
 .bss           0x008011ae        0x0 c:/winavr-20081205/bin/../lib/gcc/avr/4.3.2/../../../../avr/lib/avr5\libm.a(fp_sinus.o)
 .bss           0x008011ae        0x0 c:/winavr-20081205/bin/../lib/gcc/avr/4.3.2/../../../../avr/lib/avr5\libm.a(fp_split3.o)
 .bss           0x008011ae        0x0 c:/winavr-20081205/bin/../lib/gcc/avr/4.3.2/../../../../avr/lib/avr5\libm.a(fp_zero.o)
 .bss           0x008011ae        0x0 c:/winavr-20081205/bin/../lib/gcc/avr/4.3.2/../../../../avr/lib/avr5\libm.a(gesf2.o)
 .bss           0x008011ae        0x0 c:/winavr-20081205/bin/../lib/gcc/avr/4.3.2/../../../../avr/lib/avr5\libm.a(inverse.o)
 .bss           0x008011ae        0x0 c:/winavr-20081205/bin/../lib/gcc/avr/4.3.2/../../../../avr/lib/avr5\libm.a(mulsf3.o)
 .bss           0x008011ae        0x0 c:/winavr-20081205/bin/../lib/gcc/avr/4.3.2/../../../../avr/lib/avr5\libm.a(mulsf3x.o)
 .bss           0x008011ae        0x0 c:/winavr-20081205/bin/../lib/gcc/avr/4.3.2/../../../../avr/lib/avr5\libm.a(pow.o)
 .bss           0x008011ae        0x0 c:/winavr-20081205/bin/../lib/gcc/avr/4.3.2/../../../../avr/lib/avr5\libm.a(sin.o)
 .bss           0x008011ae        0x0 c:/winavr-20081205/bin/../lib/gcc/avr/4.3.2/../../../../avr/lib/avr5\libm.a(sqrt.o)
 .bss           0x008011ae        0x0 c:/winavr-20081205/bin/../lib/gcc/avr/4.3.2/../../../../avr/lib/avr5\libm.a(square.o)
 .bss           0x008011ae        0x0 c:/winavr-20081205/bin/../lib/gcc/avr/4.3.2/../../../../avr/lib/avr5\libm.a(tan.o)
 .bss           0x008011ae        0x0 c:/winavr-20081205/bin/../lib/gcc/avr/4.3.2/../../../../avr/lib/avr5\libm.a(trunc.o)
 .bss           0x008011ae        0x0 c:/winavr-20081205/bin/../lib/gcc/avr/4.3.2/../../../../avr/lib/avr5\libm.a(exp.o)
 .bss           0x008011ae        0x0 c:/winavr-20081205/bin/../lib/gcc/avr/4.3.2/../../../../avr/lib/avr5\libm.a(fp_mintl.o)
 .bss           0x008011ae        0x0 c:/winavr-20081205/bin/../lib/gcc/avr/4.3.2/../../../../avr/lib/avr5\libm.a(fp_mpack.o)
 .bss           0x008011ae        0x0 c:/winavr-20081205/bin/../lib/gcc/avr/4.3.2/../../../../avr/lib/avr5\libm.a(fp_norm2.o)
 .bss           0x008011ae        0x0 c:/winavr-20081205/bin/../lib/gcc/avr/4.3.2/../../../../avr/lib/avr5\libm.a(fp_trunc.o)
 .bss           0x008011ae        0x0 c:/winavr-20081205/bin/../lib/gcc/avr/4.3.2/../../../../avr/lib/avr5\libm.a(ldexp.o)
 .bss           0x008011ae        0x0 c:/winavr-20081205/bin/../lib/gcc/avr/4.3.2/../../../../avr/lib/avr5\libm.a(log.o)
 .bss           0x008011ae        0x0 c:/winavr-20081205/bin/../lib/gcc/avr/4.3.2/../../../../avr/lib/avr5\libm.a(modf.o)
 .bss           0x008011ae        0x0 c:/winavr-20081205/bin/../lib/gcc/avr/4.3.2/../../../../avr/lib/avr5\libc.a(exit.o)
 .bss           0x008011ae        0x0 c:/winavr-20081205/bin/../lib/gcc/avr/4.3.2/../../../../avr/lib/avr5\libc.a(memcpy.o)
 .bss           0x008011ae        0x0 c:/winavr-20081205/bin/../lib/gcc/avr/4.3.2/../../../../avr/lib/avr5\libc.a(memset.o)
 .bss           0x008011ae        0x0 c:/winavr-20081205/bin/../lib/gcc/avr/4.3.2/../../../../avr/lib/avr5\libc.a(strncpy.o)
 .bss           0x008011ae        0x0 c:/winavr-20081205/bin/../lib/gcc/avr/4.3.2/avr5\libgcc.a(_udivmodhi4.o)
 .bss           0x008011ae        0x0 c:/winavr-20081205/bin/../lib/gcc/avr/4.3.2/avr5\libgcc.a(_divmodhi4.o)
 .bss           0x008011ae        0x0 c:/winavr-20081205/bin/../lib/gcc/avr/4.3.2/avr5\libgcc.a(_udivmodsi4.o)
 .bss           0x008011ae        0x0 c:/winavr-20081205/bin/../lib/gcc/avr/4.3.2/avr5\libgcc.a(_divmodsi4.o)
 .bss           0x008011ae        0x0 c:/winavr-20081205/bin/../lib/gcc/avr/4.3.2/avr5\libgcc.a(_exit.o)
 .bss           0x008011ae        0x0 c:/winavr-20081205/bin/../lib/gcc/avr/4.3.2/avr5\libgcc.a(_copy_data.o)
 .bss           0x008011ae        0x0 c:/winavr-20081205/bin/../lib/gcc/avr/4.3.2/avr5\libgcc.a(_clear_bss.o)
 *(.bss*)
 *(COMMON)
 COMMON         0x008011ae       0x1c timer640.o
                0x008011ae                timer4_ovrflow_cnt
                0x008011b2                timer1_ovrflow_cnt
                0x008011b6                timer0_ovrflow_cnt
                0x008011ba                timer2_ovrflow_cnt
                0x008011be                timer_sleep_cnt
                0x008011c2                timer3_ovrflow_cnt
                0x008011c6                timer5_ovrflow_cnt
 COMMON         0x008011ca       0x50 uart4.o
                0x008011ca                uartReadyTx
                0x008011ce                uartRxBuffer
                0x008011ee                uartBufferedTx
                0x008011f2                uartTxBuffer
                0x00801212                uartRxOverflow
 COMMON         0x0080121a        0x1 a2d.o
                0x0080121a                a2dCompleteFlag
 COMMON         0x0080121b       0x68 ax12.o
                0x0080121b                ax_tx_buffer
                0x0080123b                ax_rx_int_buffer
                0x0080125b                ax_rx_Pointer
                0x0080125d                ax12Error
                0x0080125f                ax_tx_Pointer
                0x00801261                ax_rx_buffer
                0x00801281                ax_rx_int_Pointer
                0x00801283                PROVIDE (__bss_end, .)
                0x00006e3c                __data_load_start = LOADADDR (.data)
                0x00006ed4                __data_load_end = (__data_load_start + SIZEOF (.data))

.noinit         0x00801283        0x0
                0x00801283                PROVIDE (__noinit_start, .)
 *(.noinit*)
                0x00801283                PROVIDE (__noinit_end, .)
                0x00801283                _end = .
                0x00801283                PROVIDE (__heap_start, .)

.eeprom         0x00810000        0x0
 *(.eeprom*)
                0x00810000                __eeprom_end = .

.fuse
 *(.fuse)
 *(.lfuse)
 *(.hfuse)
 *(.efuse)

.lock
 *(.lock*)

.signature
 *(.signature*)

.stab
 *(.stab)

.stabstr
 *(.stabstr)

.stab.excl
 *(.stab.excl)

.stab.exclstr
 *(.stab.exclstr)

.stab.index
 *(.stab.index)

.stab.indexstr
 *(.stab.indexstr)

.comment
 *(.comment)

.debug
 *(.debug)

.line
 *(.line)

.debug_srcinfo
 *(.debug_srcinfo)

.debug_sfnames
 *(.debug_sfnames)

.debug_aranges  0x00000000      0x1c0
 *(.debug_aranges)
 .debug_aranges
                0x00000000       0x20 lbRTOS.o
 .debug_aranges
                0x00000020       0x20 list.o
 .debug_aranges
                0x00000040       0x20 queue.o
 .debug_aranges
                0x00000060       0x20 tasks.o
 .debug_aranges
                0x00000080       0x20 port.o
 .debug_aranges
                0x000000a0       0x20 croutine.o
 .debug_aranges
                0x000000c0       0x20 heap_1.o
 .debug_aranges
                0x000000e0       0x20 timer640.o
 .debug_aranges
                0x00000100       0x20 uart4.o
 .debug_aranges
                0x00000120       0x20 buffer.o
 .debug_aranges
                0x00000140       0x20 a2d.o
 .debug_aranges
                0x00000160       0x20 rprintf.o
 .debug_aranges
                0x00000180       0x20 i2c.o
 .debug_aranges
                0x000001a0       0x20 ax12.o

.debug_pubnames
                0x00000000     0x183d
 *(.debug_pubnames)
 .debug_pubnames
                0x00000000      0x56a lbRTOS.o
 .debug_pubnames
                0x0000056a       0x71 list.o
 .debug_pubnames
                0x000005db      0x111 queue.o
 .debug_pubnames
                0x000006ec      0x1bc tasks.o
 .debug_pubnames
                0x000008a8       0x90 port.o
 .debug_pubnames
                0x00000938       0x96 croutine.o
 .debug_pubnames
                0x000009ce       0x64 heap_1.o
 .debug_pubnames
                0x00000a32      0x588 timer640.o
 .debug_pubnames
                0x00000fba      0x376 uart4.o
 .debug_pubnames
                0x00001330       0x9c buffer.o
 .debug_pubnames
                0x000013cc       0xd4 a2d.o
 .debug_pubnames
                0x000014a0       0xe5 rprintf.o
 .debug_pubnames
                0x00001585      0x17c i2c.o
 .debug_pubnames
                0x00001701      0x13c ax12.o

.debug_info     0x00000000     0x5e3d
 *(.debug_info)
 .debug_info    0x00000000     0x1407 lbRTOS.o
 .debug_info    0x00001407      0x2b1 list.o
 .debug_info    0x000016b8      0x771 queue.o
 .debug_info    0x00001e29      0xb1a tasks.o
 .debug_info    0x00002943      0x1c2 port.o
 .debug_info    0x00002b05      0x50a croutine.o
 .debug_info    0x0000300f      0x169 heap_1.o
 .debug_info    0x00003178      0xbe7 timer640.o
 .debug_info    0x00003d5f      0x91e uart4.o
 .debug_info    0x0000467d      0x2cb buffer.o
 .debug_info    0x00004948      0x21b a2d.o
 .debug_info    0x00004b63      0x580 rprintf.o
 .debug_info    0x000050e3      0x68c i2c.o
 .debug_info    0x0000576f      0x6ce ax12.o
 *(.gnu.linkonce.wi.*)

.debug_abbrev   0x00000000     0x1835
 *(.debug_abbrev)
 .debug_abbrev  0x00000000      0x31f lbRTOS.o
 .debug_abbrev  0x0000031f       0xdd list.o
 .debug_abbrev  0x000003fc      0x1b3 queue.o
 .debug_abbrev  0x000005af      0x25e tasks.o
 .debug_abbrev  0x0000080d      0x118 port.o
 .debug_abbrev  0x00000925      0x1dd croutine.o
 .debug_abbrev  0x00000b02      0x114 heap_1.o
 .debug_abbrev  0x00000c16      0x248 timer640.o
 .debug_abbrev  0x00000e5e      0x1e0 uart4.o
 .debug_abbrev  0x0000103e       0xec buffer.o
 .debug_abbrev  0x0000112a      0x12f a2d.o
 .debug_abbrev  0x00001259      0x1c9 rprintf.o
 .debug_abbrev  0x00001422      0x23f i2c.o
 .debug_abbrev  0x00001661      0x1d4 ax12.o

.debug_line     0x00000000     0x47e2
 *(.debug_line)
 .debug_line    0x00000000      0xe2c lbRTOS.o
 .debug_line    0x00000e2c      0x211 list.o
 .debug_line    0x0000103d      0x695 queue.o
 .debug_line    0x000016d2      0x77f tasks.o
 .debug_line    0x00001e51      0x2ce port.o
 .debug_line    0x0000211f      0x324 croutine.o
 .debug_line    0x00002443      0x122 heap_1.o
 .debug_line    0x00002565      0x7a1 timer640.o
 .debug_line    0x00002d06      0x749 uart4.o
 .debug_line    0x0000344f      0x1e8 buffer.o
 .debug_line    0x00003637      0x1dc a2d.o
 .debug_line    0x00003813      0x43d rprintf.o
 .debug_line    0x00003c50      0x527 i2c.o
 .debug_line    0x00004177      0x66b ax12.o

.debug_frame    0x00000000     0x1370
 *(.debug_frame)
 .debug_frame   0x00000000      0x550 lbRTOS.o
 .debug_frame   0x00000550       0x60 list.o
 .debug_frame   0x000005b0       0xd0 queue.o
 .debug_frame   0x00000680      0x140 tasks.o
 .debug_frame   0x000007c0       0x70 port.o
 .debug_frame   0x00000830       0x50 croutine.o
 .debug_frame   0x00000880       0x50 heap_1.o
 .debug_frame   0x000008d0      0x400 timer640.o
 .debug_frame   0x00000cd0      0x2a0 uart4.o
 .debug_frame   0x00000f70       0x80 buffer.o
 .debug_frame   0x00000ff0       0xb0 a2d.o
 .debug_frame   0x000010a0       0xe0 rprintf.o
 .debug_frame   0x00001180      0x130 i2c.o
 .debug_frame   0x000012b0       0xc0 ax12.o

.debug_str      0x00000000     0x23da
 *(.debug_str)
 .debug_str     0x00000000      0x54e lbRTOS.o
                                0x5ad (size before relaxing)
 .debug_str     0x0000054e      0x13c list.o
                                0x1d9 (size before relaxing)
 .debug_str     0x0000068a      0x2fe queue.o
                                0x464 (size before relaxing)
 .debug_str     0x00000988      0x52b tasks.o
                                0x6be (size before relaxing)
 .debug_str     0x00000eb3       0xda port.o
                                0x1aa (size before relaxing)
 .debug_str     0x00000f8d      0x249 croutine.o
                                0x3fd (size before relaxing)
 .debug_str     0x000011d6       0xa9 heap_1.o
                                0x15a (size before relaxing)
 .debug_str     0x0000127f      0x751 timer640.o
                                0x82f (size before relaxing)
 .debug_str     0x000019d0      0x39e uart4.o
                                0x468 (size before relaxing)
 .debug_str     0x00001d6e       0x97 buffer.o
                                0x19c (size before relaxing)
 .debug_str     0x00001e05       0xac a2d.o
                                0x160 (size before relaxing)
 .debug_str     0x00001eb1      0x171 rprintf.o
                                0x26e (size before relaxing)
 .debug_str     0x00002022      0x288 i2c.o
                                0x348 (size before relaxing)
 .debug_str     0x000022aa      0x130 ax12.o
                                0x1ce (size before relaxing)

.debug_loc      0x00000000     0x31cd
 *(.debug_loc)
 .debug_loc     0x00000000      0xe23 lbRTOS.o
 .debug_loc     0x00000e23      0x100 list.o
 .debug_loc     0x00000f23      0x5e0 queue.o
 .debug_loc     0x00001503      0x514 tasks.o
 .debug_loc     0x00001a17       0x3b port.o
 .debug_loc     0x00001a52      0x210 croutine.o
 .debug_loc     0x00001c62       0x50 heap_1.o
 .debug_loc     0x00001cb2      0x1e6 timer640.o
 .debug_loc     0x00001e98      0x502 uart4.o
 .debug_loc     0x0000239a      0x1a2 buffer.o
 .debug_loc     0x0000253c       0x6d a2d.o
 .debug_loc     0x000025a9      0x7c0 rprintf.o
 .debug_loc     0x00002d69      0x232 i2c.o
 .debug_loc     0x00002f9b      0x232 ax12.o

.debug_macinfo
 *(.debug_macinfo)
OUTPUT(lbRTOS.elf elf32-avr)
LOAD linker stubs

.debug_ranges   0x00000000       0x18
 .debug_ranges  0x00000000       0x18 tasks.o
