Archive member included because of file (symbol)

c:/winavr-20081205/bin/../lib/gcc/avr/4.3.2/../../../../avr/lib/avr5\libm.a(addsf3.o)
                              rprintf.o (__subsf3)
c:/winavr-20081205/bin/../lib/gcc/avr/4.3.2/../../../../avr/lib/avr5\libm.a(addsf3x.o)
                              c:/winavr-20081205/bin/../lib/gcc/avr/4.3.2/../../../../avr/lib/avr5\libm.a(addsf3.o) (__addsf3x)
c:/winavr-20081205/bin/../lib/gcc/avr/4.3.2/../../../../avr/lib/avr5\libm.a(cmpsf2.o)
                              rprintf.o (__eqsf2)
c:/winavr-20081205/bin/../lib/gcc/avr/4.3.2/../../../../avr/lib/avr5\libm.a(divsf3.o)
                              rprintf.o (__divsf3)
c:/winavr-20081205/bin/../lib/gcc/avr/4.3.2/../../../../avr/lib/avr5\libm.a(divsf3x.o)
                              c:/winavr-20081205/bin/../lib/gcc/avr/4.3.2/../../../../avr/lib/avr5\libm.a(divsf3.o) (__divsf3x)
c:/winavr-20081205/bin/../lib/gcc/avr/4.3.2/../../../../avr/lib/avr5\libm.a(fixunssfsi.o)
                              timer640.o (__fixunssfsi)
c:/winavr-20081205/bin/../lib/gcc/avr/4.3.2/../../../../avr/lib/avr5\libm.a(floatsisf.o)
                              timer640.o (__floatunsisf)
c:/winavr-20081205/bin/../lib/gcc/avr/4.3.2/../../../../avr/lib/avr5\libm.a(fp_cmp.o)
                              c:/winavr-20081205/bin/../lib/gcc/avr/4.3.2/../../../../avr/lib/avr5\libm.a(cmpsf2.o) (__fp_cmp)
c:/winavr-20081205/bin/../lib/gcc/avr/4.3.2/../../../../avr/lib/avr5\libm.a(fp_inf.o)
                              c:/winavr-20081205/bin/../lib/gcc/avr/4.3.2/../../../../avr/lib/avr5\libm.a(addsf3x.o) (__fp_inf)
c:/winavr-20081205/bin/../lib/gcc/avr/4.3.2/../../../../avr/lib/avr5\libm.a(fp_nan.o)
                              c:/winavr-20081205/bin/../lib/gcc/avr/4.3.2/../../../../avr/lib/avr5\libm.a(addsf3x.o) (__fp_nan)
c:/winavr-20081205/bin/../lib/gcc/avr/4.3.2/../../../../avr/lib/avr5\libm.a(fp_pscA.o)
                              c:/winavr-20081205/bin/../lib/gcc/avr/4.3.2/../../../../avr/lib/avr5\libm.a(addsf3x.o) (__fp_pscA)
c:/winavr-20081205/bin/../lib/gcc/avr/4.3.2/../../../../avr/lib/avr5\libm.a(fp_pscB.o)
                              c:/winavr-20081205/bin/../lib/gcc/avr/4.3.2/../../../../avr/lib/avr5\libm.a(addsf3x.o) (__fp_pscB)
c:/winavr-20081205/bin/../lib/gcc/avr/4.3.2/../../../../avr/lib/avr5\libm.a(fp_round.o)
                              c:/winavr-20081205/bin/../lib/gcc/avr/4.3.2/../../../../avr/lib/avr5\libm.a(addsf3.o) (__fp_round)
c:/winavr-20081205/bin/../lib/gcc/avr/4.3.2/../../../../avr/lib/avr5\libm.a(fp_split3.o)
                              c:/winavr-20081205/bin/../lib/gcc/avr/4.3.2/../../../../avr/lib/avr5\libm.a(addsf3x.o) (__fp_split3)
c:/winavr-20081205/bin/../lib/gcc/avr/4.3.2/../../../../avr/lib/avr5\libm.a(fp_zero.o)
                              c:/winavr-20081205/bin/../lib/gcc/avr/4.3.2/../../../../avr/lib/avr5\libm.a(addsf3x.o) (__fp_zero)
c:/winavr-20081205/bin/../lib/gcc/avr/4.3.2/../../../../avr/lib/avr5\libm.a(gesf2.o)
                              timer640.o (__gtsf2)
c:/winavr-20081205/bin/../lib/gcc/avr/4.3.2/../../../../avr/lib/avr5\libm.a(mulsf3.o)
                              timer640.o (__mulsf3)
c:/winavr-20081205/bin/../lib/gcc/avr/4.3.2/../../../../avr/lib/avr5\libm.a(mulsf3x.o)
                              c:/winavr-20081205/bin/../lib/gcc/avr/4.3.2/../../../../avr/lib/avr5\libm.a(mulsf3.o) (__mulsf3x)
c:/winavr-20081205/bin/../lib/gcc/avr/4.3.2/../../../../avr/lib/avr5\libc.a(exit.o)
                              c:/winavr-20081205/bin/../lib/gcc/avr/4.3.2/../../../../avr/lib/avr5/crtm640.o (exit)
c:/winavr-20081205/bin/../lib/gcc/avr/4.3.2/../../../../avr/lib/avr5\libc.a(memcpy.o)
                              queue.o (memcpy)
c:/winavr-20081205/bin/../lib/gcc/avr/4.3.2/../../../../avr/lib/avr5\libc.a(memset.o)
                              tasks.o (memset)
c:/winavr-20081205/bin/../lib/gcc/avr/4.3.2/../../../../avr/lib/avr5\libc.a(strncpy.o)
                              tasks.o (strncpy)
c:/winavr-20081205/bin/../lib/gcc/avr/4.3.2/avr5\libgcc.a(_udivmodhi4.o)
                              buffer.o (__udivmodhi4)
c:/winavr-20081205/bin/../lib/gcc/avr/4.3.2/avr5\libgcc.a(_divmodhi4.o)
                              lbRTOS.o (__divmodhi4)
c:/winavr-20081205/bin/../lib/gcc/avr/4.3.2/avr5\libgcc.a(_udivmodsi4.o)
                              uart4.o (__udivmodsi4)
c:/winavr-20081205/bin/../lib/gcc/avr/4.3.2/avr5\libgcc.a(_divmodsi4.o)
                              lbRTOS.o (__divmodsi4)
c:/winavr-20081205/bin/../lib/gcc/avr/4.3.2/avr5\libgcc.a(_exit.o)
                              c:/winavr-20081205/bin/../lib/gcc/avr/4.3.2/../../../../avr/lib/avr5\libc.a(exit.o) (_exit)
c:/winavr-20081205/bin/../lib/gcc/avr/4.3.2/avr5\libgcc.a(_copy_data.o)
                              lbRTOS.o (__do_copy_data)
c:/winavr-20081205/bin/../lib/gcc/avr/4.3.2/avr5\libgcc.a(_clear_bss.o)
                              lbRTOS.o (__do_clear_bss)

Allocating common symbols
Common symbol       size              file

uartReadyTx         0x4               uart4.o
arr                 0xdac             lbRTOS.o
ang_vel             0x2               lbRTOS.o
timer4_ovrflow_cnt  0x4               timer640.o
timer1_ovrflow_cnt  0x4               timer640.o
timer0_ovrflow_cnt  0x4               timer640.o
uartRxBuffer        0x20              uart4.o
timer2_ovrflow_cnt  0x4               timer640.o
timer_sleep_cnt     0x4               timer640.o
uartBufferedTx      0x4               uart4.o
a2dCompleteFlag     0x1               a2d.o
timer3_ovrflow_cnt  0x4               timer640.o
uartTxBuffer        0x20              uart4.o
timer5_ovrflow_cnt  0x4               timer640.o
uartRxOverflow      0x8               uart4.o

Memory Configuration

Name             Origin             Length             Attributes
text             0x00000000         0x00020000         xr
data             0x00800060         0x0000ffa0         rw !x
eeprom           0x00810000         0x00010000         rw !x
fuse             0x00820000         0x00000400         rw !x
lock             0x00830000         0x00000400         rw !x
signature        0x00840000         0x00000400         rw !x
*default*        0x00000000         0xffffffff

Linker script and memory map

Address of section .data set to 0x800200
LOAD c:/winavr-20081205/bin/../lib/gcc/avr/4.3.2/../../../../avr/lib/avr5/crtm640.o
LOAD lbRTOS.o
LOAD list.o
LOAD queue.o
LOAD tasks.o
LOAD port.o
LOAD croutine.o
LOAD heap_1.o
LOAD timer640.o
LOAD uart4.o
LOAD buffer.o
LOAD a2d.o
LOAD rprintf.o
LOAD i2c.o
LOAD c:/winavr-20081205/bin/../lib/gcc/avr/4.3.2/../../../../avr/lib/avr5\libm.a
LOAD c:/winavr-20081205/bin/../lib/gcc/avr/4.3.2/../../../../avr/lib/avr5\libc.a
LOAD c:/winavr-20081205/bin/../lib/gcc/avr/4.3.2/avr5\libgcc.a
LOAD c:/winavr-20081205/bin/../lib/gcc/avr/4.3.2/../../../../avr/lib/avr5\libc.a
LOAD c:/winavr-20081205/bin/../lib/gcc/avr/4.3.2/avr5\libgcc.a

.hash
 *(.hash)

.dynsym
 *(.dynsym)

.dynstr
 *(.dynstr)

.gnu.version
 *(.gnu.version)

.gnu.version_d
 *(.gnu.version_d)

.gnu.version_r
 *(.gnu.version_r)

.rel.init
 *(.rel.init)

.rela.init
 *(.rela.init)

.rel.text
 *(.rel.text)
 *(.rel.text.*)
 *(.rel.gnu.linkonce.t*)

.rela.text
 *(.rela.text)
 *(.rela.text.*)
 *(.rela.gnu.linkonce.t*)

.rel.fini
 *(.rel.fini)

.rela.fini
 *(.rela.fini)

.rel.rodata
 *(.rel.rodata)
 *(.rel.rodata.*)
 *(.rel.gnu.linkonce.r*)

.rela.rodata
 *(.rela.rodata)
 *(.rela.rodata.*)
 *(.rela.gnu.linkonce.r*)

.rel.data
 *(.rel.data)
 *(.rel.data.*)
 *(.rel.gnu.linkonce.d*)

.rela.data
 *(.rela.data)
 *(.rela.data.*)
 *(.rela.gnu.linkonce.d*)

.rel.ctors
 *(.rel.ctors)

.rela.ctors
 *(.rela.ctors)

.rel.dtors
 *(.rel.dtors)

.rela.dtors
 *(.rela.dtors)

.rel.got
 *(.rel.got)

.rela.got
 *(.rela.got)

.rel.bss
 *(.rel.bss)

.rela.bss
 *(.rela.bss)

.rel.plt
 *(.rel.plt)

.rela.plt
 *(.rela.plt)

.text           0x00000000     0x48c6
 *(.vectors)
 .vectors       0x00000000       0xe4 c:/winavr-20081205/bin/../lib/gcc/avr/4.3.2/../../../../avr/lib/avr5/crtm640.o
                0x00000000                __vectors
 *(.vectors)
 *(.progmem.gcc*)
 *(.progmem*)
 .progmem.data  0x000000e4       0x30 lbRTOS.o
 .progmem.data  0x00000114       0x2d timer640.o
                0x00000114                TimerPrescaleFactor
                0x00000120                Timer2PrescaleFactor
 .progmem.data  0x00000141       0x11 rprintf.o
                0x00000152                . = ALIGN (0x2)
                0x00000152                __trampolines_start = .
 *(.trampolines)
 .trampolines   0x00000152        0x0 linker stubs
 *(.trampolines*)
                0x00000152                __trampolines_end = .
 *(.jumptables)
 *(.jumptables*)
 *(.lowtext)
 *(.lowtext*)
                0x00000152                __ctors_start = .
 *(.ctors)
                0x00000152                __ctors_end = .
                0x00000152                __dtors_start = .
 *(.dtors)
                0x00000152                __dtors_end = .
 SORT(*)(.ctors)
 SORT(*)(.dtors)
 *(.init0)
 .init0         0x00000152        0x0 c:/winavr-20081205/bin/../lib/gcc/avr/4.3.2/../../../../avr/lib/avr5/crtm640.o
                0x00000152                __init
 *(.init0)
 *(.init1)
 *(.init1)
 *(.init2)
 .init2         0x00000152        0xc c:/winavr-20081205/bin/../lib/gcc/avr/4.3.2/../../../../avr/lib/avr5/crtm640.o
 *(.init2)
 *(.init3)
 *(.init3)
 *(.init4)
 .init4         0x0000015e       0x16 c:/winavr-20081205/bin/../lib/gcc/avr/4.3.2/avr5\libgcc.a(_copy_data.o)
                0x0000015e                __do_copy_data
 .init4         0x00000174       0x10 c:/winavr-20081205/bin/../lib/gcc/avr/4.3.2/avr5\libgcc.a(_clear_bss.o)
                0x00000174                __do_clear_bss
 *(.init4)
 *(.init5)
 *(.init5)
 *(.init6)
 *(.init6)
 *(.init7)
 *(.init7)
 *(.init8)
 *(.init8)
 *(.init9)
 .init9         0x00000184        0x8 c:/winavr-20081205/bin/../lib/gcc/avr/4.3.2/../../../../avr/lib/avr5/crtm640.o
 *(.init9)
 *(.text)
 .text          0x0000018c        0x4 c:/winavr-20081205/bin/../lib/gcc/avr/4.3.2/../../../../avr/lib/avr5/crtm640.o
                0x0000018c                __vector_28
                0x0000018c                __vector_1
                0x0000018c                __vector_24
                0x0000018c                __vector_12
                0x0000018c                __vector_55
                0x0000018c                __bad_interrupt
                0x0000018c                __vector_6
                0x0000018c                __vector_3
                0x0000018c                __vector_30
                0x0000018c                __vector_11
                0x0000018c                __vector_7
                0x0000018c                __vector_5
                0x0000018c                __vector_52
                0x0000018c                __vector_37
                0x0000018c                __vector_4
                0x0000018c                __vector_9
                0x0000018c                __vector_2
                0x0000018c                __vector_40
                0x0000018c                __vector_8
                0x0000018c                __vector_26
                0x0000018c                __vector_10
 .text          0x00000190      0x814 lbRTOS.o
                0x000005ae                PWM_timer3_Off_All
                0x00000518                PWM_timer3_Off_E4
                0x00000710                sin_SoR
                0x0000020c                PWM_Init_timer3_E3
                0x000002cc                PWM_Init_timer4_H3
                0x000004ac                PWM_timer4_On_H3
                0x00000590                PWM_timer2_Off_All
                0x00000652                PWM_timer4_Set_H4
                0x00000696                delay_cycles
                0x00000634                PWM_timer3_Set_E4
                0x00000806                vPassChars
                0x000005e4                PWM_timer4_Off_All
                0x0000069c                LED_on
                0x0000061a                PWM_timer1_Set_LED
                0x00000992                LDSrcv
                0x0000062a                PWM_timer3_Set_E3
                0x00000624                PWM_timer2_Set_H6
                0x000001d0                PWM_Init_timer2_H6
                0x0000065c                PWM_timer4_Set_H5
                0x0000038c                timer1PWMInitICR
                0x00000878                prvSetupHardware
                0x00000464                PWM_timer2_On_H6
                0x000004f4                PWM_timer2_Off_H6
                0x00000190                PWM_Init_timer1_LED
                0x00000410                timer4PWMInitICR
                0x000006ba                cos_SoR
                0x00000698                LED_off
                0x000004be                PWM_timer4_On_H4
                0x00000476                PWM_timer3_On_E3
                0x000003ce                timer3PWMInitICR
                0x0000053c                PWM_timer4_Off_H3
                0x0000098c                main
                0x000006a0                button_pressed
                0x00000506                PWM_timer3_Off_E3
                0x00000648                PWM_timer4_Set_H3
                0x0000054e                PWM_timer4_Off_H4
                0x0000024c                PWM_Init_timer3_E4
                0x00000666                configure_ports
                0x0000076e                tan_SoR
                0x0000030c                PWM_Init_timer4_H4
                0x00000452                PWM_timer1_On_LED
                0x000004d0                PWM_timer4_On_H5
                0x0000028c                PWM_Init_timer3_E5
                0x00000560                PWM_timer4_Off_H5
                0x00000488                PWM_timer3_On_E4
                0x0000049a                PWM_timer3_On_E5
                0x000004e2                PWM_timer1_Off_LED
                0x0000052a                PWM_timer3_Off_E5
                0x0000034c                PWM_Init_timer4_H5
                0x00000572                PWM_timer1_Off_All
                0x0000063e                PWM_timer3_Set_E5
 .text          0x000009a4      0x134 list.o
                0x000009cc                vListInsertEnd
                0x00000a88                vListRemove
                0x000009c4                vListInitialiseItem
                0x000009a4                vListInitialise
                0x00000a1e                vListInsert
 .text          0x00000ad8      0x5ca queue.o
                0x00000c2c                xQueueGenericSendFromISR
                0x00000fdc                xQueueCreate
                0x00000b10                vQueueDelete
                0x00000e94                xQueueGenericSend
                0x00000b2c                xQueueReceiveFromISR
                0x00000afe                xQueueIsQueueFullFromISR
                0x00000cfc                xQueueGenericReceive
                0x00000ad8                uxQueueMessagesWaiting
                0x00000ae8                uxQueueMessagesWaitingFromISR
                0x00000aee                xQueueIsQueueEmptyFromISR
 .text          0x000010a2      0x918 tasks.o
                0x00001690                vTaskEndScheduler
                0x0000135e                vTaskPlaceOnEventList
                0x0000171c                xTaskGenericCreate
                0x000010ae                xTaskGetTickCount
                0x000011ec                xTaskRemoveFromEventList
                0x000015f6                vTaskDelete
                0x00001170                xTaskCheckForTimeOut
                0x000010a2                vTaskSuspendAll
                0x000010c4                xTaskGetTickCountFromISR
                0x000010d6                vTaskSwitchContext
                0x000010d0                uxTaskGetNumberOfTasks
                0x00001272                vTaskIncrementTick
                0x00001548                vTaskDelayUntil
                0x000013d0                xTaskResumeAll
                0x00001964                vTaskStartScheduler
                0x000011e4                vTaskMissedYield
                0x000014cc                vTaskDelay
                0x0000115a                vTaskSetTimeOutState
 .text          0x000019ba      0x274 port.o
                0x00001a4a                xPortStartScheduler
                0x00001ac0                vPortYieldFromTick
                0x00001abe                vPortEndScheduler
                0x00001b76                __vector_17
                0x00001b7c                vPortYield
                0x000019ba                pxPortInitialiseStack
 .text          0x00001c2e      0x394 croutine.o
                0x00001c2e                xCoRoutineRemoveFromEventList
                0x00001ece                xCoRoutineCreate
                0x00001c84                vCoRoutineSchedule
                0x00001e54                vCoRoutineAddToDelayedList
 .text          0x00001fc2       0x6e heap_1.o
                0x00001fce                xPortGetFreeHeapSize
                0x00001fc2                vPortFree
                0x00001fe2                pvPortMalloc
                0x00001fc4                vPortInitialiseBlocks
 .text          0x00002030      0xdfa timer640.o
                0x00002774                __vector_22
                0x000020b2                get_timer3_prescaler
                0x000021c4                reset_timer0
                0x00002258                init_timer0
                0x0000207a                get_timer1_prescaler
                0x000029ea                __vector_32
                0x00002148                get_timer3_overflow
                0x0000215e                get_timer4_overflow
                0x000021b8                get_timer5_counter
                0x00002a9e                __vector_34
                0x000021ac                get_timer4_counter
                0x000022b8                init_timer3
                0x00002c60                __vector_46
                0x00002990                __vector_31
                0x0000234e                sleep
                0x00002336                timer_detach
                0x000022dc                init_timer4
                0x0000259a                __vector_35
                0x0000223c                reset_timer5
                0x000023f4                __vector_23
                0x0000261a                __vector_45
                0x00002096                get_timer2_prescaler
                0x00002048                prescaler_hex_to_value_for_timer2
                0x000028dc                __vector_13
                0x0000218a                get_timer0_counter
                0x00002882                __vector_19
                0x0000219a                get_timer2_counter
                0x00002d6e                __vector_49
                0x00002af8                __vector_41
                0x00002030                prescaler_hex_to_value
                0x00002bac                __vector_43
                0x0000211c                get_timer1_overflow
                0x00002dc8                __vector_default
                0x00002a44                __vector_33
                0x00002208                reset_timer3
                0x00002cba                __vector_47
                0x00002106                get_timer0_overflow
                0x00002256                delay_us
                0x000020ce                get_timer4_prescaler
                0x00002132                get_timer2_overflow
                0x00002222                reset_timer4
                0x00002c06                __vector_44
                0x00002300                init_timer5
                0x0000271a                __vector_21
                0x0000251a                __vector_15
                0x000021a0                get_timer3_counter
                0x00002348                _delay_loop_2
                0x00002274                init_timer1
                0x000020ea                get_timer5_prescaler
                0x00002d14                __vector_48
                0x00002174                get_timer5_overflow
                0x000021d8                reset_timer1
                0x00002936                __vector_14
                0x0000218e                get_timer1_counter
                0x00002324                timer_attach
                0x00002060                get_timer0_prescaler
                0x0000269a                __vector_50
                0x000027ce                __vector_16
                0x00002828                __vector_18
                0x000021f2                reset_timer2
                0x0000249a                __vector_20
                0x00002298                init_timer2
                0x00002b52                __vector_42
 .text          0x00002e2a      0x874 uart4.o
                0x00003338                __vector_38
                0x000033cc                uartSendTxBuffer
                0x00002f72                uartReceiveService
                0x000031fe                uart2AddToTxBuffer
                0x00002eda                uartSendByte
                0x00003634                uart0InitBuffers
                0x00002f3c                uart2SendByte
                0x000034b6                uart1GetByte
                0x000033fa                uartReceiveByte
                0x00003112                uartSendBuffer
                0x000030c8                __vector_25
                0x000034e6                uart0GetByte
                0x000031dc                uartAddToTxBuffer
                0x00002fea                __vector_54
                0x00002f46                uart3SendByte
                0x00003222                uartTransmitService
                0x00002e2a                uartSetRxHandler
                0x000032a4                __vector_56
                0x00003656                uart0Init
                0x000035fe                uart1Init
                0x00003516                uartFlushReceiveBuffer
                0x00003382                __vector_27
                0x0000368c                uartInit
                0x00002f28                uart0SendByte
                0x00002f50                uartReceiveBufferIsEmpty
                0x0000354e                uart3Init
                0x00002e40                uartSetBaudRate
                0x000031f2                uart3AddToTxBuffer
                0x0000352c                uart3InitBuffers
                0x00002f32                uart1SendByte
                0x00002ec4                uartGetTxBuffer
                0x00003034                __vector_51
                0x00002eae                uartGetRxBuffer
                0x000035a6                uart2Init
                0x0000307e                __vector_36
                0x000035dc                uart1InitBuffers
                0x00003216                uart0AddToTxBuffer
                0x00003584                uart2InitBuffers
                0x00003486                uart2GetByte
                0x000032ee                __vector_53
                0x00003456                uart3GetByte
                0x0000320a                uart1AddToTxBuffer
 .text          0x0000369e      0x160 buffer.o
                0x000037d8                bufferIsNotFull
                0x000036b8                bufferGetFromFront
                0x00003762                bufferGetAtIndex
                0x0000371e                bufferDumpFromFront
                0x0000369e                bufferInit
                0x0000378a                bufferAddToEnd
                0x000037f0                bufferFlush
 .text          0x000037fe      0x116 a2d.o
                0x0000388e                a2dIsComplete
                0x000038e8                a2dConvert8bit
                0x00003836                a2dOff
                0x00003848                a2dSetPrescaler
                0x00003896                a2dConvert10bit
                0x000037fe                a2dInit
                0x00003856                a2dSetReference
                0x000038f6                __vector_29
                0x0000386c                a2dSetChannel
                0x0000387c                a2dStartConvert
 .text          0x00003914      0x570 rprintf.o
                0x00003d5c                rprintf1RamRom
                0x000039fa                rprintfu08
                0x00003a24                rprintfu32
                0x00003942                rprintfStr
                0x00003bca                rprintfFloat
                0x00003960                rprintfStrLen
                0x000039bc                rprintfProgStr
                0x00003a10                rprintfu16
                0x00003914                rprintfInit
                0x0000391e                rprintfChar
                0x000039dc                rprintfCRLF
                0x000039e4                rprintfu04
                0x00003a4a                rprintfNum
 .text          0x00003e84      0x506 i2c.o
                0x00003ec0                i2cInit
                0x00003f1e                i2cSendStart
                0x00003f3a                i2cWaitForComplete
                0x00003f72                i2cGetReceivedByte
                0x00003f7e                i2cMasterSend
                0x00004132                __vector_39
                0x00003fbe                i2cMasterReceive
                0x00004006                i2cMasterSendNI
                0x00003f0a                i2cSetSlaveReceiveHandler
                0x00004384                i2cGetState
                0x00003f78                i2cGetStatus
                0x00003f44                i2cSendByte
                0x00003f14                i2cSetSlaveTransmitHandler
                0x00003efa                i2cSetLocalDeviceAddr
                0x00004094                i2cMasterReceiveNI
                0x00003f56                i2cReceiveByte
                0x00003e84                i2cSetBitrate
                0x00003f2c                i2cSendStop
 .text          0x0000438a        0x0 c:/winavr-20081205/bin/../lib/gcc/avr/4.3.2/../../../../avr/lib/avr5\libm.a(addsf3.o)
 .text          0x0000438a        0x0 c:/winavr-20081205/bin/../lib/gcc/avr/4.3.2/../../../../avr/lib/avr5\libm.a(addsf3x.o)
 .text          0x0000438a        0x0 c:/winavr-20081205/bin/../lib/gcc/avr/4.3.2/../../../../avr/lib/avr5\libm.a(cmpsf2.o)
 .text          0x0000438a        0x0 c:/winavr-20081205/bin/../lib/gcc/avr/4.3.2/../../../../avr/lib/avr5\libm.a(divsf3.o)
 .text          0x0000438a        0x0 c:/winavr-20081205/bin/../lib/gcc/avr/4.3.2/../../../../avr/lib/avr5\libm.a(divsf3x.o)
 .text          0x0000438a        0x0 c:/winavr-20081205/bin/../lib/gcc/avr/4.3.2/../../../../avr/lib/avr5\libm.a(fixunssfsi.o)
 .text          0x0000438a        0x0 c:/winavr-20081205/bin/../lib/gcc/avr/4.3.2/../../../../avr/lib/avr5\libm.a(floatsisf.o)
 .text          0x0000438a        0x0 c:/winavr-20081205/bin/../lib/gcc/avr/4.3.2/../../../../avr/lib/avr5\libm.a(fp_cmp.o)
 .text          0x0000438a        0x0 c:/winavr-20081205/bin/../lib/gcc/avr/4.3.2/../../../../avr/lib/avr5\libm.a(fp_inf.o)
 .text          0x0000438a        0x0 c:/winavr-20081205/bin/../lib/gcc/avr/4.3.2/../../../../avr/lib/avr5\libm.a(fp_nan.o)
 .text          0x0000438a        0x0 c:/winavr-20081205/bin/../lib/gcc/avr/4.3.2/../../../../avr/lib/avr5\libm.a(fp_pscA.o)
 .text          0x0000438a        0x0 c:/winavr-20081205/bin/../lib/gcc/avr/4.3.2/../../../../avr/lib/avr5\libm.a(fp_pscB.o)
 .text          0x0000438a        0x0 c:/winavr-20081205/bin/../lib/gcc/avr/4.3.2/../../../../avr/lib/avr5\libm.a(fp_round.o)
 .text          0x0000438a        0x0 c:/winavr-20081205/bin/../lib/gcc/avr/4.3.2/../../../../avr/lib/avr5\libm.a(fp_split3.o)
 .text          0x0000438a        0x0 c:/winavr-20081205/bin/../lib/gcc/avr/4.3.2/../../../../avr/lib/avr5\libm.a(fp_zero.o)
 .text          0x0000438a        0x0 c:/winavr-20081205/bin/../lib/gcc/avr/4.3.2/../../../../avr/lib/avr5\libm.a(gesf2.o)
 .text          0x0000438a        0x0 c:/winavr-20081205/bin/../lib/gcc/avr/4.3.2/../../../../avr/lib/avr5\libm.a(mulsf3.o)
 .text          0x0000438a        0x0 c:/winavr-20081205/bin/../lib/gcc/avr/4.3.2/../../../../avr/lib/avr5\libm.a(mulsf3x.o)
 .text          0x0000438a        0x6 c:/winavr-20081205/bin/../lib/gcc/avr/4.3.2/../../../../avr/lib/avr5\libc.a(exit.o)
                0x0000438a                exit
 .text          0x00004390       0x12 c:/winavr-20081205/bin/../lib/gcc/avr/4.3.2/../../../../avr/lib/avr5\libc.a(memcpy.o)
                0x00004390                memcpy
 .text          0x000043a2        0xe c:/winavr-20081205/bin/../lib/gcc/avr/4.3.2/../../../../avr/lib/avr5\libc.a(memset.o)
                0x000043a2                memset
 .text          0x000043b0       0x1e c:/winavr-20081205/bin/../lib/gcc/avr/4.3.2/../../../../avr/lib/avr5\libc.a(strncpy.o)
                0x000043b0                strncpy
 .text          0x000043ce        0x0 c:/winavr-20081205/bin/../lib/gcc/avr/4.3.2/avr5\libgcc.a(_udivmodhi4.o)
 .text          0x000043ce        0x0 c:/winavr-20081205/bin/../lib/gcc/avr/4.3.2/avr5\libgcc.a(_divmodhi4.o)
 .text          0x000043ce        0x0 c:/winavr-20081205/bin/../lib/gcc/avr/4.3.2/avr5\libgcc.a(_udivmodsi4.o)
 .text          0x000043ce        0x0 c:/winavr-20081205/bin/../lib/gcc/avr/4.3.2/avr5\libgcc.a(_divmodsi4.o)
 .text          0x000043ce        0x0 c:/winavr-20081205/bin/../lib/gcc/avr/4.3.2/avr5\libgcc.a(_exit.o)
 .text          0x000043ce        0x0 c:/winavr-20081205/bin/../lib/gcc/avr/4.3.2/avr5\libgcc.a(_copy_data.o)
 .text          0x000043ce        0x0 c:/winavr-20081205/bin/../lib/gcc/avr/4.3.2/avr5\libgcc.a(_clear_bss.o)
                0x000043ce                . = ALIGN (0x2)
 *(.text.*)
 .text.fplib    0x000043ce        0xa c:/winavr-20081205/bin/../lib/gcc/avr/4.3.2/../../../../avr/lib/avr5\libm.a(addsf3.o)
                0x000043ce                __subsf3
                0x000043d0                __addsf3
 .text.fplib    0x000043d8       0xc0 c:/winavr-20081205/bin/../lib/gcc/avr/4.3.2/../../../../avr/lib/avr5\libm.a(addsf3x.o)
                0x000043f2                __addsf3x
 .text.fplib    0x00004498        0x8 c:/winavr-20081205/bin/../lib/gcc/avr/4.3.2/../../../../avr/lib/avr5\libm.a(cmpsf2.o)
                0x00004498                __lesf2
                0x00004498                __nesf2
                0x00004498                __eqsf2
                0x00004498                __cmpsf2
                0x00004498                __ltsf2
 .text.fplib    0x000044a0        0x4 c:/winavr-20081205/bin/../lib/gcc/avr/4.3.2/../../../../avr/lib/avr5\libm.a(divsf3.o)
                0x000044a0                __divsf3
 .text.fplib    0x000044a4       0xcc c:/winavr-20081205/bin/../lib/gcc/avr/4.3.2/../../../../avr/lib/avr5\libm.a(divsf3x.o)
                0x000044ba                __divsf3x
                0x000044be                __divsf3_pse
 .text.fplib    0x00004570       0x58 c:/winavr-20081205/bin/../lib/gcc/avr/4.3.2/../../../../avr/lib/avr5\libm.a(fixunssfsi.o)
                0x00004570                __fixunssfsi
 .text.fplib    0x000045c8       0x7a c:/winavr-20081205/bin/../lib/gcc/avr/4.3.2/../../../../avr/lib/avr5\libm.a(floatsisf.o)
                0x000045cc                __floatsisf
                0x000045c8                __floatunsisf
 .text.fplib    0x00004642       0x48 c:/winavr-20081205/bin/../lib/gcc/avr/4.3.2/../../../../avr/lib/avr5\libm.a(fp_cmp.o)
                0x00004642                __fp_cmp
 .text.fplib    0x0000468a        0xc c:/winavr-20081205/bin/../lib/gcc/avr/4.3.2/../../../../avr/lib/avr5\libm.a(fp_inf.o)
                0x0000468a                __fp_inf
 .text.fplib    0x00004696        0x6 c:/winavr-20081205/bin/../lib/gcc/avr/4.3.2/../../../../avr/lib/avr5\libm.a(fp_nan.o)
                0x00004696                __fp_nan
 .text.fplib    0x0000469c        0xe c:/winavr-20081205/bin/../lib/gcc/avr/4.3.2/../../../../avr/lib/avr5\libm.a(fp_pscA.o)
                0x0000469c                __fp_pscA
 .text.fplib    0x000046aa        0xe c:/winavr-20081205/bin/../lib/gcc/avr/4.3.2/../../../../avr/lib/avr5\libm.a(fp_pscB.o)
                0x000046aa                __fp_pscB
 .text.fplib    0x000046b8       0x22 c:/winavr-20081205/bin/../lib/gcc/avr/4.3.2/../../../../avr/lib/avr5\libm.a(fp_round.o)
                0x000046b8                __fp_round
 .text.fplib    0x000046da       0x44 c:/winavr-20081205/bin/../lib/gcc/avr/4.3.2/../../../../avr/lib/avr5\libm.a(fp_split3.o)
                0x000046da                __fp_split3
                0x000046ea                __fp_splitA
 .text.fplib    0x0000471e        0xe c:/winavr-20081205/bin/../lib/gcc/avr/4.3.2/../../../../avr/lib/avr5\libm.a(fp_zero.o)
                0x0000471e                __fp_zero
                0x00004720                __fp_szero
 .text.fplib    0x0000472c        0x8 c:/winavr-20081205/bin/../lib/gcc/avr/4.3.2/../../../../avr/lib/avr5\libm.a(gesf2.o)
                0x0000472c                __gtsf2
                0x0000472c                __gesf2
 .text.fplib    0x00004734        0x4 c:/winavr-20081205/bin/../lib/gcc/avr/4.3.2/../../../../avr/lib/avr5\libm.a(mulsf3.o)
                0x00004734                __mulsf3
 .text.fplib    0x00004738       0xc2 c:/winavr-20081205/bin/../lib/gcc/avr/4.3.2/../../../../avr/lib/avr5\libm.a(mulsf3x.o)
                0x00004750                __mulsf3_pse
                0x0000474c                __mulsf3x
 .text.libgcc   0x000047fa       0x28 c:/winavr-20081205/bin/../lib/gcc/avr/4.3.2/avr5\libgcc.a(_udivmodhi4.o)
                0x000047fa                __udivmodhi4
 .text.libgcc   0x00004822       0x26 c:/winavr-20081205/bin/../lib/gcc/avr/4.3.2/avr5\libgcc.a(_divmodhi4.o)
                0x00004822                __divmodhi4
                0x00004822                _div
 .text.libgcc   0x00004848       0x44 c:/winavr-20081205/bin/../lib/gcc/avr/4.3.2/avr5\libgcc.a(_udivmodsi4.o)
                0x00004848                __udivmodsi4
 .text.libgcc   0x0000488c       0x36 c:/winavr-20081205/bin/../lib/gcc/avr/4.3.2/avr5\libgcc.a(_divmodsi4.o)
                0x0000488c                __divmodsi4
 .text.libgcc   0x000048c2        0x0 c:/winavr-20081205/bin/../lib/gcc/avr/4.3.2/avr5\libgcc.a(_exit.o)
 .text.libgcc   0x000048c2        0x0 c:/winavr-20081205/bin/../lib/gcc/avr/4.3.2/avr5\libgcc.a(_copy_data.o)
 .text.libgcc   0x000048c2        0x0 c:/winavr-20081205/bin/../lib/gcc/avr/4.3.2/avr5\libgcc.a(_clear_bss.o)
                0x000048c2                . = ALIGN (0x2)
 *(.fini9)
 .fini9         0x000048c2        0x0 c:/winavr-20081205/bin/../lib/gcc/avr/4.3.2/avr5\libgcc.a(_exit.o)
                0x000048c2                _exit
 *(.fini9)
 *(.fini8)
 *(.fini8)
 *(.fini7)
 *(.fini7)
 *(.fini6)
 *(.fini6)
 *(.fini5)
 *(.fini5)
 *(.fini4)
 *(.fini4)
 *(.fini3)
 *(.fini3)
 *(.fini2)
 *(.fini2)
 *(.fini1)
 *(.fini1)
 *(.fini0)
 .fini0         0x000048c2        0x4 c:/winavr-20081205/bin/../lib/gcc/avr/4.3.2/avr5\libgcc.a(_exit.o)
 *(.fini0)
                0x000048c6                _etext = .

.data           0x00800200       0xb4 load address 0x000048c6
                0x00800200                PROVIDE (__data_start, .)
 *(.data)
 .data          0x00800200        0x0 c:/winavr-20081205/bin/../lib/gcc/avr/4.3.2/../../../../avr/lib/avr5/crtm640.o
 .data          0x00800200       0xaf lbRTOS.o
                0x0080021d                angtable
 .data          0x008002af        0x0 list.o
 .data          0x008002af        0x0 queue.o
 .data          0x008002af        0x5 tasks.o
 .data          0x008002b4        0x0 port.o
 .data          0x008002b4        0x0 croutine.o
 .data          0x008002b4        0x0 heap_1.o
 .data          0x008002b4        0x0 timer640.o
 .data          0x008002b4        0x0 uart4.o
 .data          0x008002b4        0x0 buffer.o
 .data          0x008002b4        0x0 a2d.o
 .data          0x008002b4        0x0 rprintf.o
 .data          0x008002b4        0x0 i2c.o
 .data          0x008002b4        0x0 c:/winavr-20081205/bin/../lib/gcc/avr/4.3.2/../../../../avr/lib/avr5\libm.a(addsf3.o)
 .data          0x008002b4        0x0 c:/winavr-20081205/bin/../lib/gcc/avr/4.3.2/../../../../avr/lib/avr5\libm.a(addsf3x.o)
 .data          0x008002b4        0x0 c:/winavr-20081205/bin/../lib/gcc/avr/4.3.2/../../../../avr/lib/avr5\libm.a(cmpsf2.o)
 .data          0x008002b4        0x0 c:/winavr-20081205/bin/../lib/gcc/avr/4.3.2/../../../../avr/lib/avr5\libm.a(divsf3.o)
 .data          0x008002b4        0x0 c:/winavr-20081205/bin/../lib/gcc/avr/4.3.2/../../../../avr/lib/avr5\libm.a(divsf3x.o)
 .data          0x008002b4        0x0 c:/winavr-20081205/bin/../lib/gcc/avr/4.3.2/../../../../avr/lib/avr5\libm.a(fixunssfsi.o)
 .data          0x008002b4        0x0 c:/winavr-20081205/bin/../lib/gcc/avr/4.3.2/../../../../avr/lib/avr5\libm.a(floatsisf.o)
 .data          0x008002b4        0x0 c:/winavr-20081205/bin/../lib/gcc/avr/4.3.2/../../../../avr/lib/avr5\libm.a(fp_cmp.o)
 .data          0x008002b4        0x0 c:/winavr-20081205/bin/../lib/gcc/avr/4.3.2/../../../../avr/lib/avr5\libm.a(fp_inf.o)
 .data          0x008002b4        0x0 c:/winavr-20081205/bin/../lib/gcc/avr/4.3.2/../../../../avr/lib/avr5\libm.a(fp_nan.o)
 .data          0x008002b4        0x0 c:/winavr-20081205/bin/../lib/gcc/avr/4.3.2/../../../../avr/lib/avr5\libm.a(fp_pscA.o)
 .data          0x008002b4        0x0 c:/winavr-20081205/bin/../lib/gcc/avr/4.3.2/../../../../avr/lib/avr5\libm.a(fp_pscB.o)
 .data          0x008002b4        0x0 c:/winavr-20081205/bin/../lib/gcc/avr/4.3.2/../../../../avr/lib/avr5\libm.a(fp_round.o)
 .data          0x008002b4        0x0 c:/winavr-20081205/bin/../lib/gcc/avr/4.3.2/../../../../avr/lib/avr5\libm.a(fp_split3.o)
 .data          0x008002b4        0x0 c:/winavr-20081205/bin/../lib/gcc/avr/4.3.2/../../../../avr/lib/avr5\libm.a(fp_zero.o)
 .data          0x008002b4        0x0 c:/winavr-20081205/bin/../lib/gcc/avr/4.3.2/../../../../avr/lib/avr5\libm.a(gesf2.o)
 .data          0x008002b4        0x0 c:/winavr-20081205/bin/../lib/gcc/avr/4.3.2/../../../../avr/lib/avr5\libm.a(mulsf3.o)
 .data          0x008002b4        0x0 c:/winavr-20081205/bin/../lib/gcc/avr/4.3.2/../../../../avr/lib/avr5\libm.a(mulsf3x.o)
 .data          0x008002b4        0x0 c:/winavr-20081205/bin/../lib/gcc/avr/4.3.2/../../../../avr/lib/avr5\libc.a(exit.o)
 .data          0x008002b4        0x0 c:/winavr-20081205/bin/../lib/gcc/avr/4.3.2/../../../../avr/lib/avr5\libc.a(memcpy.o)
 .data          0x008002b4        0x0 c:/winavr-20081205/bin/../lib/gcc/avr/4.3.2/../../../../avr/lib/avr5\libc.a(memset.o)
 .data          0x008002b4        0x0 c:/winavr-20081205/bin/../lib/gcc/avr/4.3.2/../../../../avr/lib/avr5\libc.a(strncpy.o)
 .data          0x008002b4        0x0 c:/winavr-20081205/bin/../lib/gcc/avr/4.3.2/avr5\libgcc.a(_udivmodhi4.o)
 .data          0x008002b4        0x0 c:/winavr-20081205/bin/../lib/gcc/avr/4.3.2/avr5\libgcc.a(_divmodhi4.o)
 .data          0x008002b4        0x0 c:/winavr-20081205/bin/../lib/gcc/avr/4.3.2/avr5\libgcc.a(_udivmodsi4.o)
 .data          0x008002b4        0x0 c:/winavr-20081205/bin/../lib/gcc/avr/4.3.2/avr5\libgcc.a(_divmodsi4.o)
 .data          0x008002b4        0x0 c:/winavr-20081205/bin/../lib/gcc/avr/4.3.2/avr5\libgcc.a(_exit.o)
 .data          0x008002b4        0x0 c:/winavr-20081205/bin/../lib/gcc/avr/4.3.2/avr5\libgcc.a(_copy_data.o)
 .data          0x008002b4        0x0 c:/winavr-20081205/bin/../lib/gcc/avr/4.3.2/avr5\libgcc.a(_clear_bss.o)
 *(.data*)
 *(.rodata)
 *(.rodata*)
 *(.gnu.linkonce.d*)
                0x008002b4                . = ALIGN (0x2)
                0x008002b4                _edata = .
                0x008002b4                PROVIDE (__data_end, .)

.bss            0x008002b4     0x1d33
                0x008002b4                PROVIDE (__bss_start, .)
 *(.bss)
 .bss           0x008002b4        0x0 c:/winavr-20081205/bin/../lib/gcc/avr/4.3.2/../../../../avr/lib/avr5/crtm640.o
 .bss           0x008002b4        0x2 lbRTOS.o
                0x008002b5                ang_vel_ready
                0x008002b4                full
 .bss           0x008002b6        0x0 list.o
 .bss           0x008002b6        0x0 queue.o
 .bss           0x008002b6       0x5a tasks.o
                0x008002b6                pxCurrentTCB
 .bss           0x00800310        0x0 port.o
 .bss           0x00800310       0x3a croutine.o
                0x00800310                pxCurrentCoRoutine
 .bss           0x0080034a      0xbba heap_1.o
 .bss           0x00800f04       0x34 timer640.o
 .bss           0x00800f38      0x248 uart4.o
 .bss           0x00801180        0x0 buffer.o
 .bss           0x00801180        0x0 a2d.o
 .bss           0x00801180        0x2 rprintf.o
 .bss           0x00801182       0x4a i2c.o
 .bss           0x008011cc        0x0 c:/winavr-20081205/bin/../lib/gcc/avr/4.3.2/../../../../avr/lib/avr5\libm.a(addsf3.o)
 .bss           0x008011cc        0x0 c:/winavr-20081205/bin/../lib/gcc/avr/4.3.2/../../../../avr/lib/avr5\libm.a(addsf3x.o)
 .bss           0x008011cc        0x0 c:/winavr-20081205/bin/../lib/gcc/avr/4.3.2/../../../../avr/lib/avr5\libm.a(cmpsf2.o)
 .bss           0x008011cc        0x0 c:/winavr-20081205/bin/../lib/gcc/avr/4.3.2/../../../../avr/lib/avr5\libm.a(divsf3.o)
 .bss           0x008011cc        0x0 c:/winavr-20081205/bin/../lib/gcc/avr/4.3.2/../../../../avr/lib/avr5\libm.a(divsf3x.o)
 .bss           0x008011cc        0x0 c:/winavr-20081205/bin/../lib/gcc/avr/4.3.2/../../../../avr/lib/avr5\libm.a(fixunssfsi.o)
 .bss           0x008011cc        0x0 c:/winavr-20081205/bin/../lib/gcc/avr/4.3.2/../../../../avr/lib/avr5\libm.a(floatsisf.o)
 .bss           0x008011cc        0x0 c:/winavr-20081205/bin/../lib/gcc/avr/4.3.2/../../../../avr/lib/avr5\libm.a(fp_cmp.o)
 .bss           0x008011cc        0x0 c:/winavr-20081205/bin/../lib/gcc/avr/4.3.2/../../../../avr/lib/avr5\libm.a(fp_inf.o)
 .bss           0x008011cc        0x0 c:/winavr-20081205/bin/../lib/gcc/avr/4.3.2/../../../../avr/lib/avr5\libm.a(fp_nan.o)
 .bss           0x008011cc        0x0 c:/winavr-20081205/bin/../lib/gcc/avr/4.3.2/../../../../avr/lib/avr5\libm.a(fp_pscA.o)
 .bss           0x008011cc        0x0 c:/winavr-20081205/bin/../lib/gcc/avr/4.3.2/../../../../avr/lib/avr5\libm.a(fp_pscB.o)
 .bss           0x008011cc        0x0 c:/winavr-20081205/bin/../lib/gcc/avr/4.3.2/../../../../avr/lib/avr5\libm.a(fp_round.o)
 .bss           0x008011cc        0x0 c:/winavr-20081205/bin/../lib/gcc/avr/4.3.2/../../../../avr/lib/avr5\libm.a(fp_split3.o)
 .bss           0x008011cc        0x0 c:/winavr-20081205/bin/../lib/gcc/avr/4.3.2/../../../../avr/lib/avr5\libm.a(fp_zero.o)
 .bss           0x008011cc        0x0 c:/winavr-20081205/bin/../lib/gcc/avr/4.3.2/../../../../avr/lib/avr5\libm.a(gesf2.o)
 .bss           0x008011cc        0x0 c:/winavr-20081205/bin/../lib/gcc/avr/4.3.2/../../../../avr/lib/avr5\libm.a(mulsf3.o)
 .bss           0x008011cc        0x0 c:/winavr-20081205/bin/../lib/gcc/avr/4.3.2/../../../../avr/lib/avr5\libm.a(mulsf3x.o)
 .bss           0x008011cc        0x0 c:/winavr-20081205/bin/../lib/gcc/avr/4.3.2/../../../../avr/lib/avr5\libc.a(exit.o)
 .bss           0x008011cc        0x0 c:/winavr-20081205/bin/../lib/gcc/avr/4.3.2/../../../../avr/lib/avr5\libc.a(memcpy.o)
 .bss           0x008011cc        0x0 c:/winavr-20081205/bin/../lib/gcc/avr/4.3.2/../../../../avr/lib/avr5\libc.a(memset.o)
 .bss           0x008011cc        0x0 c:/winavr-20081205/bin/../lib/gcc/avr/4.3.2/../../../../avr/lib/avr5\libc.a(strncpy.o)
 .bss           0x008011cc        0x0 c:/winavr-20081205/bin/../lib/gcc/avr/4.3.2/avr5\libgcc.a(_udivmodhi4.o)
 .bss           0x008011cc        0x0 c:/winavr-20081205/bin/../lib/gcc/avr/4.3.2/avr5\libgcc.a(_divmodhi4.o)
 .bss           0x008011cc        0x0 c:/winavr-20081205/bin/../lib/gcc/avr/4.3.2/avr5\libgcc.a(_udivmodsi4.o)
 .bss           0x008011cc        0x0 c:/winavr-20081205/bin/../lib/gcc/avr/4.3.2/avr5\libgcc.a(_divmodsi4.o)
 .bss           0x008011cc        0x0 c:/winavr-20081205/bin/../lib/gcc/avr/4.3.2/avr5\libgcc.a(_exit.o)
 .bss           0x008011cc        0x0 c:/winavr-20081205/bin/../lib/gcc/avr/4.3.2/avr5\libgcc.a(_copy_data.o)
 .bss           0x008011cc        0x0 c:/winavr-20081205/bin/../lib/gcc/avr/4.3.2/avr5\libgcc.a(_clear_bss.o)
 *(.bss*)
 *(COMMON)
 COMMON         0x008011cc      0xdae lbRTOS.o
                0x008011cc                arr
                0x00801f78                ang_vel
 COMMON         0x00801f7a       0x1c timer640.o
                0x00801f7a                timer4_ovrflow_cnt
                0x00801f7e                timer1_ovrflow_cnt
                0x00801f82                timer0_ovrflow_cnt
                0x00801f86                timer2_ovrflow_cnt
                0x00801f8a                timer_sleep_cnt
                0x00801f8e                timer3_ovrflow_cnt
                0x00801f92                timer5_ovrflow_cnt
 COMMON         0x00801f96       0x50 uart4.o
                0x00801f96                uartReadyTx
                0x00801f9a                uartRxBuffer
                0x00801fba                uartBufferedTx
                0x00801fbe                uartTxBuffer
                0x00801fde                uartRxOverflow
 COMMON         0x00801fe6        0x1 a2d.o
                0x00801fe6                a2dCompleteFlag
                0x00801fe7                PROVIDE (__bss_end, .)
                0x000048c6                __data_load_start = LOADADDR (.data)
                0x0000497a                __data_load_end = (__data_load_start + SIZEOF (.data))

.noinit         0x00801fe7        0x0
                0x00801fe7                PROVIDE (__noinit_start, .)
 *(.noinit*)
                0x00801fe7                PROVIDE (__noinit_end, .)
                0x00801fe7                _end = .
                0x00801fe7                PROVIDE (__heap_start, .)

.eeprom         0x00810000        0x0
 *(.eeprom*)
                0x00810000                __eeprom_end = .

.fuse
 *(.fuse)
 *(.lfuse)
 *(.hfuse)
 *(.efuse)

.lock
 *(.lock*)

.signature
 *(.signature*)

.stab
 *(.stab)

.stabstr
 *(.stabstr)

.stab.excl
 *(.stab.excl)

.stab.exclstr
 *(.stab.exclstr)

.stab.index
 *(.stab.index)

.stab.indexstr
 *(.stab.indexstr)

.comment
 *(.comment)

.debug
 *(.debug)

.line
 *(.line)

.debug_srcinfo
 *(.debug_srcinfo)

.debug_sfnames
 *(.debug_sfnames)

.debug_aranges  0x00000000      0x1a0
 *(.debug_aranges)
 .debug_aranges
                0x00000000       0x20 lbRTOS.o
 .debug_aranges
                0x00000020       0x20 list.o
 .debug_aranges
                0x00000040       0x20 queue.o
 .debug_aranges
                0x00000060       0x20 tasks.o
 .debug_aranges
                0x00000080       0x20 port.o
 .debug_aranges
                0x000000a0       0x20 croutine.o
 .debug_aranges
                0x000000c0       0x20 heap_1.o
 .debug_aranges
                0x000000e0       0x20 timer640.o
 .debug_aranges
                0x00000100       0x20 uart4.o
 .debug_aranges
                0x00000120       0x20 buffer.o
 .debug_aranges
                0x00000140       0x20 a2d.o
 .debug_aranges
                0x00000160       0x20 rprintf.o
 .debug_aranges
                0x00000180       0x20 i2c.o

.debug_pubnames
                0x00000000     0x15ff
 *(.debug_pubnames)
 .debug_pubnames
                0x00000000      0x458 lbRTOS.o
 .debug_pubnames
                0x00000458       0x71 list.o
 .debug_pubnames
                0x000004c9      0x111 queue.o
 .debug_pubnames
                0x000005da      0x1bc tasks.o
 .debug_pubnames
                0x00000796       0x90 port.o
 .debug_pubnames
                0x00000826       0x96 croutine.o
 .debug_pubnames
                0x000008bc       0x64 heap_1.o
 .debug_pubnames
                0x00000920      0x588 timer640.o
 .debug_pubnames
                0x00000ea8      0x386 uart4.o
 .debug_pubnames
                0x0000122e       0x9c buffer.o
 .debug_pubnames
                0x000012ca       0xd4 a2d.o
 .debug_pubnames
                0x0000139e       0xe5 rprintf.o
 .debug_pubnames
                0x00001483      0x17c i2c.o

.debug_info     0x00000000     0x4cb6
 *(.debug_info)
 .debug_info    0x00000000      0x939 lbRTOS.o
 .debug_info    0x00000939      0x2b1 list.o
 .debug_info    0x00000bea      0x771 queue.o
 .debug_info    0x0000135b      0xb1a tasks.o
 .debug_info    0x00001e75      0x1c2 port.o
 .debug_info    0x00002037      0x50a croutine.o
 .debug_info    0x00002541      0x169 heap_1.o
 .debug_info    0x000026aa      0xbe7 timer640.o
 .debug_info    0x00003291      0x933 uart4.o
 .debug_info    0x00003bc4      0x2cb buffer.o
 .debug_info    0x00003e8f      0x21b a2d.o
 .debug_info    0x000040aa      0x580 rprintf.o
 .debug_info    0x0000462a      0x68c i2c.o
 *(.gnu.linkonce.wi.*)

.debug_abbrev   0x00000000     0x1563
 *(.debug_abbrev)
 .debug_abbrev  0x00000000      0x221 lbRTOS.o
 .debug_abbrev  0x00000221       0xdd list.o
 .debug_abbrev  0x000002fe      0x1b3 queue.o
 .debug_abbrev  0x000004b1      0x25e tasks.o
 .debug_abbrev  0x0000070f      0x118 port.o
 .debug_abbrev  0x00000827      0x1dd croutine.o
 .debug_abbrev  0x00000a04      0x114 heap_1.o
 .debug_abbrev  0x00000b18      0x248 timer640.o
 .debug_abbrev  0x00000d60      0x1e0 uart4.o
 .debug_abbrev  0x00000f40       0xec buffer.o
 .debug_abbrev  0x0000102c      0x12f a2d.o
 .debug_abbrev  0x0000115b      0x1c9 rprintf.o
 .debug_abbrev  0x00001324      0x23f i2c.o

.debug_line     0x00000000     0x3df9
 *(.debug_line)
 .debug_line    0x00000000      0xad7 lbRTOS.o
 .debug_line    0x00000ad7      0x203 list.o
 .debug_line    0x00000cda      0x687 queue.o
 .debug_line    0x00001361      0x771 tasks.o
 .debug_line    0x00001ad2      0x2c7 port.o
 .debug_line    0x00001d99      0x316 croutine.o
 .debug_line    0x000020af      0x122 heap_1.o
 .debug_line    0x000021d1      0x7a1 timer640.o
 .debug_line    0x00002972      0x75f uart4.o
 .debug_line    0x000030d1      0x1e8 buffer.o
 .debug_line    0x000032b9      0x1dc a2d.o
 .debug_line    0x00003495      0x43d rprintf.o
 .debug_line    0x000038d2      0x527 i2c.o

.debug_frame    0x00000000     0x10b0
 *(.debug_frame)
 .debug_frame   0x00000000      0x340 lbRTOS.o
 .debug_frame   0x00000340       0x60 list.o
 .debug_frame   0x000003a0       0xd0 queue.o
 .debug_frame   0x00000470      0x140 tasks.o
 .debug_frame   0x000005b0       0x70 port.o
 .debug_frame   0x00000620       0x50 croutine.o
 .debug_frame   0x00000670       0x50 heap_1.o
 .debug_frame   0x000006c0      0x400 timer640.o
 .debug_frame   0x00000ac0      0x2b0 uart4.o
 .debug_frame   0x00000d70       0x80 buffer.o
 .debug_frame   0x00000df0       0xb0 a2d.o
 .debug_frame   0x00000ea0       0xe0 rprintf.o
 .debug_frame   0x00000f80      0x130 i2c.o

.debug_str      0x00000000     0x21ad
 *(.debug_str)
 .debug_str     0x00000000      0x421 lbRTOS.o
                                0x461 (size before relaxing)
 .debug_str     0x00000421      0x154 list.o
                                0x1d2 (size before relaxing)
 .debug_str     0x00000575      0x2fe queue.o
                                0x45d (size before relaxing)
 .debug_str     0x00000873      0x52b tasks.o
                                0x6b7 (size before relaxing)
 .debug_str     0x00000d9e       0xda port.o
                                0x1a3 (size before relaxing)
 .debug_str     0x00000e78      0x249 croutine.o
                                0x3f6 (size before relaxing)
 .debug_str     0x000010c1       0xa9 heap_1.o
                                0x153 (size before relaxing)
 .debug_str     0x0000116a      0x750 timer640.o
                                0x828 (size before relaxing)
 .debug_str     0x000018ba      0x3b1 uart4.o
                                0x46d (size before relaxing)
 .debug_str     0x00001c6b       0x9d buffer.o
                                0x195 (size before relaxing)
 .debug_str     0x00001d08       0xac a2d.o
                                0x159 (size before relaxing)
 .debug_str     0x00001db4      0x171 rprintf.o
                                0x267 (size before relaxing)
 .debug_str     0x00001f25      0x288 i2c.o
                                0x341 (size before relaxing)

.debug_loc      0x00000000     0x2390
 *(.debug_loc)
 .debug_loc     0x00000000      0x218 lbRTOS.o
 .debug_loc     0x00000218      0x100 list.o
 .debug_loc     0x00000318      0x5e0 queue.o
 .debug_loc     0x000008f8      0x514 tasks.o
 .debug_loc     0x00000e0c       0x3b port.o
 .debug_loc     0x00000e47      0x210 croutine.o
 .debug_loc     0x00001057       0x50 heap_1.o
 .debug_loc     0x000010a7      0x1e6 timer640.o
 .debug_loc     0x0000128d      0x502 uart4.o
 .debug_loc     0x0000178f      0x1a2 buffer.o
 .debug_loc     0x00001931       0x6d a2d.o
 .debug_loc     0x0000199e      0x7c0 rprintf.o
 .debug_loc     0x0000215e      0x232 i2c.o

.debug_macinfo
 *(.debug_macinfo)
OUTPUT(lbRTOS.elf elf32-avr)
LOAD linker stubs

.debug_ranges   0x00000000       0x18
 .debug_ranges  0x00000000       0x18 tasks.o
