Archive member included because of file (symbol)

c:/winavr-20081205/bin/../lib/gcc/avr/4.3.2/../../../../avr/lib/avr5\libm.a(addsf3.o)
                              rprintf.o (__subsf3)
c:/winavr-20081205/bin/../lib/gcc/avr/4.3.2/../../../../avr/lib/avr5\libm.a(addsf3x.o)
                              c:/winavr-20081205/bin/../lib/gcc/avr/4.3.2/../../../../avr/lib/avr5\libm.a(addsf3.o) (__addsf3x)
c:/winavr-20081205/bin/../lib/gcc/avr/4.3.2/../../../../avr/lib/avr5\libm.a(cmpsf2.o)
                              rprintf.o (__eqsf2)
c:/winavr-20081205/bin/../lib/gcc/avr/4.3.2/../../../../avr/lib/avr5\libm.a(divsf3.o)
                              rprintf.o (__divsf3)
c:/winavr-20081205/bin/../lib/gcc/avr/4.3.2/../../../../avr/lib/avr5\libm.a(divsf3x.o)
                              c:/winavr-20081205/bin/../lib/gcc/avr/4.3.2/../../../../avr/lib/avr5\libm.a(divsf3.o) (__divsf3x)
c:/winavr-20081205/bin/../lib/gcc/avr/4.3.2/../../../../avr/lib/avr5\libm.a(fixsfsi.o)
                              Axon.o (__fixsfsi)
c:/winavr-20081205/bin/../lib/gcc/avr/4.3.2/../../../../avr/lib/avr5\libm.a(fixunssfsi.o)
                              timer640.o (__fixunssfsi)
c:/winavr-20081205/bin/../lib/gcc/avr/4.3.2/../../../../avr/lib/avr5\libm.a(floatsisf.o)
                              timer640.o (__floatunsisf)
c:/winavr-20081205/bin/../lib/gcc/avr/4.3.2/../../../../avr/lib/avr5\libm.a(fp_cmp.o)
                              c:/winavr-20081205/bin/../lib/gcc/avr/4.3.2/../../../../avr/lib/avr5\libm.a(cmpsf2.o) (__fp_cmp)
c:/winavr-20081205/bin/../lib/gcc/avr/4.3.2/../../../../avr/lib/avr5\libm.a(fp_inf.o)
                              c:/winavr-20081205/bin/../lib/gcc/avr/4.3.2/../../../../avr/lib/avr5\libm.a(addsf3x.o) (__fp_inf)
c:/winavr-20081205/bin/../lib/gcc/avr/4.3.2/../../../../avr/lib/avr5\libm.a(fp_nan.o)
                              c:/winavr-20081205/bin/../lib/gcc/avr/4.3.2/../../../../avr/lib/avr5\libm.a(addsf3x.o) (__fp_nan)
c:/winavr-20081205/bin/../lib/gcc/avr/4.3.2/../../../../avr/lib/avr5\libm.a(fp_pscA.o)
                              c:/winavr-20081205/bin/../lib/gcc/avr/4.3.2/../../../../avr/lib/avr5\libm.a(addsf3x.o) (__fp_pscA)
c:/winavr-20081205/bin/../lib/gcc/avr/4.3.2/../../../../avr/lib/avr5\libm.a(fp_pscB.o)
                              c:/winavr-20081205/bin/../lib/gcc/avr/4.3.2/../../../../avr/lib/avr5\libm.a(addsf3x.o) (__fp_pscB)
c:/winavr-20081205/bin/../lib/gcc/avr/4.3.2/../../../../avr/lib/avr5\libm.a(fp_round.o)
                              c:/winavr-20081205/bin/../lib/gcc/avr/4.3.2/../../../../avr/lib/avr5\libm.a(addsf3.o) (__fp_round)
c:/winavr-20081205/bin/../lib/gcc/avr/4.3.2/../../../../avr/lib/avr5\libm.a(fp_split3.o)
                              c:/winavr-20081205/bin/../lib/gcc/avr/4.3.2/../../../../avr/lib/avr5\libm.a(addsf3x.o) (__fp_split3)
c:/winavr-20081205/bin/../lib/gcc/avr/4.3.2/../../../../avr/lib/avr5\libm.a(fp_zero.o)
                              c:/winavr-20081205/bin/../lib/gcc/avr/4.3.2/../../../../avr/lib/avr5\libm.a(addsf3x.o) (__fp_zero)
c:/winavr-20081205/bin/../lib/gcc/avr/4.3.2/../../../../avr/lib/avr5\libm.a(gesf2.o)
                              timer640.o (__gtsf2)
c:/winavr-20081205/bin/../lib/gcc/avr/4.3.2/../../../../avr/lib/avr5\libm.a(mulsf3.o)
                              timer640.o (__mulsf3)
c:/winavr-20081205/bin/../lib/gcc/avr/4.3.2/../../../../avr/lib/avr5\libm.a(mulsf3x.o)
                              c:/winavr-20081205/bin/../lib/gcc/avr/4.3.2/../../../../avr/lib/avr5\libm.a(mulsf3.o) (__mulsf3x)
c:/winavr-20081205/bin/../lib/gcc/avr/4.3.2/../../../../avr/lib/avr5\libm.a(pow.o)
                              Axon.o (pow)
c:/winavr-20081205/bin/../lib/gcc/avr/4.3.2/../../../../avr/lib/avr5\libm.a(exp.o)
                              c:/winavr-20081205/bin/../lib/gcc/avr/4.3.2/../../../../avr/lib/avr5\libm.a(pow.o) (exp)
c:/winavr-20081205/bin/../lib/gcc/avr/4.3.2/../../../../avr/lib/avr5\libm.a(fp_powser.o)
                              c:/winavr-20081205/bin/../lib/gcc/avr/4.3.2/../../../../avr/lib/avr5\libm.a(exp.o) (__fp_powser)
c:/winavr-20081205/bin/../lib/gcc/avr/4.3.2/../../../../avr/lib/avr5\libm.a(inverse.o)
                              c:/winavr-20081205/bin/../lib/gcc/avr/4.3.2/../../../../avr/lib/avr5\libm.a(exp.o) (inverse)
c:/winavr-20081205/bin/../lib/gcc/avr/4.3.2/../../../../avr/lib/avr5\libm.a(ldexp.o)
                              c:/winavr-20081205/bin/../lib/gcc/avr/4.3.2/../../../../avr/lib/avr5\libm.a(exp.o) (ldexp)
c:/winavr-20081205/bin/../lib/gcc/avr/4.3.2/../../../../avr/lib/avr5\libm.a(log.o)
                              c:/winavr-20081205/bin/../lib/gcc/avr/4.3.2/../../../../avr/lib/avr5\libm.a(pow.o) (log)
c:/winavr-20081205/bin/../lib/gcc/avr/4.3.2/../../../../avr/lib/avr5\libm.a(modf.o)
                              c:/winavr-20081205/bin/../lib/gcc/avr/4.3.2/../../../../avr/lib/avr5\libm.a(exp.o) (modf)
c:/winavr-20081205/bin/../lib/gcc/avr/4.3.2/../../../../avr/lib/avr5\libm.a(fp_mpack.o)
                              c:/winavr-20081205/bin/../lib/gcc/avr/4.3.2/../../../../avr/lib/avr5\libm.a(ldexp.o) (__fp_mpack)
c:/winavr-20081205/bin/../lib/gcc/avr/4.3.2/avr5\libgcc.a(_mulsi3.o)
                              Axon.o (__mulsi3)
c:/winavr-20081205/bin/../lib/gcc/avr/4.3.2/avr5\libgcc.a(_udivmodhi4.o)
                              buffer.o (__udivmodhi4)
c:/winavr-20081205/bin/../lib/gcc/avr/4.3.2/avr5\libgcc.a(_divmodhi4.o)
                              Axon.o (__divmodhi4)
c:/winavr-20081205/bin/../lib/gcc/avr/4.3.2/avr5\libgcc.a(_udivmodsi4.o)
                              uart4.o (__udivmodsi4)
c:/winavr-20081205/bin/../lib/gcc/avr/4.3.2/avr5\libgcc.a(_divmodsi4.o)
                              timer640.o (__divmodsi4)
c:/winavr-20081205/bin/../lib/gcc/avr/4.3.2/avr5\libgcc.a(_exit.o)
                              c:/winavr-20081205/bin/../lib/gcc/avr/4.3.2/../../../../avr/lib/avr5/crtm640.o (exit)
c:/winavr-20081205/bin/../lib/gcc/avr/4.3.2/avr5\libgcc.a(_copy_data.o)
                              a2d.o (__do_copy_data)
c:/winavr-20081205/bin/../lib/gcc/avr/4.3.2/avr5\libgcc.a(_clear_bss.o)
                              a2d.o (__do_clear_bss)

Allocating common symbols
Common symbol       size              file

uartReadyTx         0x4               uart4.o
timer4_ovrflow_cnt  0x4               timer640.o
timer1_ovrflow_cnt  0x4               timer640.o
timer0_ovrflow_cnt  0x4               timer640.o
uartRxBuffer        0x20              uart4.o
timer2_ovrflow_cnt  0x4               timer640.o
timer_sleep_cnt     0x4               timer640.o
uartBufferedTx      0x4               uart4.o
a2dCompleteFlag     0x1               a2d.o
timer3_ovrflow_cnt  0x4               timer640.o
uartTxBuffer        0x20              uart4.o
timer5_ovrflow_cnt  0x4               timer640.o
uartRxOverflow      0x8               uart4.o

Memory Configuration

Name             Origin             Length             Attributes
text             0x00000000         0x00020000         xr
data             0x00800060         0x0000ffa0         rw !x
eeprom           0x00810000         0x00010000         rw !x
fuse             0x00820000         0x00000400         rw !x
lock             0x00830000         0x00000400         rw !x
signature        0x00840000         0x00000400         rw !x
*default*        0x00000000         0xffffffff

Linker script and memory map

Address of section .data set to 0x800200
LOAD c:/winavr-20081205/bin/../lib/gcc/avr/4.3.2/../../../../avr/lib/avr5/crtm640.o
LOAD a2d.o
LOAD buffer.o
LOAD uart4.o
LOAD timer640.o
LOAD rprintf.o
LOAD Axon.o
LOAD c:/winavr-20081205/bin/../lib/gcc/avr/4.3.2/../../../../avr/lib/avr5\libm.a
LOAD c:/winavr-20081205/bin/../lib/gcc/avr/4.3.2/avr5\libgcc.a
LOAD c:/winavr-20081205/bin/../lib/gcc/avr/4.3.2/../../../../avr/lib/avr5\libc.a
LOAD c:/winavr-20081205/bin/../lib/gcc/avr/4.3.2/avr5\libgcc.a

.hash
 *(.hash)

.dynsym
 *(.dynsym)

.dynstr
 *(.dynstr)

.gnu.version
 *(.gnu.version)

.gnu.version_d
 *(.gnu.version_d)

.gnu.version_r
 *(.gnu.version_r)

.rel.init
 *(.rel.init)

.rela.init
 *(.rela.init)

.rel.text
 *(.rel.text)
 *(.rel.text.*)
 *(.rel.gnu.linkonce.t*)

.rela.text
 *(.rela.text)
 *(.rela.text.*)
 *(.rela.gnu.linkonce.t*)

.rel.fini
 *(.rel.fini)

.rela.fini
 *(.rela.fini)

.rel.rodata
 *(.rel.rodata)
 *(.rel.rodata.*)
 *(.rel.gnu.linkonce.r*)

.rela.rodata
 *(.rela.rodata)
 *(.rela.rodata.*)
 *(.rela.gnu.linkonce.r*)

.rel.data
 *(.rel.data)
 *(.rel.data.*)
 *(.rel.gnu.linkonce.d*)

.rela.data
 *(.rela.data)
 *(.rela.data.*)
 *(.rela.gnu.linkonce.d*)

.rel.ctors
 *(.rel.ctors)

.rela.ctors
 *(.rela.ctors)

.rel.dtors
 *(.rel.dtors)

.rela.dtors
 *(.rela.dtors)

.rel.got
 *(.rel.got)

.rela.got
 *(.rela.got)

.rel.bss
 *(.rel.bss)

.rela.bss
 *(.rela.bss)

.rel.plt
 *(.rel.plt)

.rela.plt
 *(.rela.plt)

.text           0x00000000     0x542e
 *(.vectors)
 .vectors       0x00000000       0xe4 c:/winavr-20081205/bin/../lib/gcc/avr/4.3.2/../../../../avr/lib/avr5/crtm640.o
                0x00000000                __vectors
 *(.vectors)
 *(.progmem.gcc*)
 .progmem.gcc_fplib
                0x000000e4       0x28 c:/winavr-20081205/bin/../lib/gcc/avr/4.3.2/../../../../avr/lib/avr5\libm.a(exp.o)
 .progmem.gcc_fplib
                0x0000010c       0x5a c:/winavr-20081205/bin/../lib/gcc/avr/4.3.2/../../../../avr/lib/avr5\libm.a(log.o)
 *(.progmem*)
 .progmem.data  0x00000166       0x2d timer640.o
                0x00000166                TimerPrescaleFactor
                0x00000172                Timer2PrescaleFactor
 .progmem.data  0x00000193       0x11 rprintf.o
 .progmem.data  0x000001a4       0xc4 Axon.o
                0x00000268                . = ALIGN (0x2)
                0x00000268                __trampolines_start = .
 *(.trampolines)
 .trampolines   0x00000268        0x0 linker stubs
 *(.trampolines*)
                0x00000268                __trampolines_end = .
 *(.jumptables)
 *(.jumptables*)
 *(.lowtext)
 *(.lowtext*)
                0x00000268                __ctors_start = .
 *(.ctors)
                0x00000268                __ctors_end = .
                0x00000268                __dtors_start = .
 *(.dtors)
                0x00000268                __dtors_end = .
 SORT(*)(.ctors)
 SORT(*)(.dtors)
 *(.init0)
 .init0         0x00000268        0x0 c:/winavr-20081205/bin/../lib/gcc/avr/4.3.2/../../../../avr/lib/avr5/crtm640.o
                0x00000268                __init
 *(.init0)
 *(.init1)
 *(.init1)
 *(.init2)
 .init2         0x00000268        0xc c:/winavr-20081205/bin/../lib/gcc/avr/4.3.2/../../../../avr/lib/avr5/crtm640.o
 *(.init2)
 *(.init3)
 *(.init3)
 *(.init4)
 .init4         0x00000274       0x16 c:/winavr-20081205/bin/../lib/gcc/avr/4.3.2/avr5\libgcc.a(_copy_data.o)
                0x00000274                __do_copy_data
 .init4         0x0000028a       0x10 c:/winavr-20081205/bin/../lib/gcc/avr/4.3.2/avr5\libgcc.a(_clear_bss.o)
                0x0000028a                __do_clear_bss
 *(.init4)
 *(.init5)
 *(.init5)
 *(.init6)
 *(.init6)
 *(.init7)
 *(.init7)
 *(.init8)
 *(.init8)
 *(.init9)
 .init9         0x0000029a        0x8 c:/winavr-20081205/bin/../lib/gcc/avr/4.3.2/../../../../avr/lib/avr5/crtm640.o
 *(.init9)
 *(.text)
 .text          0x000002a2        0x4 c:/winavr-20081205/bin/../lib/gcc/avr/4.3.2/../../../../avr/lib/avr5/crtm640.o
                0x000002a2                __vector_28
                0x000002a2                __vector_1
                0x000002a2                __vector_24
                0x000002a2                __vector_12
                0x000002a2                __vector_55
                0x000002a2                __bad_interrupt
                0x000002a2                __vector_6
                0x000002a2                __vector_39
                0x000002a2                __vector_3
                0x000002a2                __vector_30
                0x000002a2                __vector_11
                0x000002a2                __vector_7
                0x000002a2                __vector_5
                0x000002a2                __vector_52
                0x000002a2                __vector_37
                0x000002a2                __vector_4
                0x000002a2                __vector_9
                0x000002a2                __vector_2
                0x000002a2                __vector_40
                0x000002a2                __vector_8
                0x000002a2                __vector_26
                0x000002a2                __vector_10
 .text          0x000002a6      0x226 a2d.o
                0x000003e2                a2dIsComplete
                0x00000480                a2dConvert8bit
                0x000002fe                a2dOff
                0x00000328                a2dSetPrescaler
                0x000003f8                a2dConvert10bit
                0x000002a6                a2dInit
                0x00000350                a2dSetReference
                0x000004a2                __vector_29
                0x0000038e                a2dSetChannel
                0x000003b8                a2dStartConvert
 .text          0x000004cc      0x388 buffer.o
                0x000007ca                bufferIsNotFull
                0x00000538                bufferGetFromFront
                0x000006aa                bufferGetAtIndex
                0x000005ec                bufferDumpFromFront
                0x000004cc                bufferInit
                0x0000071e                bufferAddToEnd
                0x0000081e                bufferFlush
 .text          0x00000854      0xd0e uart4.o
                0x00001308                __vector_38
                0x00000fb6                uartSendTxBuffer
                0x000011e4                uartReceiveService
                0x00000f7e                uart2AddToTxBuffer
                0x00000bf4                uartSendByte
                0x00000982                uart0InitBuffers
                0x00000cd2                uart2SendByte
                0x00000d4c                uart1GetByte
                0x00000e12                uartReceiveByte
                0x00000ffe                uartSendBuffer
                0x0000140a                __vector_25
                0x00000d0a                uart0GetByte
                0x00000f12                uartAddToTxBuffer
                0x0000150c                __vector_54
                0x00000cee                uart3SendByte
                0x00001108                uartTransmitService
                0x00000a4a                uartSetRxHandler
                0x000013b4                __vector_56
                0x00000872                uart0Init
                0x000008b6                uart1Init
                0x00000ea4                uartFlushReceiveBuffer
                0x000012b2                __vector_27
                0x00000854                uartInit
                0x00000c9a                uart0SendByte
                0x00000ed2                uartReceiveBufferIsEmpty
                0x0000093e                uart3Init
                0x00000a86                uartSetBaudRate
                0x00000f9a                uart3AddToTxBuffer
                0x00000a18                uart3InitBuffers
                0x00000cb6                uart1SendByte
                0x00000bca                uartGetTxBuffer
                0x000014b6                __vector_51
                0x00000ba0                uartGetRxBuffer
                0x000008fa                uart2Init
                0x00001460                __vector_36
                0x000009b4                uart1InitBuffers
                0x00000f46                uart0AddToTxBuffer
                0x000009e6                uart2InitBuffers
                0x00000d8e                uart2GetByte
                0x0000135e                __vector_53
                0x00000dd0                uart3GetByte
                0x00000f62                uart1AddToTxBuffer
 .text          0x00001562     0x1232 timer640.o
                0x00001f92                __vector_22
                0x00001642                get_timer3_prescaler
                0x000017d6                reset_timer0
                0x00001942                init_timer0
                0x00001612                get_timer1_prescaler
                0x000022c2                __vector_32
                0x000016f0                get_timer3_overflow
                0x00001712                get_timer4_overflow
                0x000017c0                get_timer5_counter
                0x0000238e                __vector_34
                0x000017aa                get_timer4_counter
                0x000019ba                init_timer3
                0x0000258c                __vector_46
                0x0000225c                __vector_31
                0x00001ab4                sleep
                0x00001a68                timer_detach
                0x000019e2                init_timer4
                0x00001d88                __vector_35
                0x00001890                reset_timer5
                0x00001bbe                __vector_23
                0x00001e14                __vector_45
                0x0000162a                get_timer2_prescaler
                0x000015ae                prescaler_hex_to_value_for_timer2
                0x00002190                __vector_13
                0x00001756                get_timer0_counter
                0x0000205e                __vector_17
                0x0000212a                __vector_19
                0x00001780                get_timer2_counter
                0x000026be                __vector_49
                0x000023f4                __vector_41
                0x00001562                prescaler_hex_to_value
                0x000024c0                __vector_43
                0x000016ac                get_timer1_overflow
                0x00002724                __vector_default
                0x00002328                __vector_33
                0x00001844                reset_timer3
                0x000025f2                __vector_47
                0x0000168a                get_timer0_overflow
                0x000018b6                delay_us
                0x0000165a                get_timer4_prescaler
                0x000016ce                get_timer2_overflow
                0x0000186a                reset_timer4
                0x00002526                __vector_44
                0x00001a0a                init_timer5
                0x00001f2c                __vector_21
                0x00001cfc                __vector_15
                0x00001794                get_timer3_counter
                0x00001a90                _delay_loop_2
                0x0000196a                init_timer1
                0x00001672                get_timer5_prescaler
                0x00002658                __vector_48
                0x00001734                get_timer5_overflow
                0x000017fa                reset_timer1
                0x000021f6                __vector_14
                0x0000176a                get_timer1_counter
                0x00001a32                timer_attach
                0x000015fa                get_timer0_prescaler
                0x00001ea0                __vector_50
                0x00001ff8                __vector_16
                0x000020c4                __vector_18
                0x00001820                reset_timer2
                0x00001c70                __vector_20
                0x00001992                init_timer2
                0x0000245a                __vector_42
 .text          0x00002794      0x906 rprintf.o
                0x00002ecc                rprintf1RamRom
                0x000029a6                rprintfu08
                0x000029f4                rprintfu32
                0x000027ea                rprintfStr
                0x00002c94                rprintfFloat
                0x0000282c                rprintfStrLen
                0x000028fe                rprintfProgStr
                0x000029ca                rprintfu16
                0x00002794                rprintfInit
                0x000027b8                rprintfChar
                0x00002956                rprintfCRLF
                0x0000296a                rprintfu04
                0x00002a30                rprintfNum
 .text          0x0000309a     0x1b86 Axon.o
                0x000038f0                PWM_timer3_Off_All
                0x000037c2                PWM_timer3_Off_E4
                0x000047ce                control
                0x00003c86                sin_SoR
                0x00003198                PWM_Init_timer3_E3
                0x00003e3a                sharp_IR_interpret_GP2D12
                0x00003318                PWM_Init_timer4_H3
                0x0000435e                temperature_phidget
                0x000043a6                currentDC50_phidget
                0x0000402e                accelerometer_ACCM3D
                0x000036c6                PWM_timer4_On_H3
                0x000038c2                PWM_timer2_Off_All
                0x00003a30                PWM_timer4_Set_H4
                0x00003b0e                delay_cycles
                0x000039c4                PWM_timer3_Set_E4
                0x000042e2                voltage_phidget
                0x00003926                PWM_timer4_Off_All
                0x000044ee                humidity_phidget
                0x00003b74                LED_on
                0x000043fa                currentAC50_phidget
                0x0000395c                PWM_timer1_Set_LED
                0x00004780                axon_DAQ_fast
                0x000039a0                PWM_timer3_Set_E3
                0x0000458e                syren
                0x00003980                PWM_timer2_Set_H6
                0x0000311a                PWM_Init_timer2_H6
                0x00003a54                PWM_timer4_Set_H5
                0x00003498                timer1PWMInitICR
                0x0000361e                PWM_timer2_On_H6
                0x0000427e                pressure_phidget
                0x0000376e                PWM_timer2_Off_H6
                0x0000412e                sonar_MaxSonar
                0x0000309a                PWM_Init_timer1_LED
                0x00003580                timer4PWMInitICR
                0x00003bc6                cos_SoR
                0x00003b58                LED_off
                0x000036f0                PWM_timer4_On_H4
                0x00003648                PWM_timer3_On_E3
                0x0000449e                currentAC20_phidget
                0x00003fca                sharp_IR_interpret_GP2D15
                0x00004336                magnetic_phidget
                0x0000350c                timer3PWMInitICR
                0x00003816                PWM_timer4_Off_H3
                0x00004a76                main
                0x00003b90                button_pressed
                0x00003798                PWM_timer3_Off_E3
                0x00003a0c                PWM_timer4_Set_H3
                0x00003840                PWM_timer4_Off_H4
                0x0000444a                currentDC20_phidget
                0x00003218                PWM_Init_timer3_E4
                0x00004192                sonar_Ping
                0x00003a78                configure_ports
                0x00003f66                sharp_IR_interpret_GP2D120
                0x00003d5e                tan_SoR
                0x000040f6                gyro_SEN00741
                0x00003398                PWM_Init_timer4_H4
                0x000035f4                PWM_timer1_On_LED
                0x0000371a                PWM_timer4_On_H5
                0x00004092                accelerometer_SEN00741
                0x00003298                PWM_Init_timer3_E5
                0x0000386a                PWM_timer4_Off_H5
                0x00003672                PWM_timer3_On_E4
                0x0000369c                PWM_timer3_On_E5
                0x00003744                PWM_timer1_Off_LED
                0x000045ba                axon_DAQ
                0x00003f02                sharp_IR_interpret_GP2Y0A21YK
                0x000037ec                PWM_timer3_Off_E5
                0x00003418                PWM_Init_timer4_H5
                0x00003894                PWM_timer1_Off_All
                0x00003e9e                sharp_IR_interpret_GP2Y0A02YK
                0x00004552                sabertooth
                0x000039e8                PWM_timer3_Set_E5
 .text          0x00004c20        0x0 c:/winavr-20081205/bin/../lib/gcc/avr/4.3.2/../../../../avr/lib/avr5\libm.a(addsf3.o)
 .text          0x00004c20        0x0 c:/winavr-20081205/bin/../lib/gcc/avr/4.3.2/../../../../avr/lib/avr5\libm.a(addsf3x.o)
 .text          0x00004c20        0x0 c:/winavr-20081205/bin/../lib/gcc/avr/4.3.2/../../../../avr/lib/avr5\libm.a(cmpsf2.o)
 .text          0x00004c20        0x0 c:/winavr-20081205/bin/../lib/gcc/avr/4.3.2/../../../../avr/lib/avr5\libm.a(divsf3.o)
 .text          0x00004c20        0x0 c:/winavr-20081205/bin/../lib/gcc/avr/4.3.2/../../../../avr/lib/avr5\libm.a(divsf3x.o)
 .text          0x00004c20        0x0 c:/winavr-20081205/bin/../lib/gcc/avr/4.3.2/../../../../avr/lib/avr5\libm.a(fixsfsi.o)
 .text          0x00004c20        0x0 c:/winavr-20081205/bin/../lib/gcc/avr/4.3.2/../../../../avr/lib/avr5\libm.a(fixunssfsi.o)
 .text          0x00004c20        0x0 c:/winavr-20081205/bin/../lib/gcc/avr/4.3.2/../../../../avr/lib/avr5\libm.a(floatsisf.o)
 .text          0x00004c20        0x0 c:/winavr-20081205/bin/../lib/gcc/avr/4.3.2/../../../../avr/lib/avr5\libm.a(fp_cmp.o)
 .text          0x00004c20        0x0 c:/winavr-20081205/bin/../lib/gcc/avr/4.3.2/../../../../avr/lib/avr5\libm.a(fp_inf.o)
 .text          0x00004c20        0x0 c:/winavr-20081205/bin/../lib/gcc/avr/4.3.2/../../../../avr/lib/avr5\libm.a(fp_nan.o)
 .text          0x00004c20        0x0 c:/winavr-20081205/bin/../lib/gcc/avr/4.3.2/../../../../avr/lib/avr5\libm.a(fp_pscA.o)
 .text          0x00004c20        0x0 c:/winavr-20081205/bin/../lib/gcc/avr/4.3.2/../../../../avr/lib/avr5\libm.a(fp_pscB.o)
 .text          0x00004c20        0x0 c:/winavr-20081205/bin/../lib/gcc/avr/4.3.2/../../../../avr/lib/avr5\libm.a(fp_round.o)
 .text          0x00004c20        0x0 c:/winavr-20081205/bin/../lib/gcc/avr/4.3.2/../../../../avr/lib/avr5\libm.a(fp_split3.o)
 .text          0x00004c20        0x0 c:/winavr-20081205/bin/../lib/gcc/avr/4.3.2/../../../../avr/lib/avr5\libm.a(fp_zero.o)
 .text          0x00004c20        0x0 c:/winavr-20081205/bin/../lib/gcc/avr/4.3.2/../../../../avr/lib/avr5\libm.a(gesf2.o)
 .text          0x00004c20        0x0 c:/winavr-20081205/bin/../lib/gcc/avr/4.3.2/../../../../avr/lib/avr5\libm.a(mulsf3.o)
 .text          0x00004c20        0x0 c:/winavr-20081205/bin/../lib/gcc/avr/4.3.2/../../../../avr/lib/avr5\libm.a(mulsf3x.o)
 .text          0x00004c20        0x0 c:/winavr-20081205/bin/../lib/gcc/avr/4.3.2/../../../../avr/lib/avr5\libm.a(pow.o)
 .text          0x00004c20        0x0 c:/winavr-20081205/bin/../lib/gcc/avr/4.3.2/../../../../avr/lib/avr5\libm.a(exp.o)
 .text          0x00004c20        0x0 c:/winavr-20081205/bin/../lib/gcc/avr/4.3.2/../../../../avr/lib/avr5\libm.a(fp_powser.o)
 .text          0x00004c20        0x0 c:/winavr-20081205/bin/../lib/gcc/avr/4.3.2/../../../../avr/lib/avr5\libm.a(inverse.o)
 .text          0x00004c20        0x0 c:/winavr-20081205/bin/../lib/gcc/avr/4.3.2/../../../../avr/lib/avr5\libm.a(ldexp.o)
 .text          0x00004c20        0x0 c:/winavr-20081205/bin/../lib/gcc/avr/4.3.2/../../../../avr/lib/avr5\libm.a(log.o)
 .text          0x00004c20        0x0 c:/winavr-20081205/bin/../lib/gcc/avr/4.3.2/../../../../avr/lib/avr5\libm.a(modf.o)
 .text          0x00004c20        0x0 c:/winavr-20081205/bin/../lib/gcc/avr/4.3.2/../../../../avr/lib/avr5\libm.a(fp_mpack.o)
 .text          0x00004c20        0x0 c:/winavr-20081205/bin/../lib/gcc/avr/4.3.2/avr5\libgcc.a(_mulsi3.o)
 .text          0x00004c20        0x0 c:/winavr-20081205/bin/../lib/gcc/avr/4.3.2/avr5\libgcc.a(_udivmodhi4.o)
 .text          0x00004c20        0x0 c:/winavr-20081205/bin/../lib/gcc/avr/4.3.2/avr5\libgcc.a(_divmodhi4.o)
 .text          0x00004c20        0x0 c:/winavr-20081205/bin/../lib/gcc/avr/4.3.2/avr5\libgcc.a(_udivmodsi4.o)
 .text          0x00004c20        0x0 c:/winavr-20081205/bin/../lib/gcc/avr/4.3.2/avr5\libgcc.a(_divmodsi4.o)
 .text          0x00004c20        0x0 c:/winavr-20081205/bin/../lib/gcc/avr/4.3.2/avr5\libgcc.a(_exit.o)
 .text          0x00004c20        0x0 c:/winavr-20081205/bin/../lib/gcc/avr/4.3.2/avr5\libgcc.a(_copy_data.o)
 .text          0x00004c20        0x0 c:/winavr-20081205/bin/../lib/gcc/avr/4.3.2/avr5\libgcc.a(_clear_bss.o)
                0x00004c20                . = ALIGN (0x2)
 *(.text.*)
 .text.fplib    0x00004c20        0xa c:/winavr-20081205/bin/../lib/gcc/avr/4.3.2/../../../../avr/lib/avr5\libm.a(addsf3.o)
                0x00004c20                __subsf3
                0x00004c22                __addsf3
 .text.fplib    0x00004c2a       0xc0 c:/winavr-20081205/bin/../lib/gcc/avr/4.3.2/../../../../avr/lib/avr5\libm.a(addsf3x.o)
                0x00004c44                __addsf3x
 .text.fplib    0x00004cea        0x8 c:/winavr-20081205/bin/../lib/gcc/avr/4.3.2/../../../../avr/lib/avr5\libm.a(cmpsf2.o)
                0x00004cea                __lesf2
                0x00004cea                __nesf2
                0x00004cea                __eqsf2
                0x00004cea                __cmpsf2
                0x00004cea                __ltsf2
 .text.fplib    0x00004cf2        0x4 c:/winavr-20081205/bin/../lib/gcc/avr/4.3.2/../../../../avr/lib/avr5\libm.a(divsf3.o)
                0x00004cf2                __divsf3
 .text.fplib    0x00004cf6       0xcc c:/winavr-20081205/bin/../lib/gcc/avr/4.3.2/../../../../avr/lib/avr5\libm.a(divsf3x.o)
                0x00004d0c                __divsf3x
                0x00004d10                __divsf3_pse
 .text.fplib    0x00004dc2        0xa c:/winavr-20081205/bin/../lib/gcc/avr/4.3.2/../../../../avr/lib/avr5\libm.a(fixsfsi.o)
                0x00004dc2                __fixsfsi
 .text.fplib    0x00004dcc       0x58 c:/winavr-20081205/bin/../lib/gcc/avr/4.3.2/../../../../avr/lib/avr5\libm.a(fixunssfsi.o)
                0x00004dcc                __fixunssfsi
 .text.fplib    0x00004e24       0x7a c:/winavr-20081205/bin/../lib/gcc/avr/4.3.2/../../../../avr/lib/avr5\libm.a(floatsisf.o)
                0x00004e28                __floatsisf
                0x00004e24                __floatunsisf
 .text.fplib    0x00004e9e       0x48 c:/winavr-20081205/bin/../lib/gcc/avr/4.3.2/../../../../avr/lib/avr5\libm.a(fp_cmp.o)
                0x00004e9e                __fp_cmp
 .text.fplib    0x00004ee6        0xc c:/winavr-20081205/bin/../lib/gcc/avr/4.3.2/../../../../avr/lib/avr5\libm.a(fp_inf.o)
                0x00004ee6                __fp_inf
 .text.fplib    0x00004ef2        0x6 c:/winavr-20081205/bin/../lib/gcc/avr/4.3.2/../../../../avr/lib/avr5\libm.a(fp_nan.o)
                0x00004ef2                __fp_nan
 .text.fplib    0x00004ef8        0xe c:/winavr-20081205/bin/../lib/gcc/avr/4.3.2/../../../../avr/lib/avr5\libm.a(fp_pscA.o)
                0x00004ef8                __fp_pscA
 .text.fplib    0x00004f06        0xe c:/winavr-20081205/bin/../lib/gcc/avr/4.3.2/../../../../avr/lib/avr5\libm.a(fp_pscB.o)
                0x00004f06                __fp_pscB
 .text.fplib    0x00004f14       0x22 c:/winavr-20081205/bin/../lib/gcc/avr/4.3.2/../../../../avr/lib/avr5\libm.a(fp_round.o)
                0x00004f14                __fp_round
 .text.fplib    0x00004f36       0x44 c:/winavr-20081205/bin/../lib/gcc/avr/4.3.2/../../../../avr/lib/avr5\libm.a(fp_split3.o)
                0x00004f36                __fp_split3
                0x00004f46                __fp_splitA
 .text.fplib    0x00004f7a        0xe c:/winavr-20081205/bin/../lib/gcc/avr/4.3.2/../../../../avr/lib/avr5\libm.a(fp_zero.o)
                0x00004f7a                __fp_zero
                0x00004f7c                __fp_szero
 .text.fplib    0x00004f88        0x8 c:/winavr-20081205/bin/../lib/gcc/avr/4.3.2/../../../../avr/lib/avr5\libm.a(gesf2.o)
                0x00004f88                __gtsf2
                0x00004f88                __gesf2
 .text.fplib    0x00004f90        0x4 c:/winavr-20081205/bin/../lib/gcc/avr/4.3.2/../../../../avr/lib/avr5\libm.a(mulsf3.o)
                0x00004f90                __mulsf3
 .text.fplib    0x00004f94       0xc2 c:/winavr-20081205/bin/../lib/gcc/avr/4.3.2/../../../../avr/lib/avr5\libm.a(mulsf3x.o)
                0x00004fac                __mulsf3_pse
                0x00004fa8                __mulsf3x
 .text.fplib    0x00005056       0x98 c:/winavr-20081205/bin/../lib/gcc/avr/4.3.2/../../../../avr/lib/avr5\libm.a(pow.o)
                0x00005056                pow
 .text.fplib    0x000050ee       0x62 c:/winavr-20081205/bin/../lib/gcc/avr/4.3.2/../../../../avr/lib/avr5\libm.a(exp.o)
                0x000050f8                exp
 .text.fplib    0x00005150       0x4a c:/winavr-20081205/bin/../lib/gcc/avr/4.3.2/../../../../avr/lib/avr5\libm.a(fp_powser.o)
                0x00005150                __fp_powser
 .text.fplib    0x0000519a        0xe c:/winavr-20081205/bin/../lib/gcc/avr/4.3.2/../../../../avr/lib/avr5\libm.a(inverse.o)
                0x0000519a                inverse
 .text.fplib    0x000051a8       0x6c c:/winavr-20081205/bin/../lib/gcc/avr/4.3.2/../../../../avr/lib/avr5\libm.a(ldexp.o)
                0x000051ac                ldexp
 .text.fplib    0x00005214       0x8a c:/winavr-20081205/bin/../lib/gcc/avr/4.3.2/../../../../avr/lib/avr5\libm.a(log.o)
                0x0000521e                log
 .text.fplib    0x0000529e       0x66 c:/winavr-20081205/bin/../lib/gcc/avr/4.3.2/../../../../avr/lib/avr5\libm.a(modf.o)
                0x0000529e                modf
 .text.fplib    0x00005304       0x20 c:/winavr-20081205/bin/../lib/gcc/avr/4.3.2/../../../../avr/lib/avr5\libm.a(fp_mpack.o)
                0x00005304                __fp_mpack
 .text.libgcc   0x00005324       0x3e c:/winavr-20081205/bin/../lib/gcc/avr/4.3.2/avr5\libgcc.a(_mulsi3.o)
                0x00005324                __mulsi3
 .text.libgcc   0x00005362       0x28 c:/winavr-20081205/bin/../lib/gcc/avr/4.3.2/avr5\libgcc.a(_udivmodhi4.o)
                0x00005362                __udivmodhi4
 .text.libgcc   0x0000538a       0x26 c:/winavr-20081205/bin/../lib/gcc/avr/4.3.2/avr5\libgcc.a(_divmodhi4.o)
                0x0000538a                __divmodhi4
                0x0000538a                _div
 .text.libgcc   0x000053b0       0x44 c:/winavr-20081205/bin/../lib/gcc/avr/4.3.2/avr5\libgcc.a(_udivmodsi4.o)
                0x000053b0                __udivmodsi4
 .text.libgcc   0x000053f4       0x36 c:/winavr-20081205/bin/../lib/gcc/avr/4.3.2/avr5\libgcc.a(_divmodsi4.o)
                0x000053f4                __divmodsi4
 .text.libgcc   0x0000542a        0x0 c:/winavr-20081205/bin/../lib/gcc/avr/4.3.2/avr5\libgcc.a(_exit.o)
 .text.libgcc   0x0000542a        0x0 c:/winavr-20081205/bin/../lib/gcc/avr/4.3.2/avr5\libgcc.a(_copy_data.o)
 .text.libgcc   0x0000542a        0x0 c:/winavr-20081205/bin/../lib/gcc/avr/4.3.2/avr5\libgcc.a(_clear_bss.o)
                0x0000542a                . = ALIGN (0x2)
 *(.fini9)
 .fini9         0x0000542a        0x0 c:/winavr-20081205/bin/../lib/gcc/avr/4.3.2/avr5\libgcc.a(_exit.o)
                0x0000542a                exit
                0x0000542a                _exit
 *(.fini9)
 *(.fini8)
 *(.fini8)
 *(.fini7)
 *(.fini7)
 *(.fini6)
 *(.fini6)
 *(.fini5)
 *(.fini5)
 *(.fini4)
 *(.fini4)
 *(.fini3)
 *(.fini3)
 *(.fini2)
 *(.fini2)
 *(.fini1)
 *(.fini1)
 *(.fini0)
 .fini0         0x0000542a        0x4 c:/winavr-20081205/bin/../lib/gcc/avr/4.3.2/avr5\libgcc.a(_exit.o)
 *(.fini0)
                0x0000542e                _etext = .

.data           0x00800200       0x92 load address 0x0000542e
                0x00800200                PROVIDE (__data_start, .)
 *(.data)
 .data          0x00800200        0x0 c:/winavr-20081205/bin/../lib/gcc/avr/4.3.2/../../../../avr/lib/avr5/crtm640.o
 .data          0x00800200        0x0 a2d.o
 .data          0x00800200        0x0 buffer.o
 .data          0x00800200        0x0 uart4.o
 .data          0x00800200        0x0 timer640.o
 .data          0x00800200        0x0 rprintf.o
 .data          0x00800200       0x92 Axon.o
                0x00800200                angtable
 .data          0x00800292        0x0 c:/winavr-20081205/bin/../lib/gcc/avr/4.3.2/../../../../avr/lib/avr5\libm.a(addsf3.o)
 .data          0x00800292        0x0 c:/winavr-20081205/bin/../lib/gcc/avr/4.3.2/../../../../avr/lib/avr5\libm.a(addsf3x.o)
 .data          0x00800292        0x0 c:/winavr-20081205/bin/../lib/gcc/avr/4.3.2/../../../../avr/lib/avr5\libm.a(cmpsf2.o)
 .data          0x00800292        0x0 c:/winavr-20081205/bin/../lib/gcc/avr/4.3.2/../../../../avr/lib/avr5\libm.a(divsf3.o)
 .data          0x00800292        0x0 c:/winavr-20081205/bin/../lib/gcc/avr/4.3.2/../../../../avr/lib/avr5\libm.a(divsf3x.o)
 .data          0x00800292        0x0 c:/winavr-20081205/bin/../lib/gcc/avr/4.3.2/../../../../avr/lib/avr5\libm.a(fixsfsi.o)
 .data          0x00800292        0x0 c:/winavr-20081205/bin/../lib/gcc/avr/4.3.2/../../../../avr/lib/avr5\libm.a(fixunssfsi.o)
 .data          0x00800292        0x0 c:/winavr-20081205/bin/../lib/gcc/avr/4.3.2/../../../../avr/lib/avr5\libm.a(floatsisf.o)
 .data          0x00800292        0x0 c:/winavr-20081205/bin/../lib/gcc/avr/4.3.2/../../../../avr/lib/avr5\libm.a(fp_cmp.o)
 .data          0x00800292        0x0 c:/winavr-20081205/bin/../lib/gcc/avr/4.3.2/../../../../avr/lib/avr5\libm.a(fp_inf.o)
 .data          0x00800292        0x0 c:/winavr-20081205/bin/../lib/gcc/avr/4.3.2/../../../../avr/lib/avr5\libm.a(fp_nan.o)
 .data          0x00800292        0x0 c:/winavr-20081205/bin/../lib/gcc/avr/4.3.2/../../../../avr/lib/avr5\libm.a(fp_pscA.o)
 .data          0x00800292        0x0 c:/winavr-20081205/bin/../lib/gcc/avr/4.3.2/../../../../avr/lib/avr5\libm.a(fp_pscB.o)
 .data          0x00800292        0x0 c:/winavr-20081205/bin/../lib/gcc/avr/4.3.2/../../../../avr/lib/avr5\libm.a(fp_round.o)
 .data          0x00800292        0x0 c:/winavr-20081205/bin/../lib/gcc/avr/4.3.2/../../../../avr/lib/avr5\libm.a(fp_split3.o)
 .data          0x00800292        0x0 c:/winavr-20081205/bin/../lib/gcc/avr/4.3.2/../../../../avr/lib/avr5\libm.a(fp_zero.o)
 .data          0x00800292        0x0 c:/winavr-20081205/bin/../lib/gcc/avr/4.3.2/../../../../avr/lib/avr5\libm.a(gesf2.o)
 .data          0x00800292        0x0 c:/winavr-20081205/bin/../lib/gcc/avr/4.3.2/../../../../avr/lib/avr5\libm.a(mulsf3.o)
 .data          0x00800292        0x0 c:/winavr-20081205/bin/../lib/gcc/avr/4.3.2/../../../../avr/lib/avr5\libm.a(mulsf3x.o)
 .data          0x00800292        0x0 c:/winavr-20081205/bin/../lib/gcc/avr/4.3.2/../../../../avr/lib/avr5\libm.a(pow.o)
 .data          0x00800292        0x0 c:/winavr-20081205/bin/../lib/gcc/avr/4.3.2/../../../../avr/lib/avr5\libm.a(exp.o)
 .data          0x00800292        0x0 c:/winavr-20081205/bin/../lib/gcc/avr/4.3.2/../../../../avr/lib/avr5\libm.a(fp_powser.o)
 .data          0x00800292        0x0 c:/winavr-20081205/bin/../lib/gcc/avr/4.3.2/../../../../avr/lib/avr5\libm.a(inverse.o)
 .data          0x00800292        0x0 c:/winavr-20081205/bin/../lib/gcc/avr/4.3.2/../../../../avr/lib/avr5\libm.a(ldexp.o)
 .data          0x00800292        0x0 c:/winavr-20081205/bin/../lib/gcc/avr/4.3.2/../../../../avr/lib/avr5\libm.a(log.o)
 .data          0x00800292        0x0 c:/winavr-20081205/bin/../lib/gcc/avr/4.3.2/../../../../avr/lib/avr5\libm.a(modf.o)
 .data          0x00800292        0x0 c:/winavr-20081205/bin/../lib/gcc/avr/4.3.2/../../../../avr/lib/avr5\libm.a(fp_mpack.o)
 .data          0x00800292        0x0 c:/winavr-20081205/bin/../lib/gcc/avr/4.3.2/avr5\libgcc.a(_mulsi3.o)
 .data          0x00800292        0x0 c:/winavr-20081205/bin/../lib/gcc/avr/4.3.2/avr5\libgcc.a(_udivmodhi4.o)
 .data          0x00800292        0x0 c:/winavr-20081205/bin/../lib/gcc/avr/4.3.2/avr5\libgcc.a(_divmodhi4.o)
 .data          0x00800292        0x0 c:/winavr-20081205/bin/../lib/gcc/avr/4.3.2/avr5\libgcc.a(_udivmodsi4.o)
 .data          0x00800292        0x0 c:/winavr-20081205/bin/../lib/gcc/avr/4.3.2/avr5\libgcc.a(_divmodsi4.o)
 .data          0x00800292        0x0 c:/winavr-20081205/bin/../lib/gcc/avr/4.3.2/avr5\libgcc.a(_exit.o)
 .data          0x00800292        0x0 c:/winavr-20081205/bin/../lib/gcc/avr/4.3.2/avr5\libgcc.a(_copy_data.o)
 .data          0x00800292        0x0 c:/winavr-20081205/bin/../lib/gcc/avr/4.3.2/avr5\libgcc.a(_clear_bss.o)
 *(.data*)
 *(.rodata)
 *(.rodata*)
 *(.gnu.linkonce.d*)
                0x00800292                . = ALIGN (0x2)
                0x00800292                _edata = .
                0x00800292                PROVIDE (__data_end, .)

.bss            0x00800292      0x2eb
                0x00800292                PROVIDE (__bss_start, .)
 *(.bss)
 .bss           0x00800292        0x0 c:/winavr-20081205/bin/../lib/gcc/avr/4.3.2/../../../../avr/lib/avr5/crtm640.o
 .bss           0x00800292        0x0 a2d.o
 .bss           0x00800292        0x0 buffer.o
 .bss           0x00800292      0x248 uart4.o
 .bss           0x008004da       0x34 timer640.o
 .bss           0x0080050e        0x2 rprintf.o
 .bss           0x00800510        0x0 Axon.o
 .bss           0x00800510        0x0 c:/winavr-20081205/bin/../lib/gcc/avr/4.3.2/../../../../avr/lib/avr5\libm.a(addsf3.o)
 .bss           0x00800510        0x0 c:/winavr-20081205/bin/../lib/gcc/avr/4.3.2/../../../../avr/lib/avr5\libm.a(addsf3x.o)
 .bss           0x00800510        0x0 c:/winavr-20081205/bin/../lib/gcc/avr/4.3.2/../../../../avr/lib/avr5\libm.a(cmpsf2.o)
 .bss           0x00800510        0x0 c:/winavr-20081205/bin/../lib/gcc/avr/4.3.2/../../../../avr/lib/avr5\libm.a(divsf3.o)
 .bss           0x00800510        0x0 c:/winavr-20081205/bin/../lib/gcc/avr/4.3.2/../../../../avr/lib/avr5\libm.a(divsf3x.o)
 .bss           0x00800510        0x0 c:/winavr-20081205/bin/../lib/gcc/avr/4.3.2/../../../../avr/lib/avr5\libm.a(fixsfsi.o)
 .bss           0x00800510        0x0 c:/winavr-20081205/bin/../lib/gcc/avr/4.3.2/../../../../avr/lib/avr5\libm.a(fixunssfsi.o)
 .bss           0x00800510        0x0 c:/winavr-20081205/bin/../lib/gcc/avr/4.3.2/../../../../avr/lib/avr5\libm.a(floatsisf.o)
 .bss           0x00800510        0x0 c:/winavr-20081205/bin/../lib/gcc/avr/4.3.2/../../../../avr/lib/avr5\libm.a(fp_cmp.o)
 .bss           0x00800510        0x0 c:/winavr-20081205/bin/../lib/gcc/avr/4.3.2/../../../../avr/lib/avr5\libm.a(fp_inf.o)
 .bss           0x00800510        0x0 c:/winavr-20081205/bin/../lib/gcc/avr/4.3.2/../../../../avr/lib/avr5\libm.a(fp_nan.o)
 .bss           0x00800510        0x0 c:/winavr-20081205/bin/../lib/gcc/avr/4.3.2/../../../../avr/lib/avr5\libm.a(fp_pscA.o)
 .bss           0x00800510        0x0 c:/winavr-20081205/bin/../lib/gcc/avr/4.3.2/../../../../avr/lib/avr5\libm.a(fp_pscB.o)
 .bss           0x00800510        0x0 c:/winavr-20081205/bin/../lib/gcc/avr/4.3.2/../../../../avr/lib/avr5\libm.a(fp_round.o)
 .bss           0x00800510        0x0 c:/winavr-20081205/bin/../lib/gcc/avr/4.3.2/../../../../avr/lib/avr5\libm.a(fp_split3.o)
 .bss           0x00800510        0x0 c:/winavr-20081205/bin/../lib/gcc/avr/4.3.2/../../../../avr/lib/avr5\libm.a(fp_zero.o)
 .bss           0x00800510        0x0 c:/winavr-20081205/bin/../lib/gcc/avr/4.3.2/../../../../avr/lib/avr5\libm.a(gesf2.o)
 .bss           0x00800510        0x0 c:/winavr-20081205/bin/../lib/gcc/avr/4.3.2/../../../../avr/lib/avr5\libm.a(mulsf3.o)
 .bss           0x00800510        0x0 c:/winavr-20081205/bin/../lib/gcc/avr/4.3.2/../../../../avr/lib/avr5\libm.a(mulsf3x.o)
 .bss           0x00800510        0x0 c:/winavr-20081205/bin/../lib/gcc/avr/4.3.2/../../../../avr/lib/avr5\libm.a(pow.o)
 .bss           0x00800510        0x0 c:/winavr-20081205/bin/../lib/gcc/avr/4.3.2/../../../../avr/lib/avr5\libm.a(exp.o)
 .bss           0x00800510        0x0 c:/winavr-20081205/bin/../lib/gcc/avr/4.3.2/../../../../avr/lib/avr5\libm.a(fp_powser.o)
 .bss           0x00800510        0x0 c:/winavr-20081205/bin/../lib/gcc/avr/4.3.2/../../../../avr/lib/avr5\libm.a(inverse.o)
 .bss           0x00800510        0x0 c:/winavr-20081205/bin/../lib/gcc/avr/4.3.2/../../../../avr/lib/avr5\libm.a(ldexp.o)
 .bss           0x00800510        0x0 c:/winavr-20081205/bin/../lib/gcc/avr/4.3.2/../../../../avr/lib/avr5\libm.a(log.o)
 .bss           0x00800510        0x0 c:/winavr-20081205/bin/../lib/gcc/avr/4.3.2/../../../../avr/lib/avr5\libm.a(modf.o)
 .bss           0x00800510        0x0 c:/winavr-20081205/bin/../lib/gcc/avr/4.3.2/../../../../avr/lib/avr5\libm.a(fp_mpack.o)
 .bss           0x00800510        0x0 c:/winavr-20081205/bin/../lib/gcc/avr/4.3.2/avr5\libgcc.a(_mulsi3.o)
 .bss           0x00800510        0x0 c:/winavr-20081205/bin/../lib/gcc/avr/4.3.2/avr5\libgcc.a(_udivmodhi4.o)
 .bss           0x00800510        0x0 c:/winavr-20081205/bin/../lib/gcc/avr/4.3.2/avr5\libgcc.a(_divmodhi4.o)
 .bss           0x00800510        0x0 c:/winavr-20081205/bin/../lib/gcc/avr/4.3.2/avr5\libgcc.a(_udivmodsi4.o)
 .bss           0x00800510        0x0 c:/winavr-20081205/bin/../lib/gcc/avr/4.3.2/avr5\libgcc.a(_divmodsi4.o)
 .bss           0x00800510        0x0 c:/winavr-20081205/bin/../lib/gcc/avr/4.3.2/avr5\libgcc.a(_exit.o)
 .bss           0x00800510        0x0 c:/winavr-20081205/bin/../lib/gcc/avr/4.3.2/avr5\libgcc.a(_copy_data.o)
 .bss           0x00800510        0x0 c:/winavr-20081205/bin/../lib/gcc/avr/4.3.2/avr5\libgcc.a(_clear_bss.o)
 *(.bss*)
 *(COMMON)
 COMMON         0x00800510        0x1 a2d.o
                0x00800510                a2dCompleteFlag
 COMMON         0x00800511       0x50 uart4.o
                0x00800511                uartReadyTx
                0x00800515                uartRxBuffer
                0x00800535                uartBufferedTx
                0x00800539                uartTxBuffer
                0x00800559                uartRxOverflow
 COMMON         0x00800561       0x1c timer640.o
                0x00800561                timer4_ovrflow_cnt
                0x00800565                timer1_ovrflow_cnt
                0x00800569                timer0_ovrflow_cnt
                0x0080056d                timer2_ovrflow_cnt
                0x00800571                timer_sleep_cnt
                0x00800575                timer3_ovrflow_cnt
                0x00800579                timer5_ovrflow_cnt
                0x0080057d                PROVIDE (__bss_end, .)
                0x0000542e                __data_load_start = LOADADDR (.data)
                0x000054c0                __data_load_end = (__data_load_start + SIZEOF (.data))

.noinit         0x0080057d        0x0
                0x0080057d                PROVIDE (__noinit_start, .)
 *(.noinit*)
                0x0080057d                PROVIDE (__noinit_end, .)
                0x0080057d                _end = .
                0x0080057d                PROVIDE (__heap_start, .)

.eeprom         0x00810000        0x0
 *(.eeprom*)
                0x00810000                __eeprom_end = .

.fuse
 *(.fuse)
 *(.lfuse)
 *(.hfuse)
 *(.efuse)

.lock
 *(.lock*)

.signature
 *(.signature*)

.stab           0x00000000     0x5b5c
 *(.stab)
 .stab          0x00000000      0x6d8 a2d.o
 .stab          0x000006d8      0x60c buffer.o
                                0x8c4 (size before relaxing)
 .stab          0x00000ce4     0x10f8 uart4.o
                               0x13d4 (size before relaxing)
 .stab          0x00001ddc     0x120c timer640.o
                               0x14c4 (size before relaxing)
 .stab          0x00002fe8      0xabc rprintf.o
                                0xe10 (size before relaxing)
 .stab          0x00003aa4     0x20b8 Axon.o
                               0x24d8 (size before relaxing)

.stabstr        0x00000000     0x2ede
 *(.stabstr)
 .stabstr       0x00000000     0x2ede a2d.o

.stab.excl
 *(.stab.excl)

.stab.exclstr
 *(.stab.exclstr)

.stab.index
 *(.stab.index)

.stab.indexstr
 *(.stab.indexstr)

.comment
 *(.comment)

.debug
 *(.debug)

.line
 *(.line)

.debug_srcinfo
 *(.debug_srcinfo)

.debug_sfnames
 *(.debug_sfnames)

.debug_aranges
 *(.debug_aranges)

.debug_pubnames
 *(.debug_pubnames)

.debug_info
 *(.debug_info)
 *(.gnu.linkonce.wi.*)

.debug_abbrev
 *(.debug_abbrev)

.debug_line
 *(.debug_line)

.debug_frame
 *(.debug_frame)

.debug_str
 *(.debug_str)

.debug_loc
 *(.debug_loc)

.debug_macinfo
 *(.debug_macinfo)
OUTPUT(Axon.elf elf32-avr)
LOAD linker stubs

Cross Reference Table

Symbol                                            File
LED_off                                           Axon.o
LED_on                                            Axon.o
PWM_Init_timer1_LED                               Axon.o
PWM_Init_timer2_H6                                Axon.o
PWM_Init_timer3_E3                                Axon.o
PWM_Init_timer3_E4                                Axon.o
PWM_Init_timer3_E5                                Axon.o
PWM_Init_timer4_H3                                Axon.o
PWM_Init_timer4_H4                                Axon.o
PWM_Init_timer4_H5                                Axon.o
PWM_timer1_Off_All                                Axon.o
PWM_timer1_Off_LED                                Axon.o
PWM_timer1_On_LED                                 Axon.o
PWM_timer1_Set_LED                                Axon.o
PWM_timer2_Off_All                                Axon.o
PWM_timer2_Off_H6                                 Axon.o
PWM_timer2_On_H6                                  Axon.o
PWM_timer2_Set_H6                                 Axon.o
PWM_timer3_Off_All                                Axon.o
PWM_timer3_Off_E3                                 Axon.o
PWM_timer3_Off_E4                                 Axon.o
PWM_timer3_Off_E5                                 Axon.o
PWM_timer3_On_E3                                  Axon.o
PWM_timer3_On_E4                                  Axon.o
PWM_timer3_On_E5                                  Axon.o
PWM_timer3_Set_E3                                 Axon.o
PWM_timer3_Set_E4                                 Axon.o
PWM_timer3_Set_E5                                 Axon.o
PWM_timer4_Off_All                                Axon.o
PWM_timer4_Off_H3                                 Axon.o
PWM_timer4_Off_H4                                 Axon.o
PWM_timer4_Off_H5                                 Axon.o
PWM_timer4_On_H3                                  Axon.o
PWM_timer4_On_H4                                  Axon.o
PWM_timer4_On_H5                                  Axon.o
PWM_timer4_Set_H3                                 Axon.o
PWM_timer4_Set_H4                                 Axon.o
PWM_timer4_Set_H5                                 Axon.o
Timer2PrescaleFactor                              timer640.o
TimerPrescaleFactor                               timer640.o
__addsf3                                          c:/winavr-20081205/bin/../lib/gcc/avr/4.3.2/../../../../avr/lib/avr5\libm.a(addsf3.o)
                                                  c:/winavr-20081205/bin/../lib/gcc/avr/4.3.2/../../../../avr/lib/avr5\libm.a(log.o)
                                                  Axon.o
__addsf3x                                         c:/winavr-20081205/bin/../lib/gcc/avr/4.3.2/../../../../avr/lib/avr5\libm.a(addsf3x.o)
                                                  c:/winavr-20081205/bin/../lib/gcc/avr/4.3.2/../../../../avr/lib/avr5\libm.a(log.o)
                                                  c:/winavr-20081205/bin/../lib/gcc/avr/4.3.2/../../../../avr/lib/avr5\libm.a(fp_powser.o)
                                                  c:/winavr-20081205/bin/../lib/gcc/avr/4.3.2/../../../../avr/lib/avr5\libm.a(addsf3.o)
__bad_interrupt                                   c:/winavr-20081205/bin/../lib/gcc/avr/4.3.2/../../../../avr/lib/avr5/crtm640.o
__bss_end                                         c:/winavr-20081205/bin/../lib/gcc/avr/4.3.2/avr5\libgcc.a(_clear_bss.o)
__bss_start                                       c:/winavr-20081205/bin/../lib/gcc/avr/4.3.2/avr5\libgcc.a(_clear_bss.o)
__cmpsf2                                          c:/winavr-20081205/bin/../lib/gcc/avr/4.3.2/../../../../avr/lib/avr5\libm.a(cmpsf2.o)
__data_end                                        c:/winavr-20081205/bin/../lib/gcc/avr/4.3.2/avr5\libgcc.a(_copy_data.o)
__data_load_start                                 c:/winavr-20081205/bin/../lib/gcc/avr/4.3.2/avr5\libgcc.a(_copy_data.o)
__data_start                                      c:/winavr-20081205/bin/../lib/gcc/avr/4.3.2/avr5\libgcc.a(_copy_data.o)
__divmodhi4                                       c:/winavr-20081205/bin/../lib/gcc/avr/4.3.2/avr5\libgcc.a(_divmodhi4.o)
                                                  Axon.o
__divmodsi4                                       c:/winavr-20081205/bin/../lib/gcc/avr/4.3.2/avr5\libgcc.a(_divmodsi4.o)
                                                  Axon.o
                                                  timer640.o
__divsf3                                          c:/winavr-20081205/bin/../lib/gcc/avr/4.3.2/../../../../avr/lib/avr5\libm.a(divsf3.o)
                                                  c:/winavr-20081205/bin/../lib/gcc/avr/4.3.2/../../../../avr/lib/avr5\libm.a(inverse.o)
                                                  rprintf.o
__divsf3_pse                                      c:/winavr-20081205/bin/../lib/gcc/avr/4.3.2/../../../../avr/lib/avr5\libm.a(divsf3x.o)
__divsf3x                                         c:/winavr-20081205/bin/../lib/gcc/avr/4.3.2/../../../../avr/lib/avr5\libm.a(divsf3x.o)
                                                  c:/winavr-20081205/bin/../lib/gcc/avr/4.3.2/../../../../avr/lib/avr5\libm.a(divsf3.o)
__do_clear_bss                                    c:/winavr-20081205/bin/../lib/gcc/avr/4.3.2/avr5\libgcc.a(_clear_bss.o)
                                                  Axon.o
                                                  rprintf.o
                                                  timer640.o
                                                  uart4.o
                                                  buffer.o
                                                  a2d.o
__do_copy_data                                    c:/winavr-20081205/bin/../lib/gcc/avr/4.3.2/avr5\libgcc.a(_copy_data.o)
                                                  Axon.o
                                                  rprintf.o
                                                  timer640.o
                                                  uart4.o
                                                  buffer.o
                                                  a2d.o
__eqsf2                                           c:/winavr-20081205/bin/../lib/gcc/avr/4.3.2/../../../../avr/lib/avr5\libm.a(cmpsf2.o)
                                                  rprintf.o
__fixsfsi                                         c:/winavr-20081205/bin/../lib/gcc/avr/4.3.2/../../../../avr/lib/avr5\libm.a(fixsfsi.o)
                                                  Axon.o
__fixunssfsi                                      c:/winavr-20081205/bin/../lib/gcc/avr/4.3.2/../../../../avr/lib/avr5\libm.a(fixunssfsi.o)
                                                  c:/winavr-20081205/bin/../lib/gcc/avr/4.3.2/../../../../avr/lib/avr5\libm.a(fixsfsi.o)
                                                  rprintf.o
                                                  timer640.o
__floatsisf                                       c:/winavr-20081205/bin/../lib/gcc/avr/4.3.2/../../../../avr/lib/avr5\libm.a(floatsisf.o)
                                                  c:/winavr-20081205/bin/../lib/gcc/avr/4.3.2/../../../../avr/lib/avr5\libm.a(log.o)
                                                  Axon.o
                                                  rprintf.o
__floatunsisf                                     c:/winavr-20081205/bin/../lib/gcc/avr/4.3.2/../../../../avr/lib/avr5\libm.a(floatsisf.o)
                                                  Axon.o
                                                  timer640.o
__fp_cmp                                          c:/winavr-20081205/bin/../lib/gcc/avr/4.3.2/../../../../avr/lib/avr5\libm.a(fp_cmp.o)
                                                  c:/winavr-20081205/bin/../lib/gcc/avr/4.3.2/../../../../avr/lib/avr5\libm.a(gesf2.o)
                                                  c:/winavr-20081205/bin/../lib/gcc/avr/4.3.2/../../../../avr/lib/avr5\libm.a(cmpsf2.o)
__fp_inf                                          c:/winavr-20081205/bin/../lib/gcc/avr/4.3.2/../../../../avr/lib/avr5\libm.a(fp_inf.o)
                                                  c:/winavr-20081205/bin/../lib/gcc/avr/4.3.2/../../../../avr/lib/avr5\libm.a(log.o)
                                                  c:/winavr-20081205/bin/../lib/gcc/avr/4.3.2/../../../../avr/lib/avr5\libm.a(ldexp.o)
                                                  c:/winavr-20081205/bin/../lib/gcc/avr/4.3.2/../../../../avr/lib/avr5\libm.a(exp.o)
                                                  c:/winavr-20081205/bin/../lib/gcc/avr/4.3.2/../../../../avr/lib/avr5\libm.a(mulsf3x.o)
                                                  c:/winavr-20081205/bin/../lib/gcc/avr/4.3.2/../../../../avr/lib/avr5\libm.a(divsf3x.o)
                                                  c:/winavr-20081205/bin/../lib/gcc/avr/4.3.2/../../../../avr/lib/avr5\libm.a(addsf3x.o)
__fp_mpack                                        c:/winavr-20081205/bin/../lib/gcc/avr/4.3.2/../../../../avr/lib/avr5\libm.a(fp_mpack.o)
                                                  c:/winavr-20081205/bin/../lib/gcc/avr/4.3.2/../../../../avr/lib/avr5\libm.a(log.o)
                                                  c:/winavr-20081205/bin/../lib/gcc/avr/4.3.2/../../../../avr/lib/avr5\libm.a(ldexp.o)
__fp_nan                                          c:/winavr-20081205/bin/../lib/gcc/avr/4.3.2/../../../../avr/lib/avr5\libm.a(fp_nan.o)
                                                  c:/winavr-20081205/bin/../lib/gcc/avr/4.3.2/../../../../avr/lib/avr5\libm.a(log.o)
                                                  c:/winavr-20081205/bin/../lib/gcc/avr/4.3.2/../../../../avr/lib/avr5\libm.a(exp.o)
                                                  c:/winavr-20081205/bin/../lib/gcc/avr/4.3.2/../../../../avr/lib/avr5\libm.a(pow.o)
                                                  c:/winavr-20081205/bin/../lib/gcc/avr/4.3.2/../../../../avr/lib/avr5\libm.a(mulsf3x.o)
                                                  c:/winavr-20081205/bin/../lib/gcc/avr/4.3.2/../../../../avr/lib/avr5\libm.a(divsf3x.o)
                                                  c:/winavr-20081205/bin/../lib/gcc/avr/4.3.2/../../../../avr/lib/avr5\libm.a(addsf3x.o)
__fp_powser                                       c:/winavr-20081205/bin/../lib/gcc/avr/4.3.2/../../../../avr/lib/avr5\libm.a(fp_powser.o)
                                                  c:/winavr-20081205/bin/../lib/gcc/avr/4.3.2/../../../../avr/lib/avr5\libm.a(log.o)
                                                  c:/winavr-20081205/bin/../lib/gcc/avr/4.3.2/../../../../avr/lib/avr5\libm.a(exp.o)
__fp_pscA                                         c:/winavr-20081205/bin/../lib/gcc/avr/4.3.2/../../../../avr/lib/avr5\libm.a(fp_pscA.o)
                                                  c:/winavr-20081205/bin/../lib/gcc/avr/4.3.2/../../../../avr/lib/avr5\libm.a(mulsf3x.o)
                                                  c:/winavr-20081205/bin/../lib/gcc/avr/4.3.2/../../../../avr/lib/avr5\libm.a(divsf3x.o)
                                                  c:/winavr-20081205/bin/../lib/gcc/avr/4.3.2/../../../../avr/lib/avr5\libm.a(addsf3x.o)
__fp_pscB                                         c:/winavr-20081205/bin/../lib/gcc/avr/4.3.2/../../../../avr/lib/avr5\libm.a(fp_pscB.o)
                                                  c:/winavr-20081205/bin/../lib/gcc/avr/4.3.2/../../../../avr/lib/avr5\libm.a(mulsf3x.o)
                                                  c:/winavr-20081205/bin/../lib/gcc/avr/4.3.2/../../../../avr/lib/avr5\libm.a(divsf3x.o)
                                                  c:/winavr-20081205/bin/../lib/gcc/avr/4.3.2/../../../../avr/lib/avr5\libm.a(addsf3x.o)
__fp_round                                        c:/winavr-20081205/bin/../lib/gcc/avr/4.3.2/../../../../avr/lib/avr5\libm.a(fp_round.o)
                                                  c:/winavr-20081205/bin/../lib/gcc/avr/4.3.2/../../../../avr/lib/avr5\libm.a(log.o)
                                                  c:/winavr-20081205/bin/../lib/gcc/avr/4.3.2/../../../../avr/lib/avr5\libm.a(mulsf3.o)
                                                  c:/winavr-20081205/bin/../lib/gcc/avr/4.3.2/../../../../avr/lib/avr5\libm.a(divsf3.o)
                                                  c:/winavr-20081205/bin/../lib/gcc/avr/4.3.2/../../../../avr/lib/avr5\libm.a(addsf3.o)
__fp_split3                                       c:/winavr-20081205/bin/../lib/gcc/avr/4.3.2/../../../../avr/lib/avr5\libm.a(fp_split3.o)
                                                  c:/winavr-20081205/bin/../lib/gcc/avr/4.3.2/../../../../avr/lib/avr5\libm.a(mulsf3x.o)
                                                  c:/winavr-20081205/bin/../lib/gcc/avr/4.3.2/../../../../avr/lib/avr5\libm.a(divsf3x.o)
                                                  c:/winavr-20081205/bin/../lib/gcc/avr/4.3.2/../../../../avr/lib/avr5\libm.a(addsf3x.o)
__fp_splitA                                       c:/winavr-20081205/bin/../lib/gcc/avr/4.3.2/../../../../avr/lib/avr5\libm.a(fp_split3.o)
                                                  c:/winavr-20081205/bin/../lib/gcc/avr/4.3.2/../../../../avr/lib/avr5\libm.a(log.o)
                                                  c:/winavr-20081205/bin/../lib/gcc/avr/4.3.2/../../../../avr/lib/avr5\libm.a(ldexp.o)
                                                  c:/winavr-20081205/bin/../lib/gcc/avr/4.3.2/../../../../avr/lib/avr5\libm.a(exp.o)
                                                  c:/winavr-20081205/bin/../lib/gcc/avr/4.3.2/../../../../avr/lib/avr5\libm.a(fixunssfsi.o)
__fp_szero                                        c:/winavr-20081205/bin/../lib/gcc/avr/4.3.2/../../../../avr/lib/avr5\libm.a(fp_zero.o)
                                                  c:/winavr-20081205/bin/../lib/gcc/avr/4.3.2/../../../../avr/lib/avr5\libm.a(ldexp.o)
                                                  c:/winavr-20081205/bin/../lib/gcc/avr/4.3.2/../../../../avr/lib/avr5\libm.a(mulsf3x.o)
                                                  c:/winavr-20081205/bin/../lib/gcc/avr/4.3.2/../../../../avr/lib/avr5\libm.a(fixsfsi.o)
                                                  c:/winavr-20081205/bin/../lib/gcc/avr/4.3.2/../../../../avr/lib/avr5\libm.a(divsf3x.o)
__fp_zero                                         c:/winavr-20081205/bin/../lib/gcc/avr/4.3.2/../../../../avr/lib/avr5\libm.a(fp_zero.o)
                                                  c:/winavr-20081205/bin/../lib/gcc/avr/4.3.2/../../../../avr/lib/avr5\libm.a(exp.o)
                                                  c:/winavr-20081205/bin/../lib/gcc/avr/4.3.2/../../../../avr/lib/avr5\libm.a(fixunssfsi.o)
                                                  c:/winavr-20081205/bin/../lib/gcc/avr/4.3.2/../../../../avr/lib/avr5\libm.a(addsf3x.o)
__gesf2                                           c:/winavr-20081205/bin/../lib/gcc/avr/4.3.2/../../../../avr/lib/avr5\libm.a(gesf2.o)
__gtsf2                                           c:/winavr-20081205/bin/../lib/gcc/avr/4.3.2/../../../../avr/lib/avr5\libm.a(gesf2.o)
                                                  rprintf.o
                                                  timer640.o
__heap_end                                        c:/winavr-20081205/bin/../lib/gcc/avr/4.3.2/../../../../avr/lib/avr5/crtm640.o
__init                                            c:/winavr-20081205/bin/../lib/gcc/avr/4.3.2/../../../../avr/lib/avr5/crtm640.o
__lesf2                                           c:/winavr-20081205/bin/../lib/gcc/avr/4.3.2/../../../../avr/lib/avr5\libm.a(cmpsf2.o)
__ltsf2                                           c:/winavr-20081205/bin/../lib/gcc/avr/4.3.2/../../../../avr/lib/avr5\libm.a(cmpsf2.o)
                                                  rprintf.o
                                                  timer640.o
__mulsf3                                          c:/winavr-20081205/bin/../lib/gcc/avr/4.3.2/../../../../avr/lib/avr5\libm.a(mulsf3.o)
                                                  c:/winavr-20081205/bin/../lib/gcc/avr/4.3.2/../../../../avr/lib/avr5\libm.a(pow.o)
                                                  Axon.o
                                                  rprintf.o
                                                  timer640.o
__mulsf3_pse                                      c:/winavr-20081205/bin/../lib/gcc/avr/4.3.2/../../../../avr/lib/avr5\libm.a(mulsf3x.o)
                                                  c:/winavr-20081205/bin/../lib/gcc/avr/4.3.2/../../../../avr/lib/avr5\libm.a(exp.o)
__mulsf3x                                         c:/winavr-20081205/bin/../lib/gcc/avr/4.3.2/../../../../avr/lib/avr5\libm.a(mulsf3x.o)
                                                  c:/winavr-20081205/bin/../lib/gcc/avr/4.3.2/../../../../avr/lib/avr5\libm.a(log.o)
                                                  c:/winavr-20081205/bin/../lib/gcc/avr/4.3.2/../../../../avr/lib/avr5\libm.a(fp_powser.o)
                                                  c:/winavr-20081205/bin/../lib/gcc/avr/4.3.2/../../../../avr/lib/avr5\libm.a(mulsf3.o)
__mulsi3                                          c:/winavr-20081205/bin/../lib/gcc/avr/4.3.2/avr5\libgcc.a(_mulsi3.o)
                                                  Axon.o
__nesf2                                           c:/winavr-20081205/bin/../lib/gcc/avr/4.3.2/../../../../avr/lib/avr5\libm.a(cmpsf2.o)
__stack                                           c:/winavr-20081205/bin/../lib/gcc/avr/4.3.2/../../../../avr/lib/avr5/crtm640.o
__subsf3                                          c:/winavr-20081205/bin/../lib/gcc/avr/4.3.2/../../../../avr/lib/avr5\libm.a(addsf3.o)
                                                  c:/winavr-20081205/bin/../lib/gcc/avr/4.3.2/../../../../avr/lib/avr5\libm.a(modf.o)
                                                  Axon.o
                                                  rprintf.o
__udivmodhi4                                      c:/winavr-20081205/bin/../lib/gcc/avr/4.3.2/avr5\libgcc.a(_udivmodhi4.o)
                                                  c:/winavr-20081205/bin/../lib/gcc/avr/4.3.2/avr5\libgcc.a(_divmodhi4.o)
                                                  rprintf.o
                                                  buffer.o
__udivmodsi4                                      c:/winavr-20081205/bin/../lib/gcc/avr/4.3.2/avr5\libgcc.a(_udivmodsi4.o)
                                                  c:/winavr-20081205/bin/../lib/gcc/avr/4.3.2/avr5\libgcc.a(_divmodsi4.o)
                                                  rprintf.o
                                                  uart4.o
__vector_1                                        c:/winavr-20081205/bin/../lib/gcc/avr/4.3.2/../../../../avr/lib/avr5/crtm640.o
__vector_10                                       c:/winavr-20081205/bin/../lib/gcc/avr/4.3.2/../../../../avr/lib/avr5/crtm640.o
__vector_11                                       c:/winavr-20081205/bin/../lib/gcc/avr/4.3.2/../../../../avr/lib/avr5/crtm640.o
__vector_12                                       c:/winavr-20081205/bin/../lib/gcc/avr/4.3.2/../../../../avr/lib/avr5/crtm640.o
__vector_13                                       timer640.o
                                                  c:/winavr-20081205/bin/../lib/gcc/avr/4.3.2/../../../../avr/lib/avr5/crtm640.o
__vector_14                                       timer640.o
                                                  c:/winavr-20081205/bin/../lib/gcc/avr/4.3.2/../../../../avr/lib/avr5/crtm640.o
__vector_15                                       timer640.o
                                                  c:/winavr-20081205/bin/../lib/gcc/avr/4.3.2/../../../../avr/lib/avr5/crtm640.o
__vector_16                                       timer640.o
                                                  c:/winavr-20081205/bin/../lib/gcc/avr/4.3.2/../../../../avr/lib/avr5/crtm640.o
__vector_17                                       timer640.o
                                                  c:/winavr-20081205/bin/../lib/gcc/avr/4.3.2/../../../../avr/lib/avr5/crtm640.o
__vector_18                                       timer640.o
                                                  c:/winavr-20081205/bin/../lib/gcc/avr/4.3.2/../../../../avr/lib/avr5/crtm640.o
__vector_19                                       timer640.o
                                                  c:/winavr-20081205/bin/../lib/gcc/avr/4.3.2/../../../../avr/lib/avr5/crtm640.o
__vector_2                                        c:/winavr-20081205/bin/../lib/gcc/avr/4.3.2/../../../../avr/lib/avr5/crtm640.o
__vector_20                                       timer640.o
                                                  c:/winavr-20081205/bin/../lib/gcc/avr/4.3.2/../../../../avr/lib/avr5/crtm640.o
__vector_21                                       timer640.o
                                                  c:/winavr-20081205/bin/../lib/gcc/avr/4.3.2/../../../../avr/lib/avr5/crtm640.o
__vector_22                                       timer640.o
                                                  c:/winavr-20081205/bin/../lib/gcc/avr/4.3.2/../../../../avr/lib/avr5/crtm640.o
__vector_23                                       timer640.o
                                                  c:/winavr-20081205/bin/../lib/gcc/avr/4.3.2/../../../../avr/lib/avr5/crtm640.o
__vector_24                                       c:/winavr-20081205/bin/../lib/gcc/avr/4.3.2/../../../../avr/lib/avr5/crtm640.o
__vector_25                                       uart4.o
                                                  c:/winavr-20081205/bin/../lib/gcc/avr/4.3.2/../../../../avr/lib/avr5/crtm640.o
__vector_26                                       c:/winavr-20081205/bin/../lib/gcc/avr/4.3.2/../../../../avr/lib/avr5/crtm640.o
__vector_27                                       uart4.o
                                                  c:/winavr-20081205/bin/../lib/gcc/avr/4.3.2/../../../../avr/lib/avr5/crtm640.o
__vector_28                                       c:/winavr-20081205/bin/../lib/gcc/avr/4.3.2/../../../../avr/lib/avr5/crtm640.o
__vector_29                                       a2d.o
                                                  c:/winavr-20081205/bin/../lib/gcc/avr/4.3.2/../../../../avr/lib/avr5/crtm640.o
__vector_3                                        c:/winavr-20081205/bin/../lib/gcc/avr/4.3.2/../../../../avr/lib/avr5/crtm640.o
__vector_30                                       c:/winavr-20081205/bin/../lib/gcc/avr/4.3.2/../../../../avr/lib/avr5/crtm640.o
__vector_31                                       timer640.o
                                                  c:/winavr-20081205/bin/../lib/gcc/avr/4.3.2/../../../../avr/lib/avr5/crtm640.o
__vector_32                                       timer640.o
                                                  c:/winavr-20081205/bin/../lib/gcc/avr/4.3.2/../../../../avr/lib/avr5/crtm640.o
__vector_33                                       timer640.o
                                                  c:/winavr-20081205/bin/../lib/gcc/avr/4.3.2/../../../../avr/lib/avr5/crtm640.o
__vector_34                                       timer640.o
                                                  c:/winavr-20081205/bin/../lib/gcc/avr/4.3.2/../../../../avr/lib/avr5/crtm640.o
__vector_35                                       timer640.o
                                                  c:/winavr-20081205/bin/../lib/gcc/avr/4.3.2/../../../../avr/lib/avr5/crtm640.o
__vector_36                                       uart4.o
                                                  c:/winavr-20081205/bin/../lib/gcc/avr/4.3.2/../../../../avr/lib/avr5/crtm640.o
__vector_37                                       c:/winavr-20081205/bin/../lib/gcc/avr/4.3.2/../../../../avr/lib/avr5/crtm640.o
__vector_38                                       uart4.o
                                                  c:/winavr-20081205/bin/../lib/gcc/avr/4.3.2/../../../../avr/lib/avr5/crtm640.o
__vector_39                                       c:/winavr-20081205/bin/../lib/gcc/avr/4.3.2/../../../../avr/lib/avr5/crtm640.o
__vector_4                                        c:/winavr-20081205/bin/../lib/gcc/avr/4.3.2/../../../../avr/lib/avr5/crtm640.o
__vector_40                                       c:/winavr-20081205/bin/../lib/gcc/avr/4.3.2/../../../../avr/lib/avr5/crtm640.o
__vector_41                                       timer640.o
                                                  c:/winavr-20081205/bin/../lib/gcc/avr/4.3.2/../../../../avr/lib/avr5/crtm640.o
__vector_42                                       timer640.o
                                                  c:/winavr-20081205/bin/../lib/gcc/avr/4.3.2/../../../../avr/lib/avr5/crtm640.o
__vector_43                                       timer640.o
                                                  c:/winavr-20081205/bin/../lib/gcc/avr/4.3.2/../../../../avr/lib/avr5/crtm640.o
__vector_44                                       timer640.o
                                                  c:/winavr-20081205/bin/../lib/gcc/avr/4.3.2/../../../../avr/lib/avr5/crtm640.o
__vector_45                                       timer640.o
                                                  c:/winavr-20081205/bin/../lib/gcc/avr/4.3.2/../../../../avr/lib/avr5/crtm640.o
__vector_46                                       timer640.o
                                                  c:/winavr-20081205/bin/../lib/gcc/avr/4.3.2/../../../../avr/lib/avr5/crtm640.o
__vector_47                                       timer640.o
                                                  c:/winavr-20081205/bin/../lib/gcc/avr/4.3.2/../../../../avr/lib/avr5/crtm640.o
__vector_48                                       timer640.o
                                                  c:/winavr-20081205/bin/../lib/gcc/avr/4.3.2/../../../../avr/lib/avr5/crtm640.o
__vector_49                                       timer640.o
                                                  c:/winavr-20081205/bin/../lib/gcc/avr/4.3.2/../../../../avr/lib/avr5/crtm640.o
__vector_5                                        c:/winavr-20081205/bin/../lib/gcc/avr/4.3.2/../../../../avr/lib/avr5/crtm640.o
__vector_50                                       timer640.o
                                                  c:/winavr-20081205/bin/../lib/gcc/avr/4.3.2/../../../../avr/lib/avr5/crtm640.o
__vector_51                                       uart4.o
                                                  c:/winavr-20081205/bin/../lib/gcc/avr/4.3.2/../../../../avr/lib/avr5/crtm640.o
__vector_52                                       c:/winavr-20081205/bin/../lib/gcc/avr/4.3.2/../../../../avr/lib/avr5/crtm640.o
__vector_53                                       uart4.o
                                                  c:/winavr-20081205/bin/../lib/gcc/avr/4.3.2/../../../../avr/lib/avr5/crtm640.o
__vector_54                                       uart4.o
                                                  c:/winavr-20081205/bin/../lib/gcc/avr/4.3.2/../../../../avr/lib/avr5/crtm640.o
__vector_55                                       c:/winavr-20081205/bin/../lib/gcc/avr/4.3.2/../../../../avr/lib/avr5/crtm640.o
__vector_56                                       uart4.o
                                                  c:/winavr-20081205/bin/../lib/gcc/avr/4.3.2/../../../../avr/lib/avr5/crtm640.o
__vector_6                                        c:/winavr-20081205/bin/../lib/gcc/avr/4.3.2/../../../../avr/lib/avr5/crtm640.o
__vector_7                                        c:/winavr-20081205/bin/../lib/gcc/avr/4.3.2/../../../../avr/lib/avr5/crtm640.o
__vector_8                                        c:/winavr-20081205/bin/../lib/gcc/avr/4.3.2/../../../../avr/lib/avr5/crtm640.o
__vector_9                                        c:/winavr-20081205/bin/../lib/gcc/avr/4.3.2/../../../../avr/lib/avr5/crtm640.o
__vector_default                                  timer640.o
                                                  c:/winavr-20081205/bin/../lib/gcc/avr/4.3.2/../../../../avr/lib/avr5/crtm640.o
__vectors                                         c:/winavr-20081205/bin/../lib/gcc/avr/4.3.2/../../../../avr/lib/avr5/crtm640.o
_delay_loop_2                                     timer640.o
_div                                              c:/winavr-20081205/bin/../lib/gcc/avr/4.3.2/avr5\libgcc.a(_divmodhi4.o)
_exit                                             c:/winavr-20081205/bin/../lib/gcc/avr/4.3.2/avr5\libgcc.a(_exit.o)
a2dCompleteFlag                                   a2d.o
a2dConvert10bit                                   a2d.o
a2dConvert8bit                                    a2d.o
                                                  Axon.o
a2dInit                                           a2d.o
                                                  Axon.o
a2dIsComplete                                     a2d.o
a2dOff                                            a2d.o
a2dSetChannel                                     a2d.o
a2dSetPrescaler                                   a2d.o
                                                  Axon.o
a2dSetReference                                   a2d.o
                                                  Axon.o
a2dStartConvert                                   a2d.o
accelerometer_ACCM3D                              Axon.o
accelerometer_SEN00741                            Axon.o
angtable                                          Axon.o
axon_DAQ                                          Axon.o
axon_DAQ_fast                                     Axon.o
bufferAddToEnd                                    buffer.o
                                                  uart4.o
bufferDumpFromFront                               buffer.o
bufferFlush                                       buffer.o
                                                  uart4.o
bufferGetAtIndex                                  buffer.o
bufferGetFromFront                                buffer.o
                                                  uart4.o
bufferInit                                        buffer.o
                                                  uart4.o
bufferIsNotFull                                   buffer.o
button_pressed                                    Axon.o
configure_ports                                   Axon.o
control                                           Axon.o
cos_SoR                                           Axon.o
currentAC20_phidget                               Axon.o
currentAC50_phidget                               Axon.o
currentDC20_phidget                               Axon.o
currentDC50_phidget                               Axon.o
delay_cycles                                      Axon.o
delay_us                                          timer640.o
                                                  Axon.o
exit                                              c:/winavr-20081205/bin/../lib/gcc/avr/4.3.2/avr5\libgcc.a(_exit.o)
                                                  c:/winavr-20081205/bin/../lib/gcc/avr/4.3.2/../../../../avr/lib/avr5/crtm640.o
exp                                               c:/winavr-20081205/bin/../lib/gcc/avr/4.3.2/../../../../avr/lib/avr5\libm.a(exp.o)
                                                  c:/winavr-20081205/bin/../lib/gcc/avr/4.3.2/../../../../avr/lib/avr5\libm.a(pow.o)
get_timer0_counter                                timer640.o
get_timer0_overflow                               timer640.o
                                                  Axon.o
get_timer0_prescaler                              timer640.o
get_timer1_counter                                timer640.o
get_timer1_overflow                               timer640.o
get_timer1_prescaler                              timer640.o
get_timer2_counter                                timer640.o
                                                  Axon.o
get_timer2_overflow                               timer640.o
get_timer2_prescaler                              timer640.o
get_timer3_counter                                timer640.o
get_timer3_overflow                               timer640.o
get_timer3_prescaler                              timer640.o
get_timer4_counter                                timer640.o
get_timer4_overflow                               timer640.o
get_timer4_prescaler                              timer640.o
get_timer5_counter                                timer640.o
get_timer5_overflow                               timer640.o
get_timer5_prescaler                              timer640.o
gyro_SEN00741                                     Axon.o
humidity_phidget                                  Axon.o
init_timer0                                       timer640.o
                                                  Axon.o
init_timer1                                       timer640.o
                                                  Axon.o
init_timer2                                       timer640.o
                                                  Axon.o
init_timer3                                       timer640.o
                                                  Axon.o
init_timer4                                       timer640.o
                                                  Axon.o
init_timer5                                       timer640.o
                                                  Axon.o
inverse                                           c:/winavr-20081205/bin/../lib/gcc/avr/4.3.2/../../../../avr/lib/avr5\libm.a(inverse.o)
                                                  c:/winavr-20081205/bin/../lib/gcc/avr/4.3.2/../../../../avr/lib/avr5\libm.a(exp.o)
ldexp                                             c:/winavr-20081205/bin/../lib/gcc/avr/4.3.2/../../../../avr/lib/avr5\libm.a(ldexp.o)
                                                  c:/winavr-20081205/bin/../lib/gcc/avr/4.3.2/../../../../avr/lib/avr5\libm.a(exp.o)
log                                               c:/winavr-20081205/bin/../lib/gcc/avr/4.3.2/../../../../avr/lib/avr5\libm.a(log.o)
                                                  c:/winavr-20081205/bin/../lib/gcc/avr/4.3.2/../../../../avr/lib/avr5\libm.a(pow.o)
magnetic_phidget                                  Axon.o
main                                              Axon.o
                                                  c:/winavr-20081205/bin/../lib/gcc/avr/4.3.2/../../../../avr/lib/avr5/crtm640.o
modf                                              c:/winavr-20081205/bin/../lib/gcc/avr/4.3.2/../../../../avr/lib/avr5\libm.a(modf.o)
                                                  c:/winavr-20081205/bin/../lib/gcc/avr/4.3.2/../../../../avr/lib/avr5\libm.a(exp.o)
pow                                               c:/winavr-20081205/bin/../lib/gcc/avr/4.3.2/../../../../avr/lib/avr5\libm.a(pow.o)
                                                  Axon.o
prescaler_hex_to_value                            timer640.o
prescaler_hex_to_value_for_timer2                 timer640.o
pressure_phidget                                  Axon.o
reset_timer0                                      timer640.o
                                                  Axon.o
reset_timer1                                      timer640.o
                                                  Axon.o
reset_timer2                                      timer640.o
                                                  Axon.o
reset_timer3                                      timer640.o
                                                  Axon.o
reset_timer4                                      timer640.o
                                                  Axon.o
reset_timer5                                      timer640.o
                                                  Axon.o
rprintf1RamRom                                    rprintf.o
                                                  Axon.o
                                                  timer640.o
rprintfCRLF                                       rprintf.o
rprintfChar                                       rprintf.o
rprintfFloat                                      rprintf.o
rprintfInit                                       rprintf.o
                                                  Axon.o
rprintfNum                                        rprintf.o
rprintfProgStr                                    rprintf.o
rprintfStr                                        rprintf.o
rprintfStrLen                                     rprintf.o
rprintfu04                                        rprintf.o
rprintfu08                                        rprintf.o
rprintfu16                                        rprintf.o
rprintfu32                                        rprintf.o
sabertooth                                        Axon.o
sharp_IR_interpret_GP2D12                         Axon.o
sharp_IR_interpret_GP2D120                        Axon.o
sharp_IR_interpret_GP2D15                         Axon.o
sharp_IR_interpret_GP2Y0A02YK                     Axon.o
sharp_IR_interpret_GP2Y0A21YK                     Axon.o
sin_SoR                                           Axon.o
sleep                                             timer640.o
sonar_MaxSonar                                    Axon.o
sonar_Ping                                        Axon.o
syren                                             Axon.o
tan_SoR                                           Axon.o
temperature_phidget                               Axon.o
timer0_ovrflow_cnt                                timer640.o
timer1PWMInitICR                                  Axon.o
timer1_ovrflow_cnt                                timer640.o
timer2_ovrflow_cnt                                timer640.o
timer3PWMInitICR                                  Axon.o
timer3_ovrflow_cnt                                timer640.o
timer4PWMInitICR                                  Axon.o
timer4_ovrflow_cnt                                timer640.o
timer5_ovrflow_cnt                                timer640.o
timer_attach                                      timer640.o
timer_detach                                      timer640.o
timer_sleep_cnt                                   timer640.o
uart0AddToTxBuffer                                uart4.o
uart0GetByte                                      uart4.o
uart0Init                                         uart4.o
uart0InitBuffers                                  uart4.o
uart0SendByte                                     uart4.o
uart1AddToTxBuffer                                uart4.o
uart1GetByte                                      uart4.o
                                                  Axon.o
uart1Init                                         uart4.o
uart1InitBuffers                                  uart4.o
uart1SendByte                                     uart4.o
                                                  Axon.o
uart2AddToTxBuffer                                uart4.o
uart2GetByte                                      uart4.o
uart2Init                                         uart4.o
uart2InitBuffers                                  uart4.o
uart2SendByte                                     uart4.o
                                                  Axon.o
uart3AddToTxBuffer                                uart4.o
uart3GetByte                                      uart4.o
uart3Init                                         uart4.o
uart3InitBuffers                                  uart4.o
uart3SendByte                                     uart4.o
uartAddToTxBuffer                                 uart4.o
uartBufferedTx                                    uart4.o
uartFlushReceiveBuffer                            uart4.o
uartGetRxBuffer                                   uart4.o
uartGetTxBuffer                                   uart4.o
uartInit                                          uart4.o
                                                  Axon.o
uartReadyTx                                       uart4.o
uartReceiveBufferIsEmpty                          uart4.o
uartReceiveByte                                   uart4.o
uartReceiveService                                uart4.o
uartRxBuffer                                      uart4.o
uartRxOverflow                                    uart4.o
uartSendBuffer                                    uart4.o
uartSendByte                                      uart4.o
uartSendTxBuffer                                  uart4.o
uartSetBaudRate                                   uart4.o
                                                  Axon.o
uartSetRxHandler                                  uart4.o
uartTransmitService                               uart4.o
uartTxBuffer                                      uart4.o
voltage_phidget                                   Axon.o
